Archive member included to satisfy reference by file (symbol)

c:/program files (x86)/gnu arm embedded toolchain/10 2021.10/bin/../lib/gcc/arm-none-eabi/10.3.1/thumb/v6-m/nofp\libgcc.a(_dvmd_tls.o)
                              CMakeFiles/02_control.dir/C_/Users/kopcapuk/Repositories/pico/pico-sdk/src/rp2_common/pico_divider/divider_hardware.S.obj (__aeabi_idiv0)
c:/program files (x86)/gnu arm embedded toolchain/10 2021.10/bin/../lib/gcc/arm-none-eabi/10.3.1/../../../../arm-none-eabi/lib/thumb/v6-m/nofp\libg.a(lib_a-calloc.o)
                              CMakeFiles/02_control.dir/C_/Users/kopcapuk/Repositories/pico/pico-sdk/src/rp2_common/pico_malloc/malloc.c.obj (calloc)
c:/program files (x86)/gnu arm embedded toolchain/10 2021.10/bin/../lib/gcc/arm-none-eabi/10.3.1/../../../../arm-none-eabi/lib/thumb/v6-m/nofp\libg.a(lib_a-callocr.o)
                              c:/program files (x86)/gnu arm embedded toolchain/10 2021.10/bin/../lib/gcc/arm-none-eabi/10.3.1/../../../../arm-none-eabi/lib/thumb/v6-m/nofp\libg.a(lib_a-calloc.o) (_calloc_r)
c:/program files (x86)/gnu arm embedded toolchain/10 2021.10/bin/../lib/gcc/arm-none-eabi/10.3.1/../../../../arm-none-eabi/lib/thumb/v6-m/nofp\libg.a(lib_a-errno.o)
                              c:/program files (x86)/gnu arm embedded toolchain/10 2021.10/bin/../lib/gcc/arm-none-eabi/10.3.1/../../../../arm-none-eabi/lib/thumb/v6-m/nofp\libg.a(lib_a-callocr.o) (__errno)
c:/program files (x86)/gnu arm embedded toolchain/10 2021.10/bin/../lib/gcc/arm-none-eabi/10.3.1/../../../../arm-none-eabi/lib/thumb/v6-m/nofp\libg.a(lib_a-impure.o)
                              c:/program files (x86)/gnu arm embedded toolchain/10 2021.10/bin/../lib/gcc/arm-none-eabi/10.3.1/../../../../arm-none-eabi/lib/thumb/v6-m/nofp\libg.a(lib_a-calloc.o) (_impure_ptr)
c:/program files (x86)/gnu arm embedded toolchain/10 2021.10/bin/../lib/gcc/arm-none-eabi/10.3.1/../../../../arm-none-eabi/lib/thumb/v6-m/nofp\libg.a(lib_a-init.o)
                              c:/program files (x86)/gnu arm embedded toolchain/10 2021.10/bin/../lib/gcc/arm-none-eabi/10.3.1/../../../../arm-none-eabi/lib/thumb/v6-m/nofp/crt0.o (__libc_init_array)
c:/program files (x86)/gnu arm embedded toolchain/10 2021.10/bin/../lib/gcc/arm-none-eabi/10.3.1/../../../../arm-none-eabi/lib/thumb/v6-m/nofp\libg.a(lib_a-lcltime_r.o)
                              CMakeFiles/02_control.dir/C_/Users/kopcapuk/Repositories/pico/pico-sdk/src/common/pico_util/datetime.c.obj (localtime_r)
c:/program files (x86)/gnu arm embedded toolchain/10 2021.10/bin/../lib/gcc/arm-none-eabi/10.3.1/../../../../arm-none-eabi/lib/thumb/v6-m/nofp\libg.a(lib_a-malloc.o)
                              CMakeFiles/02_control.dir/C_/Users/kopcapuk/Repositories/pico/pico-sdk/src/rp2_common/pico_malloc/malloc.c.obj (malloc)
c:/program files (x86)/gnu arm embedded toolchain/10 2021.10/bin/../lib/gcc/arm-none-eabi/10.3.1/../../../../arm-none-eabi/lib/thumb/v6-m/nofp\libg.a(lib_a-mallocr.o)
                              c:/program files (x86)/gnu arm embedded toolchain/10 2021.10/bin/../lib/gcc/arm-none-eabi/10.3.1/../../../../arm-none-eabi/lib/thumb/v6-m/nofp\libg.a(lib_a-callocr.o) (_malloc_r)
c:/program files (x86)/gnu arm embedded toolchain/10 2021.10/bin/../lib/gcc/arm-none-eabi/10.3.1/../../../../arm-none-eabi/lib/thumb/v6-m/nofp\libg.a(lib_a-memcmp.o)
                              CMakeFiles/02_control.dir/C_/Users/kopcapuk/Repositories/pico/pico-sdk/src/rp2_common/pico_atomic/atomic.c.obj (memcmp)
c:/program files (x86)/gnu arm embedded toolchain/10 2021.10/bin/../lib/gcc/arm-none-eabi/10.3.1/../../../../arm-none-eabi/lib/thumb/v6-m/nofp\libg.a(lib_a-mktime.o)
                              CMakeFiles/02_control.dir/C_/Users/kopcapuk/Repositories/pico/pico-sdk/src/common/pico_util/datetime.c.obj (mktime)
c:/program files (x86)/gnu arm embedded toolchain/10 2021.10/bin/../lib/gcc/arm-none-eabi/10.3.1/../../../../arm-none-eabi/lib/thumb/v6-m/nofp\libg.a(lib_a-mlock.o)
                              c:/program files (x86)/gnu arm embedded toolchain/10 2021.10/bin/../lib/gcc/arm-none-eabi/10.3.1/../../../../arm-none-eabi/lib/thumb/v6-m/nofp\libg.a(lib_a-mallocr.o) (__malloc_lock)
c:/program files (x86)/gnu arm embedded toolchain/10 2021.10/bin/../lib/gcc/arm-none-eabi/10.3.1/../../../../arm-none-eabi/lib/thumb/v6-m/nofp\libg.a(lib_a-month_lengths.o)
                              c:/program files (x86)/gnu arm embedded toolchain/10 2021.10/bin/../lib/gcc/arm-none-eabi/10.3.1/../../../../arm-none-eabi/lib/thumb/v6-m/nofp\libg.a(lib_a-lcltime_r.o) (__month_lengths)
c:/program files (x86)/gnu arm embedded toolchain/10 2021.10/bin/../lib/gcc/arm-none-eabi/10.3.1/../../../../arm-none-eabi/lib/thumb/v6-m/nofp\libg.a(lib_a-realloc.o)
                              CMakeFiles/02_control.dir/C_/Users/kopcapuk/Repositories/pico/pico-sdk/src/rp2_common/pico_malloc/malloc.c.obj (realloc)
[...]
Memory Configuration

Name             Origin             Length             Attributes
FLASH            0x10000000         0x00200000         xr
RAM              0x20000000         0x00040000         xrw
SCRATCH_X        0x20040000         0x00001000         xrw
SCRATCH_Y        0x20041000         0x00001000         xrw
*default*        0x00000000         0xffffffff

Linker script and memory map

LOAD c:/program files (x86)/gnu arm embedded toolchain/10 2021.10/bin/../lib/gcc/arm-none-eabi/10.3.1/thumb/v6-m/nofp/crti.o
LOAD c:/program files (x86)/gnu arm embedded toolchain/10 2021.10/bin/../lib/gcc/arm-none-eabi/10.3.1/thumb/v6-m/nofp/crtbegin.o
LOAD c:/program files (x86)/gnu arm embedded toolchain/10 2021.10/bin/../lib/gcc/arm-none-eabi/10.3.1/../../../../arm-none-eabi/lib/thumb/v6-m/nofp/crt0.o

.flash_begin    0x10000000        0x0
                0x10000000                __flash_binary_start = .

.boot2          0x10000000      0x100
                0x10000000                __boot2_start__ = .
 *(.boot2)
 .boot2         0x10000000      0x100 pico-sdk/src/rp2040/boot_stage2/CMakeFiles/bs2_default_library.dir/bs2_default_padded_checksummed.S.obj
                0x10000100                __boot2_end__ = .
                0x00000001                ASSERT (((__boot2_end__ - __boot2_start__) == 0x100), ERROR: Pico second stage bootloader must be 256 bytes in size)

.text           0x10000100     0xc074
                0x10000100                __logical_binary_start = .
 *(.vectors)
 .vectors       0x10000100       0xd4 CMakeFiles/02_control.dir/C_/Users/kopcapuk/Repositories/pico/pico-sdk/src/rp2_common/pico_crt0/crt0.S.obj
                0x10000100                __VECTOR_TABLE
                0x10000100                __vectors
                0x100001c0                isr_irq13
                0x100001c0                isr_irq27
                0x100001c0                isr_irq31
                0x100001c0                isr_irq12
                0x100001c0                isr_irq5
                0x100001c0                isr_irq11
                0x100001c0                isr_irq3
                0x100001c0                isr_irq23
                0x100001c0                __unhandled_user_irq
                0x100001c0                isr_irq26
                0x100001c0                isr_irq28
                0x100001c0                isr_irq19
                0x100001c0                isr_irq0
                0x100001c0                isr_irq6
                0x100001c0                isr_irq29
                0x100001c0                isr_irq16
                0x100001c0                isr_irq22
                0x100001c0                isr_irq18
                0x100001c0                isr_irq17
                0x100001c0                isr_irq14
                0x100001c0                __vectors_end
                0x100001c0                __default_isrs_start
                0x100001c0                isr_irq2
                0x100001c0                isr_irq10
                0x100001c0                isr_irq8
                0x100001c0                isr_irq24
                0x100001c0                isr_irq1
                0x100001c0                isr_irq7
                0x100001c0                isr_irq21
                0x100001c0                isr_irq20
                0x100001c0                isr_irq15
                0x100001c0                isr_irq25
                0x100001c0                isr_irq4
                0x100001c0                isr_irq30
                0x100001c0                isr_irq9
                0x100001c6                unhandled_user_irq_num_in_r0
                0x100001c8                isr_invalid
                0x100001ca                isr_nmi
                0x100001cc                isr_hardfault
                0x100001ce                isr_svcall
                0x100001d0                isr_pendsv
                0x100001d2                isr_systick
                0x100001d4                __default_isrs_end
 *(.binary_info_header)
 .binary_info_header
                0x100001d4       0x14 CMakeFiles/02_control.dir/C_/Users/kopcapuk/Repositories/pico/pico-sdk/src/rp2_common/pico_crt0/crt0.S.obj
                0x100001e8                __binary_info_header_end = .
 *(.embedded_block)
                0x100001e8                __embedded_block_end = .
 *(.reset)
 .reset         0x100001e8       0x9c CMakeFiles/02_control.dir/C_/Users/kopcapuk/Repositories/pico/pico-sdk/src/rp2_common/pico_crt0/crt0.S.obj
                0x100001e8                _entry_point
 *(.init)
 .init          0x10000284        0x4 c:/program files (x86)/gnu arm embedded toolchain/10 2021.10/bin/../lib/gcc/arm-none-eabi/10.3.1/thumb/v6-m/nofp/crti.o
                0x10000284                _init
 *(EXCLUDE_FILE(*libm.a: *libc.a:*lib_a-mem*.o *libgcc.a:) .text*)
 .text          0x10000288       0x48 c:/program files (x86)/gnu arm embedded toolchain/10 2021.10/bin/../lib/gcc/arm-none-eabi/10.3.1/thumb/v6-m/nofp/crtbegin.o
 .text.version_callback
                0x100002d0       0x1c CMakeFiles/02_control.dir/main.c.obj
                0x100002d0                version_callback
 .text.led_on_callback
                0x100002ec        0xc CMakeFiles/02_control.dir/main.c.obj
                0x100002ec                led_on_callback
 .text.led_off_callback
                0x100002f8        0xc CMakeFiles/02_control.dir/main.c.obj
                0x100002f8                led_off_callback
 .text.led_blink_callback
                0x10000304        0xc CMakeFiles/02_control.dir/main.c.obj
                0x10000304                led_blink_callback
 .text.led_blink_set_period_ms_callback
                0x10000310       0x30 CMakeFiles/02_control.dir/main.c.obj
                0x10000310                led_blink_set_period_ms_callback
 .text.help_callback
                0x10000340       0x38 CMakeFiles/02_control.dir/main.c.obj
                0x10000340                help_callback
 .text.mem_callback
                0x10000378       0x28 CMakeFiles/02_control.dir/main.c.obj
                0x10000378                mem_callback
 .text.wmem_callback
                0x100003a0       0x40 CMakeFiles/02_control.dir/main.c.obj
                0x100003a0                wmem_callback
 .text.startup.main
                0x100003e0       0x24 CMakeFiles/02_control.dir/main.c.obj
                0x100003e0                main
 .text.stdio_task_init
                0x10000404       0x14 CMakeFiles/02_control.dir/stdio-task/stdio-task.c.obj
                0x10000404                stdio_task_init
 .text.stdio_task_handle
                0x10000418       0x60 CMakeFiles/02_control.dir/stdio-task/stdio-task.c.obj
                0x10000418                stdio_task_handle
 .text.protocol_task_init
                0x10000478       0x30 CMakeFiles/02_control.dir/protocol-task/protocol-task.c.obj
                0x10000478                protocol_task_init
 .text.protocol_task_handle
                0x100004a8       0x7c CMakeFiles/02_control.dir/protocol-task/protocol-task.c.obj
                0x100004a8                protocol_task_handle
 .text.led_task_init
                0x10000524       0x30 CMakeFiles/02_control.dir/led-task/led-task.c.obj
                0x10000524                led_task_init
 .text.led_task_handle
                0x10000554       0x78 CMakeFiles/02_control.dir/led-task/led-task.c.obj
                0x10000554                led_task_handle
 .text.led_task_state_set
                0x100005cc        0xc CMakeFiles/02_control.dir/led-task/led-task.c.obj
                0x100005cc                led_task_state_set
 .text.led_task_set_blink_period_ms
                0x100005d8       0x18 CMakeFiles/02_control.dir/led-task/led-task.c.obj
                0x100005d8                led_task_set_blink_period_ms
 .text.mem      0x100005f0       0x14 CMakeFiles/02_control.dir/mem-wmem-task/mem-wmem-task.c.obj
                0x100005f0                mem
 .text.wmem     0x10000604       0x14 CMakeFiles/02_control.dir/mem-wmem-task/mem-wmem-task.c.obj
                0x10000604                wmem
 .text.gpio_init
                0x10000618       0x40 CMakeFiles/02_control.dir/C_/Users/kopcapuk/Repositories/pico/pico-sdk/src/rp2_common/hardware_gpio/gpio.c.obj
                0x10000618                gpio_init
 .text.rp2040_chip_version
                0x10000658        0xc CMakeFiles/02_control.dir/C_/Users/kopcapuk/Repositories/pico/pico-sdk/src/rp2040/pico_platform/platform.c.obj
                0x10000658                rp2040_chip_version
 .text.panic    0x10000664       0x30 CMakeFiles/02_control.dir/C_/Users/kopcapuk/Repositories/pico/pico-sdk/src/rp2_common/pico_platform_panic/panic.c.obj
                0x10000664                panic
 .text.hw_claim_or_assert
                0x10000694       0x44 CMakeFiles/02_control.dir/C_/Users/kopcapuk/Repositories/pico/pico-sdk/src/common/hardware_claim/claim.c.obj
                0x10000694                hw_claim_or_assert
 .text.hw_claim_unused_from_range
                0x100006d8       0x9c CMakeFiles/02_control.dir/C_/Users/kopcapuk/Repositories/pico/pico-sdk/src/common/hardware_claim/claim.c.obj
                0x100006d8                hw_claim_unused_from_range
 .text.next_striped_spin_lock_num
                0x10000774       0x18 CMakeFiles/02_control.dir/C_/Users/kopcapuk/Repositories/pico/pico-sdk/src/rp2_common/hardware_sync/sync.c.obj
                0x10000774                next_striped_spin_lock_num
 .text.spin_lock_claim_unused
                0x1000078c       0x20 CMakeFiles/02_control.dir/C_/Users/kopcapuk/Repositories/pico/pico-sdk/src/rp2_common/hardware_sync/sync.c.obj
                0x1000078c                spin_lock_claim_unused
 .text.spin_locks_reset
                0x100007ac       0x1c CMakeFiles/02_control.dir/C_/Users/kopcapuk/Repositories/pico/pico-sdk/src/rp2_common/hardware_sync_spin_lock/sync_spin_lock.c.obj
                0x100007ac                spin_locks_reset
 .text.runtime_init_per_core_irq_priorities
                0x100007c8       0x24 CMakeFiles/02_control.dir/C_/Users/kopcapuk/Repositories/pico/pico-sdk/src/rp2_common/hardware_irq/irq.c.obj
                0x100007c8                runtime_init_per_core_irq_priorities
 .text.irq_set_enabled
                0x100007ec       0x24 CMakeFiles/02_control.dir/C_/Users/kopcapuk/Repositories/pico/pico-sdk/src/rp2_common/hardware_irq/irq.c.obj
                0x100007ec                irq_set_enabled
 .text.irq_is_enabled
                0x10000810       0x18 CMakeFiles/02_control.dir/C_/Users/kopcapuk/Repositories/pico/pico-sdk/src/rp2_common/hardware_irq/irq.c.obj
                0x10000810                irq_is_enabled
 .text.irq_set_pending
                0x10000828       0x10 CMakeFiles/02_control.dir/C_/Users/kopcapuk/Repositories/pico/pico-sdk/src/rp2_common/hardware_irq/irq.c.obj
                0x10000828                irq_set_pending
 .text.irq_has_shared_handler
                0x10000838       0x24 CMakeFiles/02_control.dir/C_/Users/kopcapuk/Repositories/pico/pico-sdk/src/rp2_common/hardware_irq/irq.c.obj
                0x10000838                irq_has_shared_handler
 .text.irq_set_exclusive_handler
                0x1000085c       0x54 CMakeFiles/02_control.dir/C_/Users/kopcapuk/Repositories/pico/pico-sdk/src/rp2_common/hardware_irq/irq.c.obj
                0x1000085c                irq_set_exclusive_handler
 .text.irq_add_shared_handler
                0x100008b0      0x1e8 CMakeFiles/02_control.dir/C_/Users/kopcapuk/Repositories/pico/pico-sdk/src/rp2_common/hardware_irq/irq.c.obj
                0x100008b0                irq_add_shared_handler
 .text.irq_add_tail_to_free_list
                0x10000a98       0xb4 CMakeFiles/02_control.dir/C_/Users/kopcapuk/Repositories/pico/pico-sdk/src/rp2_common/hardware_irq/irq.c.obj
                0x10000a98                irq_add_tail_to_free_list
 .text.user_irq_claim_unused
                0x10000b4c       0x28 CMakeFiles/02_control.dir/C_/Users/kopcapuk/Repositories/pico/pico-sdk/src/rp2_common/hardware_irq/irq.c.obj
                0x10000b4c                user_irq_claim_unused
 .text.lock_init
                0x10000b74       0x10 CMakeFiles/02_control.dir/C_/Users/kopcapuk/Repositories/pico/pico-sdk/src/common/pico_sync/lock_core.c.obj
                0x10000b74                lock_init
 .text.runtime_init_mutex
                0x10000b84       0x58 CMakeFiles/02_control.dir/C_/Users/kopcapuk/Repositories/pico/pico-sdk/src/common/pico_sync/mutex.c.obj
                0x10000b84                runtime_init_mutex
 .text.mutex_init
                0x10000bdc       0x1c CMakeFiles/02_control.dir/C_/Users/kopcapuk/Repositories/pico/pico-sdk/src/common/pico_sync/mutex.c.obj
                0x10000bdc                mutex_init
 .text.critical_section_init
                0x10000bf8       0x20 CMakeFiles/02_control.dir/C_/Users/kopcapuk/Repositories/pico/pico-sdk/src/common/pico_sync/critical_section.c.obj
                0x10000bf8                critical_section_init
 .text.critical_section_init_with_lock_num
                0x10000c18       0x14 CMakeFiles/02_control.dir/C_/Users/kopcapuk/Repositories/pico/pico-sdk/src/common/pico_sync/critical_section.c.obj
                0x10000c18                critical_section_init_with_lock_num
 .text.sleep_until_callback
                0x10000c2c       0x30 CMakeFiles/02_control.dir/C_/Users/kopcapuk/Repositories/pico/pico-sdk/src/common/pico_time/time.c.obj
 .text.alarm_pool_irq_handler
                0x10000c5c      0x308 CMakeFiles/02_control.dir/C_/Users/kopcapuk/Repositories/pico/pico-sdk/src/common/pico_time/time.c.obj
 .text.runtime_init_default_alarm_pool
                0x10000f64       0xdc CMakeFiles/02_control.dir/C_/Users/kopcapuk/Repositories/pico/pico-sdk/src/common/pico_time/time.c.obj
                0x10000f64                runtime_init_default_alarm_pool
 .text.alarm_pool_get_default
                0x10001040        0x8 CMakeFiles/02_control.dir/C_/Users/kopcapuk/Repositories/pico/pico-sdk/src/common/pico_time/time.c.obj
                0x10001040                alarm_pool_get_default
 .text.alarm_pool_add_alarm_at
                0x10001048       0xc8 CMakeFiles/02_control.dir/C_/Users/kopcapuk/Repositories/pico/pico-sdk/src/common/pico_time/time.c.obj
                0x10001048                alarm_pool_add_alarm_at
 .text.alarm_pool_add_alarm_at_force_in_context
                0x10001110       0xb0 CMakeFiles/02_control.dir/C_/Users/kopcapuk/Repositories/pico/pico-sdk/src/common/pico_time/time.c.obj
                0x10001110                alarm_pool_add_alarm_at_force_in_context
 .text.alarm_pool_cancel_alarm
                0x100011c0       0x7c CMakeFiles/02_control.dir/C_/Users/kopcapuk/Repositories/pico/pico-sdk/src/common/pico_time/time.c.obj
                0x100011c0                alarm_pool_cancel_alarm
 .text.alarm_pool_core_num
                0x1000123c        0x4 CMakeFiles/02_control.dir/C_/Users/kopcapuk/Repositories/pico/pico-sdk/src/common/pico_time/time.c.obj
                0x1000123c                alarm_pool_core_num
 .text.best_effort_wfe_or_timeout
                0x10001240       0xfc CMakeFiles/02_control.dir/C_/Users/kopcapuk/Repositories/pico/pico-sdk/src/common/pico_time/time.c.obj
                0x10001240                best_effort_wfe_or_timeout
 .text.timer_hardware_alarm_claim
                0x1000133c       0x14 CMakeFiles/02_control.dir/C_/Users/kopcapuk/Repositories/pico/pico-sdk/src/rp2_common/hardware_timer/timer.c.obj
                0x1000133c                timer_hardware_alarm_claim
 .text.timer_time_us_64
                0x10001350       0x10 CMakeFiles/02_control.dir/C_/Users/kopcapuk/Repositories/pico/pico-sdk/src/rp2_common/hardware_timer/timer.c.obj
                0x10001350                timer_time_us_64
 .text.time_us_64
                0x10001360       0x14 CMakeFiles/02_control.dir/C_/Users/kopcapuk/Repositories/pico/pico-sdk/src/rp2_common/hardware_timer/timer.c.obj
                0x10001360                time_us_64
 .text.busy_wait_us
                0x10001374       0x54 CMakeFiles/02_control.dir/C_/Users/kopcapuk/Repositories/pico/pico-sdk/src/rp2_common/hardware_timer/timer.c.obj
                0x10001374                busy_wait_us
 .text.clock_configure_int_divider
                0x100013c8       0xf4 CMakeFiles/02_control.dir/C_/Users/kopcapuk/Repositories/pico/pico-sdk/src/rp2_common/hardware_clocks/clocks.c.obj
                0x100013c8                clock_configure_int_divider
 .text.clock_configure_undivided
                0x100014bc       0xe8 CMakeFiles/02_control.dir/C_/Users/kopcapuk/Repositories/pico/pico-sdk/src/rp2_common/hardware_clocks/clocks.c.obj
                0x100014bc                clock_configure_undivided
 .text.clock_get_hz
                0x100015a4        0xc CMakeFiles/02_control.dir/C_/Users/kopcapuk/Repositories/pico/pico-sdk/src/rp2_common/hardware_clocks/clocks.c.obj
                0x100015a4                clock_get_hz
 .text.pll_init
                0x100015b0       0xa0 CMakeFiles/02_control.dir/C_/Users/kopcapuk/Repositories/pico/pico-sdk/src/rp2_common/hardware_pll/pll.c.obj
                0x100015b0                pll_init
 .text.watchdog_reboot
                0x10001650       0x98 CMakeFiles/02_control.dir/C_/Users/kopcapuk/Repositories/pico/pico-sdk/src/rp2_common/hardware_watchdog/watchdog.c.obj
                0x10001650                watchdog_reboot
 .text.tick_start
                0x100016e8       0x10 CMakeFiles/02_control.dir/C_/Users/kopcapuk/Repositories/pico/pico-sdk/src/rp2_common/hardware_ticks/ticks.c.obj
                0x100016e8                tick_start
 .text.rom_func_lookup
                0x100016f8       0x10 CMakeFiles/02_control.dir/C_/Users/kopcapuk/Repositories/pico/pico-sdk/src/rp2_common/pico_bootrom/bootrom.c.obj
                0x100016f8                rom_func_lookup
 .text.rom_data_lookup
                0x10001708       0x10 CMakeFiles/02_control.dir/C_/Users/kopcapuk/Repositories/pico/pico-sdk/src/rp2_common/pico_bootrom/bootrom.c.obj
                0x10001708                rom_data_lookup
 .text.rom_funcs_lookup
                0x10001718       0x44 CMakeFiles/02_control.dir/C_/Users/kopcapuk/Repositories/pico/pico-sdk/src/rp2_common/pico_bootrom/bootrom.c.obj
                0x10001718                rom_funcs_lookup
 .text.rom_reset_usb_boot_extra
                0x1000175c       0x28 CMakeFiles/02_control.dir/C_/Users/kopcapuk/Repositories/pico/pico-sdk/src/rp2_common/pico_bootrom/bootrom.c.obj
                0x1000175c                rom_reset_usb_boot_extra
 .text.xosc_init
                0x10001784       0x28 CMakeFiles/02_control.dir/C_/Users/kopcapuk/Repositories/pico/pico-sdk/src/rp2_common/hardware_xosc/xosc.c.obj
                0x10001784                xosc_init
 .text.first_per_core_initializer
                0x100017ac        0x4 CMakeFiles/02_control.dir/C_/Users/kopcapuk/Repositories/pico/pico-sdk/src/rp2_common/pico_runtime/runtime.c.obj
 .text.hard_assertion_failure
                0x100017b0        0xc CMakeFiles/02_control.dir/C_/Users/kopcapuk/Repositories/pico/pico-sdk/src/rp2_common/pico_runtime/runtime.c.obj
                0x100017b0                hard_assertion_failure
 .text.runtime_run_initializers
                0x100017bc       0x28 CMakeFiles/02_control.dir/C_/Users/kopcapuk/Repositories/pico/pico-sdk/src/rp2_common/pico_runtime/runtime.c.obj
                0x100017bc                runtime_run_initializers
 .text.runtime_init_early_resets
                0x100017e4       0x2c CMakeFiles/02_control.dir/C_/Users/kopcapuk/Repositories/pico/pico-sdk/src/rp2_common/pico_runtime_init/runtime_init.c.obj
                0x100017e4                runtime_init_early_resets
 .text.runtime_init_usb_power_down
                0x10001810       0x1c CMakeFiles/02_control.dir/C_/Users/kopcapuk/Repositories/pico/pico-sdk/src/rp2_common/pico_runtime_init/runtime_init.c.obj
                0x10001810                runtime_init_usb_power_down
 .text.runtime_init_post_clock_resets
                0x1000182c       0x20 CMakeFiles/02_control.dir/C_/Users/kopcapuk/Repositories/pico/pico-sdk/src/rp2_common/pico_runtime_init/runtime_init.c.obj
                0x1000182c                runtime_init_post_clock_resets
 .text.runtime_init_rp2040_gpio_ie_disable
                0x1000184c       0x14 CMakeFiles/02_control.dir/C_/Users/kopcapuk/Repositories/pico/pico-sdk/src/rp2_common/pico_runtime_init/runtime_init.c.obj
                0x1000184c                runtime_init_rp2040_gpio_ie_disable
 .text.runtime_init_spin_locks_reset
                0x10001860        0x8 CMakeFiles/02_control.dir/C_/Users/kopcapuk/Repositories/pico/pico-sdk/src/rp2_common/pico_runtime_init/runtime_init.c.obj
                0x10001860                runtime_init_spin_locks_reset
 .text.runtime_init_install_ram_vector_table
                0x10001868       0xcc CMakeFiles/02_control.dir/C_/Users/kopcapuk/Repositories/pico/pico-sdk/src/rp2_common/pico_runtime_init/runtime_init.c.obj
                0x10001868                runtime_init_install_ram_vector_table
 .text.runtime_init_clocks
                0x10001934       0xd8 CMakeFiles/02_control.dir/C_/Users/kopcapuk/Repositories/pico/pico-sdk/src/rp2_common/pico_runtime_init/runtime_init_clocks.c.obj
                0x10001934                runtime_init_clocks
 .text          0x10001a0c       0x10 CMakeFiles/02_control.dir/C_/Users/kopcapuk/Repositories/pico/pico-sdk/src/rp2_common/pico_bit_ops/bit_ops_aeabi.S.obj
 .text.__wrap___aeabi_idiv
                0x10001a1c       0x50 CMakeFiles/02_control.dir/C_/Users/kopcapuk/Repositories/pico/pico-sdk/src/rp2_common/pico_divider/divider_hardware.S.obj
                0x10001a1c                __wrap___aeabi_idivmod
                0x10001a1c                divmod_s32s32
                0x10001a1c                div_s32s32
                0x10001a1c                __wrap___aeabi_idiv
                0x10001a24                divmod_s32s32_unsafe
                0x10001a50                divmod_s32s32_savestate
 .text.__wrap___aeabi_uidiv
                0x10001a6c       0x4c CMakeFiles/02_control.dir/C_/Users/kopcapuk/Repositories/pico/pico-sdk/src/rp2_common/pico_divider/divider_hardware.S.obj
                0x10001a6c                __wrap___aeabi_uidiv
                0x10001a6c                __wrap___aeabi_uidivmod
                0x10001a6c                div_u32u32
                0x10001a6c                divmod_u32u32
                0x10001a74                divmod_u32u32_unsafe
                0x10001a9c                divmod_u32u32_savestate
 .text.__wrap___aeabi_ldiv
                0x10001ab8      0x424 CMakeFiles/02_control.dir/C_/Users/kopcapuk/Repositories/pico/pico-sdk/src/rp2_common/pico_divider/divider_hardware.S.obj
                0x10001ab8                div_s64s64
                0x10001ab8                divmod_s64s64
                0x10001ab8                __wrap___aeabi_ldivmod
                0x10001ae8                divmod_u64u64
                0x10001ae8                div_u64u64
                0x10001ae8                __wrap___aeabi_uldivmod
                0x10001af8                divmod_u64u64_savestate
                0x10001b18                divmod_s64s64_unsafe
                0x10001ba0                divmod_u64u64_unsafe
 .text.__wrap___aeabi_darithmetic
                0x10001edc       0x80 CMakeFiles/02_control.dir/C_/Users/kopcapuk/Repositories/pico/pico-sdk/src/rp2_common/pico_double/double_aeabi_rp2040.S.obj
                0x10001edc                __wrap___aeabi_drsub
                0x10001ee2                __wrap___aeabi_dsub
                0x10001ef4                __wrap___aeabi_dadd
                0x10001f06                __wrap___aeabi_ddiv
                0x10001f42                __wrap___aeabi_dmul
 .text.__wrap___aeabi_cdcmple
                0x10001f5c       0x6c CMakeFiles/02_control.dir/C_/Users/kopcapuk/Repositories/pico/pico-sdk/src/rp2_common/pico_double/double_aeabi_rp2040.S.obj
                0x10001f5c                __wrap___aeabi_cdrcmple
                0x10001f6c                __wrap___aeabi_cdcmpeq
                0x10001f6c                __wrap___aeabi_cdcmple
 .text.__wrap___aeabi_dcmpeq
                0x10001fc8       0x10 CMakeFiles/02_control.dir/C_/Users/kopcapuk/Repositories/pico/pico-sdk/src/rp2_common/pico_double/double_aeabi_rp2040.S.obj
                0x10001fc8                __wrap___aeabi_dcmpeq
 .text.__wrap___aeabi_dcmplt
                0x10001fd8        0xc CMakeFiles/02_control.dir/C_/Users/kopcapuk/Repositories/pico/pico-sdk/src/rp2_common/pico_double/double_aeabi_rp2040.S.obj
                0x10001fd8                __wrap___aeabi_dcmplt
 .text.__wrap___aeabi_dcmple
                0x10001fe4       0x10 CMakeFiles/02_control.dir/C_/Users/kopcapuk/Repositories/pico/pico-sdk/src/rp2_common/pico_double/double_aeabi_rp2040.S.obj
                0x10001fe4                __wrap___aeabi_dcmple
 .text.__wrap___aeabi_dcmpge
                0x10001ff4       0x10 CMakeFiles/02_control.dir/C_/Users/kopcapuk/Repositories/pico/pico-sdk/src/rp2_common/pico_double/double_aeabi_rp2040.S.obj
                0x10001ff4                __wrap___aeabi_dcmpge
 .text.__wrap___aeabi_dcmpgt
                0x10002004        0xa CMakeFiles/02_control.dir/C_/Users/kopcapuk/Repositories/pico/pico-sdk/src/rp2_common/pico_double/double_aeabi_rp2040.S.obj
                0x10002004                __wrap___aeabi_dcmpgt
 .text.__wrap___aeabi_dcmpun
                0x1000200e       0x18 CMakeFiles/02_control.dir/C_/Users/kopcapuk/Repositories/pico/pico-sdk/src/rp2_common/pico_double/double_aeabi_rp2040.S.obj
                0x1000200e                __wrap___aeabi_dcmpun
 *fill*         0x10002026        0x2 
 .text.__wrap___aeabi_i2d
                0x10002028       0x38 CMakeFiles/02_control.dir/C_/Users/kopcapuk/Repositories/pico/pico-sdk/src/rp2_common/pico_double/double_aeabi_rp2040.S.obj
                0x10002028                uint2double
                0x10002028                __wrap___aeabi_ui2d
                0x10002030                int2double
                0x10002030                __wrap___aeabi_i2d
 .text.__wrap___aeabi_d2iz
                0x10002060       0x48 CMakeFiles/02_control.dir/C_/Users/kopcapuk/Repositories/pico/pico-sdk/src/rp2_common/pico_double/double_aeabi_rp2040.S.obj
                0x10002060                double2int_z
                0x10002060                __wrap___aeabi_d2iz
 .text.__wrap___aeabi_d2uiz
                0x100020a8       0x18 CMakeFiles/02_control.dir/C_/Users/kopcapuk/Repositories/pico/pico-sdk/src/rp2_common/pico_double/double_aeabi_rp2040.S.obj
                0x100020a8                double2uint
                0x100020a8                __wrap___aeabi_d2uiz
                0x100020a8                double2uint_z
 .text.__wrap___aeabi_l2d
                0x100020c0       0x18 CMakeFiles/02_control.dir/C_/Users/kopcapuk/Repositories/pico/pico-sdk/src/rp2_common/pico_double/double_aeabi_rp2040.S.obj
                0x100020c0                int642double
                0x100020c0                __wrap___aeabi_l2d
 .text.__wrap___aeabi_d2lz
                0x100020d8       0x26 CMakeFiles/02_control.dir/C_/Users/kopcapuk/Repositories/pico/pico-sdk/src/rp2_common/pico_double/double_aeabi_rp2040.S.obj
                0x100020d8                double2int64_z
                0x100020d8                __wrap___aeabi_d2lz
 *fill*         0x100020fe        0x2 
 .text.double2int64
                0x10002100       0x18 CMakeFiles/02_control.dir/C_/Users/kopcapuk/Repositories/pico/pico-sdk/src/rp2_common/pico_double/double_aeabi_rp2040.S.obj
                0x10002100                double2int64
 .text.double2ufix64
                0x10002118       0x18 CMakeFiles/02_control.dir/C_/Users/kopcapuk/Repositories/pico/pico-sdk/src/rp2_common/pico_double/double_aeabi_rp2040.S.obj
                0x10002118                double2ufix64_z
                0x10002118                double2ufix64
 .text.__wrap___aeabi_d2f
                0x10002130       0x18 CMakeFiles/02_control.dir/C_/Users/kopcapuk/Repositories/pico/pico-sdk/src/rp2_common/pico_double/double_aeabi_rp2040.S.obj
                0x10002130                __wrap___aeabi_d2f
 .text.__aeabi_double_init
                0x10002148       0xa0 CMakeFiles/02_control.dir/C_/Users/kopcapuk/Repositories/pico/pico-sdk/src/rp2_common/pico_double/double_init_rom_rp2040.c.obj
                0x10002148                __aeabi_double_init
 .text.double_table_shim_on_use_helper
                0x100021e8       0x2c CMakeFiles/02_control.dir/C_/Users/kopcapuk/Repositories/pico/pico-sdk/src/rp2_common/pico_double/double_v1_rom_shim_rp2040.S.obj
                0x100021e8                double_table_shim_on_use_helper
 .text.__wrap___aeabi_dsub
                0x10002214       0x10 CMakeFiles/02_control.dir/C_/Users/kopcapuk/Repositories/pico/pico-sdk/src/rp2_common/pico_double/double_v1_rom_shim_rp2040.S.obj
                0x10002214                drsub_shim
                0x1000221a                dsub_shim
 .text.dadd_shim
                0x10002224      0x15c CMakeFiles/02_control.dir/C_/Users/kopcapuk/Repositories/pico/pico-sdk/src/rp2_common/pico_double/double_v1_rom_shim_rp2040.S.obj
                0x10002224                dadd_shim
 .text.dmul_shim
                0x10002380      0x15c CMakeFiles/02_control.dir/C_/Users/kopcapuk/Repositories/pico/pico-sdk/src/rp2_common/pico_double/double_v1_rom_shim_rp2040.S.obj
                0x10002380                dmul_shim
 .text.ddiv_shim
                0x100024dc      0x1b0 CMakeFiles/02_control.dir/C_/Users/kopcapuk/Repositories/pico/pico-sdk/src/rp2_common/pico_double/double_v1_rom_shim_rp2040.S.obj
                0x100024dc                ddiv_shim
 .text.double2uint_shim
                0x1000268c        0xe CMakeFiles/02_control.dir/C_/Users/kopcapuk/Repositories/pico/pico-sdk/src/rp2_common/pico_double/double_v1_rom_shim_rp2040.S.obj
                0x1000268c                double2uint_shim
                0x1000268e                double2ufix_shim
 .text.double2int64_shim
                0x1000269a       0x1a CMakeFiles/02_control.dir/C_/Users/kopcapuk/Repositories/pico/pico-sdk/src/rp2_common/pico_double/double_v1_rom_shim_rp2040.S.obj
                0x1000269a                double2int64_shim
                0x1000269c                double2fix64_shim
 .text.double2uint64_shim
                0x100026b4       0x70 CMakeFiles/02_control.dir/C_/Users/kopcapuk/Repositories/pico/pico-sdk/src/rp2_common/pico_double/double_v1_rom_shim_rp2040.S.obj
                0x100026b4                double2uint64_shim
                0x100026b6                double2ufix64_shim
                0x100026d6                d2fix_a
 .text.double2float_shim
                0x10002724       0x5c CMakeFiles/02_control.dir/C_/Users/kopcapuk/Repositories/pico/pico-sdk/src/rp2_common/pico_double/double_v1_rom_shim_rp2040.S.obj
                0x10002724                double2float_shim
 .text.x2double_shims
                0x10002780       0x90 CMakeFiles/02_control.dir/C_/Users/kopcapuk/Repositories/pico/pico-sdk/src/rp2_common/pico_double/double_v1_rom_shim_rp2040.S.obj
                0x10002780                uint2double_shim
                0x10002782                ufix2double_shim
                0x10002788                int2double_shim
                0x1000278a                fix2double_shim
                0x10002790                uint642double_shim
                0x10002792                ufix642double_shim
                0x10002798                int642double_shim
                0x1000279a                fix642double_shim
 .text.dunpacks
                0x10002810       0x3c CMakeFiles/02_control.dir/C_/Users/kopcapuk/Repositories/pico/pico-sdk/src/rp2_common/pico_double/double_v1_rom_shim_rp2040.S.obj
                0x10002810                dunpacks
 .text.__aeabi_lmul
                0x1000284c       0x32 CMakeFiles/02_control.dir/C_/Users/kopcapuk/Repositories/pico/pico-sdk/src/rp2_common/pico_int64_ops/pico_int64_ops_aeabi.S.obj
                0x1000284c                __wrap___aeabi_lmul
 *fill*         0x1000287e        0x2 
 .text.__aeabi_float_init
                0x10002880       0x64 CMakeFiles/02_control.dir/C_/Users/kopcapuk/Repositories/pico/pico-sdk/src/rp2_common/pico_float/float_init_rom_rp2040.c.obj
                0x10002880                __aeabi_float_init
 .text.float_table_shim_on_use_helper
                0x100028e4       0x2c CMakeFiles/02_control.dir/C_/Users/kopcapuk/Repositories/pico/pico-sdk/src/rp2_common/pico_float/float_v1_rom_shim_rp2040.S.obj
                0x100028e4                float_table_shim_on_use_helper
 .text.__wrap_malloc
                0x10002910       0x24 CMakeFiles/02_control.dir/C_/Users/kopcapuk/Repositories/pico/pico-sdk/src/rp2_common/pico_malloc/malloc.c.obj
                0x10002910                __wrap_malloc
 .text.__wrap_realloc
                0x10002934       0x24 CMakeFiles/02_control.dir/C_/Users/kopcapuk/Repositories/pico/pico-sdk/src/rp2_common/pico_malloc/malloc.c.obj
                0x10002934                __wrap_realloc
 .text.__wrap_free
                0x10002958        0x8 CMakeFiles/02_control.dir/C_/Users/kopcapuk/Repositories/pico/pico-sdk/src/rp2_common/pico_malloc/malloc.c.obj
                0x10002958                __wrap_free
 .text          0x10002960       0x10 CMakeFiles/02_control.dir/C_/Users/kopcapuk/Repositories/pico/pico-sdk/src/rp2_common/pico_mem_ops/mem_ops_aeabi.S.obj
                0x10002960                __aeabi_mem_init
 .text.memset   0x10002970        0xc CMakeFiles/02_control.dir/C_/Users/kopcapuk/Repositories/pico/pico-sdk/src/rp2_common/pico_mem_ops/mem_ops_aeabi.S.obj
                0x10002970                __wrap_memset
 .text.memcpy   0x1000297c        0xc CMakeFiles/02_control.dir/C_/Users/kopcapuk/Repositories/pico/pico-sdk/src/rp2_common/pico_mem_ops/mem_ops_aeabi.S.obj
                0x1000297c                __wrap_memcpy
                0x1000297c                __wrap___aeabi_memcpy
 .text._out_buffer
                0x10002988        0x8 CMakeFiles/02_control.dir/C_/Users/kopcapuk/Repositories/pico/pico-sdk/src/rp2_common/pico_printf/printf.c.obj
 .text._out_null
                0x10002990        0x4 CMakeFiles/02_control.dir/C_/Users/kopcapuk/Repositories/pico/pico-sdk/src/rp2_common/pico_printf/printf.c.obj
 .text._out_rev
                0x10002994       0x9c CMakeFiles/02_control.dir/C_/Users/kopcapuk/Repositories/pico/pico-sdk/src/rp2_common/pico_printf/printf.c.obj
 .text._ntoa_format
                0x10002a30      0x1cc CMakeFiles/02_control.dir/C_/Users/kopcapuk/Repositories/pico/pico-sdk/src/rp2_common/pico_printf/printf.c.obj
 .text._out_char
                0x10002bfc       0x10 CMakeFiles/02_control.dir/C_/Users/kopcapuk/Repositories/pico/pico-sdk/src/rp2_common/pico_printf/printf.c.obj
 .text._out_fct
                0x10002c0c       0x10 CMakeFiles/02_control.dir/C_/Users/kopcapuk/Repositories/pico/pico-sdk/src/rp2_common/pico_printf/printf.c.obj
 .text._etoa    0x10002c1c      0x44c CMakeFiles/02_control.dir/C_/Users/kopcapuk/Repositories/pico/pico-sdk/src/rp2_common/pico_printf/printf.c.obj
 .text._ftoa    0x10003068      0x398 CMakeFiles/02_control.dir/C_/Users/kopcapuk/Repositories/pico/pico-sdk/src/rp2_common/pico_printf/printf.c.obj
 .text._vsnprintf
                0x10003400      0xb04 CMakeFiles/02_control.dir/C_/Users/kopcapuk/Repositories/pico/pico-sdk/src/rp2_common/pico_printf/printf.c.obj
 .text.__wrap_sprintf
                0x10003f04       0x28 CMakeFiles/02_control.dir/C_/Users/kopcapuk/Repositories/pico/pico-sdk/src/rp2_common/pico_printf/printf.c.obj
                0x10003f04                __wrap_sprintf
 .text.vfctprintf
                0x10003f2c       0x20 CMakeFiles/02_control.dir/C_/Users/kopcapuk/Repositories/pico/pico-sdk/src/rp2_common/pico_printf/printf.c.obj
                0x10003f2c                vfctprintf
 .text.weak_raw_printf
                0x10003f4c       0x40 CMakeFiles/02_control.dir/C_/Users/kopcapuk/Repositories/pico/pico-sdk/src/rp2_common/pico_printf/printf.c.obj
                0x10003f4c                weak_raw_printf
 .text.weak_raw_vprintf
                0x10003f8c       0x30 CMakeFiles/02_control.dir/C_/Users/kopcapuk/Repositories/pico/pico-sdk/src/rp2_common/pico_printf/printf.c.obj
                0x10003f8c                weak_raw_vprintf
 .text._exit    0x10003fbc        0x4 CMakeFiles/02_control.dir/C_/Users/kopcapuk/Repositories/pico/pico-sdk/src/rp2_common/pico_clib_interface/newlib_interface.c.obj
                0x10003fbc                _exit
 .text._sbrk    0x10003fc0       0x34 CMakeFiles/02_control.dir/C_/Users/kopcapuk/Repositories/pico/pico-sdk/src/rp2_common/pico_clib_interface/newlib_interface.c.obj
                0x10003fc0                _sbrk
 .text.exit     0x10003ff4        0x8 CMakeFiles/02_control.dir/C_/Users/kopcapuk/Repositories/pico/pico-sdk/src/rp2_common/pico_clib_interface/newlib_interface.c.obj
                0x10003ff4                exit
 .text.__assert_func
                0x10003ffc       0x34 CMakeFiles/02_control.dir/C_/Users/kopcapuk/Repositories/pico/pico-sdk/src/rp2_common/pico_clib_interface/newlib_interface.c.obj
                0x10003ffc                __assert_func
 .text.runtime_init
                0x10004030       0x2c CMakeFiles/02_control.dir/C_/Users/kopcapuk/Repositories/pico/pico-sdk/src/rp2_common/pico_clib_interface/newlib_interface.c.obj
                0x10004030                runtime_init
 .text.stdio_out_chars_no_crlf
                0x1000405c       0x10 CMakeFiles/02_control.dir/C_/Users/kopcapuk/Repositories/pico/pico-sdk/src/rp2_common/pico_stdio/stdio.c.obj
 .text.stdio_out_chars_crlf
                0x1000406c       0xb4 CMakeFiles/02_control.dir/C_/Users/kopcapuk/Repositories/pico/pico-sdk/src/rp2_common/pico_stdio/stdio.c.obj
 .text.stdio_buffered_printer
                0x10004120       0x64 CMakeFiles/02_control.dir/C_/Users/kopcapuk/Repositories/pico/pico-sdk/src/rp2_common/pico_stdio/stdio.c.obj
 .text.stdio_put_string
                0x10004184      0x100 CMakeFiles/02_control.dir/C_/Users/kopcapuk/Repositories/pico/pico-sdk/src/rp2_common/pico_stdio/stdio.c.obj
                0x10004184                stdio_put_string
 .text.stdio_set_driver_enabled
                0x10004284       0x30 CMakeFiles/02_control.dir/C_/Users/kopcapuk/Repositories/pico/pico-sdk/src/rp2_common/pico_stdio/stdio.c.obj
                0x10004284                stdio_set_driver_enabled
 .text.stdio_init_all
                0x100042b4        0x8 CMakeFiles/02_control.dir/C_/Users/kopcapuk/Repositories/pico/pico-sdk/src/rp2_common/pico_stdio/stdio.c.obj
                0x100042b4                stdio_init_all
 .text.stdio_getchar_timeout_us
                0x100042bc       0x98 CMakeFiles/02_control.dir/C_/Users/kopcapuk/Repositories/pico/pico-sdk/src/rp2_common/pico_stdio/stdio.c.obj
                0x100042bc                stdio_getchar_timeout_us
 .text.__wrap_putchar
                0x10004354       0x98 CMakeFiles/02_control.dir/C_/Users/kopcapuk/Repositories/pico/pico-sdk/src/rp2_common/pico_stdio/stdio.c.obj
                0x10004354                __wrap_putchar
                0x10004354                stdio_putchar
 .text.__wrap_puts
                0x100043ec       0x3c CMakeFiles/02_control.dir/C_/Users/kopcapuk/Repositories/pico/pico-sdk/src/rp2_common/pico_stdio/stdio.c.obj
                0x100043ec                stdio_puts
                0x100043ec                __wrap_puts
 .text.__wrap_vprintf
                0x10004428       0xd8 CMakeFiles/02_control.dir/C_/Users/kopcapuk/Repositories/pico/pico-sdk/src/rp2_common/pico_stdio/stdio.c.obj
                0x10004428                stdio_vprintf
                0x10004428                __wrap_vprintf
 .text.__wrap_printf
                0x10004500       0x18 CMakeFiles/02_control.dir/C_/Users/kopcapuk/Repositories/pico/pico-sdk/src/rp2_common/pico_stdio/stdio.c.obj
                0x10004500                __wrap_printf
                0x10004500                stdio_printf
 .text.resetd_init
                0x10004518        0x4 CMakeFiles/02_control.dir/C_/Users/kopcapuk/Repositories/pico/pico-sdk/src/rp2_common/pico_stdio_usb/reset_interface.c.obj
 .text.resetd_reset
                0x1000451c        0xc CMakeFiles/02_control.dir/C_/Users/kopcapuk/Repositories/pico/pico-sdk/src/rp2_common/pico_stdio_usb/reset_interface.c.obj
 .text.resetd_open
                0x10004528       0x28 CMakeFiles/02_control.dir/C_/Users/kopcapuk/Repositories/pico/pico-sdk/src/rp2_common/pico_stdio_usb/reset_interface.c.obj
 .text.resetd_xfer_cb
                0x10004550        0x4 CMakeFiles/02_control.dir/C_/Users/kopcapuk/Repositories/pico/pico-sdk/src/rp2_common/pico_stdio_usb/reset_interface.c.obj
 .text.resetd_control_xfer_cb
                0x10004554       0x60 CMakeFiles/02_control.dir/C_/Users/kopcapuk/Repositories/pico/pico-sdk/src/rp2_common/pico_stdio_usb/reset_interface.c.obj
 .text.tud_descriptor_bos_cb
                0x100045b4        0x8 CMakeFiles/02_control.dir/C_/Users/kopcapuk/Repositories/pico/pico-sdk/src/rp2_common/pico_stdio_usb/reset_interface.c.obj
                0x100045b4                tud_descriptor_bos_cb
 .text.tud_vendor_control_xfer_cb
                0x100045bc       0x34 CMakeFiles/02_control.dir/C_/Users/kopcapuk/Repositories/pico/pico-sdk/src/rp2_common/pico_stdio_usb/reset_interface.c.obj
                0x100045bc                tud_vendor_control_xfer_cb
 .text.usbd_app_driver_get_cb
                0x100045f0        0xc CMakeFiles/02_control.dir/C_/Users/kopcapuk/Repositories/pico/pico-sdk/src/rp2_common/pico_stdio_usb/reset_interface.c.obj
                0x100045f0                usbd_app_driver_get_cb
 .text.tud_cdc_line_coding_cb
                0x100045fc       0x2c CMakeFiles/02_control.dir/C_/Users/kopcapuk/Repositories/pico/pico-sdk/src/rp2_common/pico_stdio_usb/reset_interface.c.obj
                0x100045fc                tud_cdc_line_coding_cb
 .text.stdio_usb_set_chars_available_callback
                0x10004628       0x14 CMakeFiles/02_control.dir/C_/Users/kopcapuk/Repositories/pico/pico-sdk/src/rp2_common/pico_stdio_usb/stdio_usb.c.obj
                0x10004628                stdio_usb_set_chars_available_callback
 .text.usb_irq  0x1000463c       0x10 CMakeFiles/02_control.dir/C_/Users/kopcapuk/Repositories/pico/pico-sdk/src/rp2_common/pico_stdio_usb/stdio_usb.c.obj
 .text.timer_task
                0x1000464c       0x64 CMakeFiles/02_control.dir/C_/Users/kopcapuk/Repositories/pico/pico-sdk/src/rp2_common/pico_stdio_usb/stdio_usb.c.obj
 .text.stdio_usb_in_chars
                0x100046b0       0x90 CMakeFiles/02_control.dir/C_/Users/kopcapuk/Repositories/pico/pico-sdk/src/rp2_common/pico_stdio_usb/stdio_usb.c.obj
                0x100046b0                stdio_usb_in_chars
 .text.stdio_usb_out_flush
                0x10004740       0x50 CMakeFiles/02_control.dir/C_/Users/kopcapuk/Repositories/pico/pico-sdk/src/rp2_common/pico_stdio_usb/stdio_usb.c.obj
 .text.stdio_usb_out_chars
                0x10004790      0x100 CMakeFiles/02_control.dir/C_/Users/kopcapuk/Repositories/pico/pico-sdk/src/rp2_common/pico_stdio_usb/stdio_usb.c.obj
 .text.low_priority_worker_irq
                0x10004890       0xc8 CMakeFiles/02_control.dir/C_/Users/kopcapuk/Repositories/pico/pico-sdk/src/rp2_common/pico_stdio_usb/stdio_usb.c.obj
 .text.stdio_usb_init
                0x10004958       0xe8 CMakeFiles/02_control.dir/C_/Users/kopcapuk/Repositories/pico/pico-sdk/src/rp2_common/pico_stdio_usb/stdio_usb.c.obj
                0x10004958                stdio_usb_init
 .text.tud_descriptor_device_cb
                0x10004a40        0x8 CMakeFiles/02_control.dir/C_/Users/kopcapuk/Repositories/pico/pico-sdk/src/rp2_common/pico_stdio_usb/stdio_usb_descriptors.c.obj
                0x10004a40                tud_descriptor_device_cb
 .text.tud_descriptor_configuration_cb
                0x10004a48        0x8 CMakeFiles/02_control.dir/C_/Users/kopcapuk/Repositories/pico/pico-sdk/src/rp2_common/pico_stdio_usb/stdio_usb_descriptors.c.obj
                0x10004a48                tud_descriptor_configuration_cb
 .text.tud_descriptor_string_cb
                0x10004a50       0x74 CMakeFiles/02_control.dir/C_/Users/kopcapuk/Repositories/pico/pico-sdk/src/rp2_common/pico_stdio_usb/stdio_usb_descriptors.c.obj
                0x10004a50                tud_descriptor_string_cb
 .text.startup._retrieve_unique_id_on_boot
                0x10004ac4       0x10 CMakeFiles/02_control.dir/C_/Users/kopcapuk/Repositories/pico/pico-sdk/src/rp2_common/pico_unique_id/unique_id.c.obj
 .text.pico_get_unique_board_id_string
                0x10004ad4      0x1a8 CMakeFiles/02_control.dir/C_/Users/kopcapuk/Repositories/pico/pico-sdk/src/rp2_common/pico_unique_id/unique_id.c.obj
                0x10004ad4                pico_get_unique_board_id_string
 .text.flash_get_unique_id
                0x10004c7c       0x40 CMakeFiles/02_control.dir/C_/Users/kopcapuk/Repositories/pico/pico-sdk/src/rp2_common/hardware_flash/flash.c.obj
                0x10004c7c                flash_get_unique_id
 .text.dcd_init
                0x10004cbc       0x90 CMakeFiles/02_control.dir/C_/Users/kopcapuk/Repositories/pico/pico-sdk/lib/tinyusb/src/portable/raspberrypi/rp2040/dcd_rp2040.c.obj
                0x10004cbc                dcd_init
 .text.dcd_int_enable
                0x10004d4c        0xc CMakeFiles/02_control.dir/C_/Users/kopcapuk/Repositories/pico/pico-sdk/lib/tinyusb/src/portable/raspberrypi/rp2040/dcd_rp2040.c.obj
                0x10004d4c                dcd_int_enable
 .text.dcd_set_address
                0x10004d58       0x14 CMakeFiles/02_control.dir/C_/Users/kopcapuk/Repositories/pico/pico-sdk/lib/tinyusb/src/portable/raspberrypi/rp2040/dcd_rp2040.c.obj
                0x10004d58                dcd_set_address
 .text.dcd_sof_enable
                0x10004d6c       0x1c CMakeFiles/02_control.dir/C_/Users/kopcapuk/Repositories/pico/pico-sdk/lib/tinyusb/src/portable/raspberrypi/rp2040/dcd_rp2040.c.obj
                0x10004d6c                dcd_sof_enable
 .text.dcd_edpt0_status_complete
                0x10004d88       0x1c CMakeFiles/02_control.dir/C_/Users/kopcapuk/Repositories/pico/pico-sdk/lib/tinyusb/src/portable/raspberrypi/rp2040/dcd_rp2040.c.obj
                0x10004d88                dcd_edpt0_status_complete
 .text.dcd_edpt_open
                0x10004da4      0x114 CMakeFiles/02_control.dir/C_/Users/kopcapuk/Repositories/pico/pico-sdk/lib/tinyusb/src/portable/raspberrypi/rp2040/dcd_rp2040.c.obj
                0x10004da4                dcd_edpt_open
 .text.dcd_edpt_close_all
                0x10004eb8        0x8 CMakeFiles/02_control.dir/C_/Users/kopcapuk/Repositories/pico/pico-sdk/lib/tinyusb/src/portable/raspberrypi/rp2040/dcd_rp2040.c.obj
                0x10004eb8                dcd_edpt_close_all
 .text.dcd_edpt_xfer
                0x10004ec0       0x24 CMakeFiles/02_control.dir/C_/Users/kopcapuk/Repositories/pico/pico-sdk/lib/tinyusb/src/portable/raspberrypi/rp2040/dcd_rp2040.c.obj
                0x10004ec0                dcd_edpt_xfer
 .text.dcd_edpt_stall
                0x10004ee4       0x38 CMakeFiles/02_control.dir/C_/Users/kopcapuk/Repositories/pico/pico-sdk/lib/tinyusb/src/portable/raspberrypi/rp2040/dcd_rp2040.c.obj
                0x10004ee4                dcd_edpt_stall
 .text.dcd_edpt_clear_stall
                0x10004f1c       0x30 CMakeFiles/02_control.dir/C_/Users/kopcapuk/Repositories/pico/pico-sdk/lib/tinyusb/src/portable/raspberrypi/rp2040/dcd_rp2040.c.obj
                0x10004f1c                dcd_edpt_clear_stall
 .text.rp2040_usb_init
                0x10004f4c       0x40 CMakeFiles/02_control.dir/C_/Users/kopcapuk/Repositories/pico/pico-sdk/lib/tinyusb/src/portable/raspberrypi/rp2040/rp2040_usb.c.obj
                0x10004f4c                rp2040_usb_init
 .text.hw_endpoint_xfer_start
                0x10004f8c       0x50 CMakeFiles/02_control.dir/C_/Users/kopcapuk/Repositories/pico/pico-sdk/lib/tinyusb/src/portable/raspberrypi/rp2040/rp2040_usb.c.obj
                0x10004f8c                hw_endpoint_xfer_start
 .text.tud_event_hook_cb
                0x10004fdc        0x4 CMakeFiles/02_control.dir/C_/Users/kopcapuk/Repositories/pico/pico-sdk/lib/tinyusb/src/device/usbd.c.obj
                0x10004fdc                tud_event_hook_cb
 .text.tud_sof_cb
                0x10004fe0        0x4 CMakeFiles/02_control.dir/C_/Users/kopcapuk/Repositories/pico/pico-sdk/lib/tinyusb/src/device/usbd.c.obj
                0x10004fe0                tud_sof_cb
 .text.tud_descriptor_device_qualifier_cb
                0x10004fe4        0x4 CMakeFiles/02_control.dir/C_/Users/kopcapuk/Repositories/pico/pico-sdk/lib/tinyusb/src/device/usbd.c.obj
                0x10004fe4                tud_descriptor_device_qualifier_cb
 .text.tud_descriptor_other_speed_configuration_cb
                0x10004fe8        0x4 CMakeFiles/02_control.dir/C_/Users/kopcapuk/Repositories/pico/pico-sdk/lib/tinyusb/src/device/usbd.c.obj
                0x10004fe8                tud_descriptor_other_speed_configuration_cb
 .text.tud_mount_cb
                0x10004fec        0x4 CMakeFiles/02_control.dir/C_/Users/kopcapuk/Repositories/pico/pico-sdk/lib/tinyusb/src/device/usbd.c.obj
                0x10004fec                tud_mount_cb
 .text.tud_umount_cb
                0x10004ff0        0x4 CMakeFiles/02_control.dir/C_/Users/kopcapuk/Repositories/pico/pico-sdk/lib/tinyusb/src/device/usbd.c.obj
                0x10004ff0                tud_umount_cb
 .text.tud_suspend_cb
                0x10004ff4        0x4 CMakeFiles/02_control.dir/C_/Users/kopcapuk/Repositories/pico/pico-sdk/lib/tinyusb/src/device/usbd.c.obj
                0x10004ff4                tud_suspend_cb
 .text.tud_resume_cb
                0x10004ff8        0x4 CMakeFiles/02_control.dir/C_/Users/kopcapuk/Repositories/pico/pico-sdk/lib/tinyusb/src/device/usbd.c.obj
                0x10004ff8                tud_resume_cb
 .text.tud_mounted
                0x10004ffc       0x10 CMakeFiles/02_control.dir/C_/Users/kopcapuk/Repositories/pico/pico-sdk/lib/tinyusb/src/device/usbd.c.obj
                0x10004ffc                tud_mounted
 .text.tud_suspended
                0x1000500c       0x10 CMakeFiles/02_control.dir/C_/Users/kopcapuk/Repositories/pico/pico-sdk/lib/tinyusb/src/device/usbd.c.obj
                0x1000500c                tud_suspended
 .text.tud_rhport_init
                0x1000501c       0xf4 CMakeFiles/02_control.dir/C_/Users/kopcapuk/Repositories/pico/pico-sdk/lib/tinyusb/src/device/usbd.c.obj
                0x1000501c                tud_rhport_init
 .text.tud_task_ext
                0x10005110      0x800 CMakeFiles/02_control.dir/C_/Users/kopcapuk/Repositories/pico/pico-sdk/lib/tinyusb/src/device/usbd.c.obj
                0x10005110                tud_task_ext
 .text.usbd_open_edpt_pair
                0x10005910       0x9c CMakeFiles/02_control.dir/C_/Users/kopcapuk/Repositories/pico/pico-sdk/lib/tinyusb/src/device/usbd.c.obj
                0x10005910                usbd_open_edpt_pair
 .text.usbd_edpt_open
                0x100059ac       0x34 CMakeFiles/02_control.dir/C_/Users/kopcapuk/Repositories/pico/pico-sdk/lib/tinyusb/src/device/usbd.c.obj
                0x100059ac                usbd_edpt_open
 .text.usbd_edpt_claim
                0x100059e0       0x28 CMakeFiles/02_control.dir/C_/Users/kopcapuk/Repositories/pico/pico-sdk/lib/tinyusb/src/device/usbd.c.obj
                0x100059e0                usbd_edpt_claim
 .text.usbd_edpt_release
                0x10005a08       0x28 CMakeFiles/02_control.dir/C_/Users/kopcapuk/Repositories/pico/pico-sdk/lib/tinyusb/src/device/usbd.c.obj
                0x10005a08                usbd_edpt_release
 .text.usbd_edpt_xfer
                0x10005a30       0x4c CMakeFiles/02_control.dir/C_/Users/kopcapuk/Repositories/pico/pico-sdk/lib/tinyusb/src/device/usbd.c.obj
                0x10005a30                usbd_edpt_xfer
 .text.tud_control_status
                0x10005a7c       0x30 CMakeFiles/02_control.dir/C_/Users/kopcapuk/Repositories/pico/pico-sdk/lib/tinyusb/src/device/usbd_control.c.obj
                0x10005a7c                tud_control_status
 .text.tud_control_xfer
                0x10005aac       0xbc CMakeFiles/02_control.dir/C_/Users/kopcapuk/Repositories/pico/pico-sdk/lib/tinyusb/src/device/usbd_control.c.obj
                0x10005aac                tud_control_xfer
 .text.usbd_control_reset
                0x10005b68       0x14 CMakeFiles/02_control.dir/C_/Users/kopcapuk/Repositories/pico/pico-sdk/lib/tinyusb/src/device/usbd_control.c.obj
                0x10005b68                usbd_control_reset
 .text.usbd_control_set_complete_callback
                0x10005b7c        0xc CMakeFiles/02_control.dir/C_/Users/kopcapuk/Repositories/pico/pico-sdk/lib/tinyusb/src/device/usbd_control.c.obj
                0x10005b7c                usbd_control_set_complete_callback
 .text.usbd_control_set_request
                0x10005b88       0x1c CMakeFiles/02_control.dir/C_/Users/kopcapuk/Repositories/pico/pico-sdk/lib/tinyusb/src/device/usbd_control.c.obj
                0x10005b88                usbd_control_set_request
 .text.usbd_control_xfer_cb
                0x10005ba4       0xf0 CMakeFiles/02_control.dir/C_/Users/kopcapuk/Repositories/pico/pico-sdk/lib/tinyusb/src/device/usbd_control.c.obj
                0x10005ba4                usbd_control_xfer_cb
 .text._prep_out_transaction.isra.0
                0x10005c94       0x6c CMakeFiles/02_control.dir/C_/Users/kopcapuk/Repositories/pico/pico-sdk/lib/tinyusb/src/class/cdc/cdc_device.c.obj
 .text.tud_cdc_n_connected
                0x10005d00       0x2c CMakeFiles/02_control.dir/C_/Users/kopcapuk/Repositories/pico/pico-sdk/lib/tinyusb/src/class/cdc/cdc_device.c.obj
                0x10005d00                tud_cdc_n_connected
 .text.tud_cdc_n_available
                0x10005d2c       0x18 CMakeFiles/02_control.dir/C_/Users/kopcapuk/Repositories/pico/pico-sdk/lib/tinyusb/src/class/cdc/cdc_device.c.obj
                0x10005d2c                tud_cdc_n_available
 .text.tud_cdc_n_read
                0x10005d44       0x94 CMakeFiles/02_control.dir/C_/Users/kopcapuk/Repositories/pico/pico-sdk/lib/tinyusb/src/class/cdc/cdc_device.c.obj
                0x10005d44                tud_cdc_n_read
 .text.tud_cdc_n_write_flush
                0x10005dd8       0x78 CMakeFiles/02_control.dir/C_/Users/kopcapuk/Repositories/pico/pico-sdk/lib/tinyusb/src/class/cdc/cdc_device.c.obj
                0x10005dd8                tud_cdc_n_write_flush
 .text.tud_cdc_n_write
                0x10005e50       0x44 CMakeFiles/02_control.dir/C_/Users/kopcapuk/Repositories/pico/pico-sdk/lib/tinyusb/src/class/cdc/cdc_device.c.obj
                0x10005e50                tud_cdc_n_write
 .text.tud_cdc_n_write_available
                0x10005e94       0x18 CMakeFiles/02_control.dir/C_/Users/kopcapuk/Repositories/pico/pico-sdk/lib/tinyusb/src/class/cdc/cdc_device.c.obj
                0x10005e94                tud_cdc_n_write_available
 .text.cdcd_init
                0x10005eac       0x70 CMakeFiles/02_control.dir/C_/Users/kopcapuk/Repositories/pico/pico-sdk/lib/tinyusb/src/class/cdc/cdc_device.c.obj
                0x10005eac                cdcd_init
 .text.cdcd_deinit
                0x10005f1c       0x24 CMakeFiles/02_control.dir/C_/Users/kopcapuk/Repositories/pico/pico-sdk/lib/tinyusb/src/class/cdc/cdc_device.c.obj
                0x10005f1c                cdcd_deinit
 .text.cdcd_reset
                0x10005f40       0x4c CMakeFiles/02_control.dir/C_/Users/kopcapuk/Repositories/pico/pico-sdk/lib/tinyusb/src/class/cdc/cdc_device.c.obj
                0x10005f40                cdcd_reset
 .text.cdcd_open
                0x10005f8c       0xa8 CMakeFiles/02_control.dir/C_/Users/kopcapuk/Repositories/pico/pico-sdk/lib/tinyusb/src/class/cdc/cdc_device.c.obj
                0x10005f8c                cdcd_open
 .text.cdcd_control_xfer_cb
                0x10006034       0xe8 CMakeFiles/02_control.dir/C_/Users/kopcapuk/Repositories/pico/pico-sdk/lib/tinyusb/src/class/cdc/cdc_device.c.obj
                0x10006034                cdcd_control_xfer_cb
 .text.cdcd_xfer_cb
                0x1000611c       0xfc CMakeFiles/02_control.dir/C_/Users/kopcapuk/Repositories/pico/pico-sdk/lib/tinyusb/src/class/cdc/cdc_device.c.obj
                0x1000611c                cdcd_xfer_cb
 .text.vendord_init
                0x10006218       0x5c CMakeFiles/02_control.dir/C_/Users/kopcapuk/Repositories/pico/pico-sdk/lib/tinyusb/src/class/vendor/vendor_device.c.obj
                0x10006218                vendord_init
 .text.vendord_deinit
                0x10006274       0x1c CMakeFiles/02_control.dir/C_/Users/kopcapuk/Repositories/pico/pico-sdk/lib/tinyusb/src/class/vendor/vendor_device.c.obj
                0x10006274                vendord_deinit
 .text.vendord_reset
                0x10006290       0x28 CMakeFiles/02_control.dir/C_/Users/kopcapuk/Repositories/pico/pico-sdk/lib/tinyusb/src/class/vendor/vendor_device.c.obj
                0x10006290                vendord_reset
 .text.vendord_open
                0x100062b8      0x128 CMakeFiles/02_control.dir/C_/Users/kopcapuk/Repositories/pico/pico-sdk/lib/tinyusb/src/class/vendor/vendor_device.c.obj
                0x100062b8                vendord_open
 .text.vendord_xfer_cb
                0x100063e0       0x9c CMakeFiles/02_control.dir/C_/Users/kopcapuk/Repositories/pico/pico-sdk/lib/tinyusb/src/class/vendor/vendor_device.c.obj
                0x100063e0                vendord_xfer_cb
 .text.tusb_rhport_init
                0x1000647c       0x48 CMakeFiles/02_control.dir/C_/Users/kopcapuk/Repositories/pico/pico-sdk/lib/tinyusb/src/tusb.c.obj
                0x1000647c                tusb_rhport_init
 .text.tu_edpt_claim
                0x100064c4       0x50 CMakeFiles/02_control.dir/C_/Users/kopcapuk/Repositories/pico/pico-sdk/lib/tinyusb/src/tusb.c.obj
                0x100064c4                tu_edpt_claim
 .text.tu_edpt_release
                0x10006514       0x38 CMakeFiles/02_control.dir/C_/Users/kopcapuk/Repositories/pico/pico-sdk/lib/tinyusb/src/tusb.c.obj
                0x10006514                tu_edpt_release
 .text.tu_edpt_validate
                0x1000654c       0x78 CMakeFiles/02_control.dir/C_/Users/kopcapuk/Repositories/pico/pico-sdk/lib/tinyusb/src/tusb.c.obj
                0x1000654c                tu_edpt_validate
 .text.tu_edpt_bind_driver
                0x100065c4       0x34 CMakeFiles/02_control.dir/C_/Users/kopcapuk/Repositories/pico/pico-sdk/lib/tinyusb/src/tusb.c.obj
                0x100065c4                tu_edpt_bind_driver
 .text.tu_edpt_stream_init
                0x100065f8       0x6c CMakeFiles/02_control.dir/C_/Users/kopcapuk/Repositories/pico/pico-sdk/lib/tinyusb/src/tusb.c.obj
                0x100065f8                tu_edpt_stream_init
 .text.tu_edpt_stream_deinit
                0x10006664        0x4 CMakeFiles/02_control.dir/C_/Users/kopcapuk/Repositories/pico/pico-sdk/lib/tinyusb/src/tusb.c.obj
                0x10006664                tu_edpt_stream_deinit
 .text.tu_edpt_stream_write_zlp_if_needed
                0x10006668       0x58 CMakeFiles/02_control.dir/C_/Users/kopcapuk/Repositories/pico/pico-sdk/lib/tinyusb/src/tusb.c.obj
                0x10006668                tu_edpt_stream_write_zlp_if_needed
 .text.tu_edpt_stream_write_xfer
                0x100066c0       0x64 CMakeFiles/02_control.dir/C_/Users/kopcapuk/Repositories/pico/pico-sdk/lib/tinyusb/src/tusb.c.obj
                0x100066c0                tu_edpt_stream_write_xfer
 .text.tu_edpt_stream_read_xfer
                0x10006724       0xdc CMakeFiles/02_control.dir/C_/Users/kopcapuk/Repositories/pico/pico-sdk/lib/tinyusb/src/tusb.c.obj
                0x10006724                tu_edpt_stream_read_xfer
 .text.tu_fifo_config
                0x10006800       0x70 CMakeFiles/02_control.dir/C_/Users/kopcapuk/Repositories/pico/pico-sdk/lib/tinyusb/src/common/tusb_fifo.c.obj
                0x10006800                tu_fifo_config
 .text.tu_fifo_count
                0x10006870       0x2c CMakeFiles/02_control.dir/C_/Users/kopcapuk/Repositories/pico/pico-sdk/lib/tinyusb/src/common/tusb_fifo.c.obj
                0x10006870                tu_fifo_count
 .text.tu_fifo_empty
                0x1000689c       0x10 CMakeFiles/02_control.dir/C_/Users/kopcapuk/Repositories/pico/pico-sdk/lib/tinyusb/src/common/tusb_fifo.c.obj
                0x1000689c                tu_fifo_empty
 .text.tu_fifo_remaining
                0x100068ac       0x2c CMakeFiles/02_control.dir/C_/Users/kopcapuk/Repositories/pico/pico-sdk/lib/tinyusb/src/common/tusb_fifo.c.obj
                0x100068ac                tu_fifo_remaining
 .text.tu_fifo_read
                0x100068d8       0xa0 CMakeFiles/02_control.dir/C_/Users/kopcapuk/Repositories/pico/pico-sdk/lib/tinyusb/src/common/tusb_fifo.c.obj
                0x100068d8                tu_fifo_read
 .text.tu_fifo_read_n
                0x10006978       0xec CMakeFiles/02_control.dir/C_/Users/kopcapuk/Repositories/pico/pico-sdk/lib/tinyusb/src/common/tusb_fifo.c.obj
                0x10006978                tu_fifo_read_n
 .text.tu_fifo_write
                0x10006a64       0x88 CMakeFiles/02_control.dir/C_/Users/kopcapuk/Repositories/pico/pico-sdk/lib/tinyusb/src/common/tusb_fifo.c.obj
                0x10006a64                tu_fifo_write
 .text.tu_fifo_write_n
                0x10006aec      0x168 CMakeFiles/02_control.dir/C_/Users/kopcapuk/Repositories/pico/pico-sdk/lib/tinyusb/src/common/tusb_fifo.c.obj
                0x10006aec                tu_fifo_write_n
 .text.tu_fifo_clear
                0x10006c54       0x40 CMakeFiles/02_control.dir/C_/Users/kopcapuk/Repositories/pico/pico-sdk/lib/tinyusb/src/common/tusb_fifo.c.obj
                0x10006c54                tu_fifo_clear
 .text.tu_fifo_set_overwritable
                0x10006c94       0x48 CMakeFiles/02_control.dir/C_/Users/kopcapuk/Repositories/pico/pico-sdk/lib/tinyusb/src/common/tusb_fifo.c.obj
                0x10006c94                tu_fifo_set_overwritable
 .text._calloc_r
                0x10006cdc       0x9c c:/program files (x86)/gnu arm embedded toolchain/10 2021.10/bin/../lib/gcc/arm-none-eabi/10.3.1/../../../../arm-none-eabi/lib/thumb/v6-m/nofp\libg.a(lib_a-callocr.o)
                0x10006cdc                _calloc_r
 .text.__errno  0x10006d78        0xc c:/program files (x86)/gnu arm embedded toolchain/10 2021.10/bin/../lib/gcc/arm-none-eabi/10.3.1/../../../../arm-none-eabi/lib/thumb/v6-m/nofp\libg.a(lib_a-errno.o)
                0x10006d78                __errno
 .text.malloc   0x10006d84       0x14 c:/program files (x86)/gnu arm embedded toolchain/10 2021.10/bin/../lib/gcc/arm-none-eabi/10.3.1/../../../../arm-none-eabi/lib/thumb/v6-m/nofp\libg.a(lib_a-malloc.o)
                0x10006d84                malloc
 .text.free     0x10006d98       0x14 c:/program files (x86)/gnu arm embedded toolchain/10 2021.10/bin/../lib/gcc/arm-none-eabi/10.3.1/../../../../arm-none-eabi/lib/thumb/v6-m/nofp\libg.a(lib_a-malloc.o)
                0x10006d98                free
 .text._malloc_r
                0x10006dac      0x584 c:/program files (x86)/gnu arm embedded toolchain/10 2021.10/bin/../lib/gcc/arm-none-eabi/10.3.1/../../../../arm-none-eabi/lib/thumb/v6-m/nofp\libg.a(lib_a-mallocr.o)
                0x10006dac                _malloc_r
 .text.__malloc_lock
                0x10007330       0x10 c:/program files (x86)/gnu arm embedded toolchain/10 2021.10/bin/../lib/gcc/arm-none-eabi/10.3.1/../../../../arm-none-eabi/lib/thumb/v6-m/nofp\libg.a(lib_a-mlock.o)
                0x10007330                __malloc_lock
 .text.__malloc_unlock
                0x10007340       0x10 c:/program files (x86)/gnu arm embedded toolchain/10 2021.10/bin/../lib/gcc/arm-none-eabi/10.3.1/../../../../arm-none-eabi/lib/thumb/v6-m/nofp\libg.a(lib_a-mlock.o)
                0x10007340                __malloc_unlock
 .text.realloc  0x10007350       0x18 c:/program files (x86)/gnu arm embedded toolchain/10 2021.10/bin/../lib/gcc/arm-none-eabi/10.3.1/../../../../arm-none-eabi/lib/thumb/v6-m/nofp\libg.a(lib_a-realloc.o)
                0x10007350                realloc
 .text._realloc_r
                0x10007368      0x354 c:/program files (x86)/gnu arm embedded toolchain/10 2021.10/bin/../lib/gcc/arm-none-eabi/10.3.1/../../../../arm-none-eabi/lib/thumb/v6-m/nofp\libg.a(lib_a-reallocr.o)
                0x10007368                _realloc_r
 .text._sbrk_r  0x100076bc       0x24 c:/program files (x86)/gnu arm embedded toolchain/10 2021.10/bin/../lib/gcc/arm-none-eabi/10.3.1/../../../../arm-none-eabi/lib/thumb/v6-m/nofp\libg.a(lib_a-sbrkr.o)
                0x100076bc                _sbrk_r
 .text.sscanf   0x100076e0       0x50 c:/program files (x86)/gnu arm embedded toolchain/10 2021.10/bin/../lib/gcc/arm-none-eabi/10.3.1/../../../../arm-none-eabi/lib/thumb/v6-m/nofp\libg.a(lib_a-sscanf.o)
                0x100076e0                sscanf
 .text.__seofread
                0x10007730        0x4 c:/program files (x86)/gnu arm embedded toolchain/10 2021.10/bin/../lib/gcc/arm-none-eabi/10.3.1/../../../../arm-none-eabi/lib/thumb/v6-m/nofp\libg.a(lib_a-stdio.o)
                0x10007730                __seofread
 .text.strchr   0x10007734       0xc0 c:/program files (x86)/gnu arm embedded toolchain/10 2021.10/bin/../lib/gcc/arm-none-eabi/10.3.1/../../../../arm-none-eabi/lib/thumb/v6-m/nofp\libg.a(lib_a-strchr.o)
                0x10007734                strchr
 .text          0x100077f4       0x88 c:/program files (x86)/gnu arm embedded toolchain/10 2021.10/bin/../lib/gcc/arm-none-eabi/10.3.1/../../../../arm-none-eabi/lib/thumb/v6-m/nofp\libg.a(lib_a-strcmp.o)
                0x100077f4                strcmp
 .text.strlen   0x1000787c       0x5c c:/program files (x86)/gnu arm embedded toolchain/10 2021.10/bin/../lib/gcc/arm-none-eabi/10.3.1/../../../../arm-none-eabi/lib/thumb/v6-m/nofp\libg.a(lib_a-strlen-stub.o)
                0x1000787c                strlen
 .text._strtoul_l.constprop.0
                0x100078d8      0x148 c:/program files (x86)/gnu arm embedded toolchain/10 2021.10/bin/../lib/gcc/arm-none-eabi/10.3.1/../../../../arm-none-eabi/lib/thumb/v6-m/nofp\libg.a(lib_a-strtoul.o)
 .text._strtoul_r
                0x10007a20        0x8 c:/program files (x86)/gnu arm embedded toolchain/10 2021.10/bin/../lib/gcc/arm-none-eabi/10.3.1/../../../../arm-none-eabi/lib/thumb/v6-m/nofp\libg.a(lib_a-strtoul.o)
                0x10007a20                _strtoul_r
 .text.strtoul  0x10007a28       0x18 c:/program files (x86)/gnu arm embedded toolchain/10 2021.10/bin/../lib/gcc/arm-none-eabi/10.3.1/../../../../arm-none-eabi/lib/thumb/v6-m/nofp\libg.a(lib_a-strtoul.o)
                0x10007a28                strtoul
 .text.__ssvfscanf_r
                0x10007a40     0x17a0 c:/program files (x86)/gnu arm embedded toolchain/10 2021.10/bin/../lib/gcc/arm-none-eabi/10.3.1/../../../../arm-none-eabi/lib/thumb/v6-m/nofp\libg.a(lib_a-svfscanf.o)
                0x10007a40                __ssvfscanf_r
 .text._malloc_trim_r
                0x100091e0       0x9c c:/program files (x86)/gnu arm embedded toolchain/10 2021.10/bin/../lib/gcc/arm-none-eabi/10.3.1/../../../../arm-none-eabi/lib/thumb/v6-m/nofp\libg.a(lib_a-freer.o)
                0x100091e0                _malloc_trim_r
 .text._free_r  0x1000927c      0x1c4 c:/program files (x86)/gnu arm embedded toolchain/10 2021.10/bin/../lib/gcc/arm-none-eabi/10.3.1/../../../../arm-none-eabi/lib/thumb/v6-m/nofp\libg.a(lib_a-freer.o)
                0x1000927c                _free_r
 .text.iswspace
                0x10009440        0xc c:/program files (x86)/gnu arm embedded toolchain/10 2021.10/bin/../lib/gcc/arm-none-eabi/10.3.1/../../../../arm-none-eabi/lib/thumb/v6-m/nofp\libg.a(lib_a-iswspace.o)
                0x10009440                iswspace
 .text.iswspace_l
                0x1000944c       0x18 c:/program files (x86)/gnu arm embedded toolchain/10 2021.10/bin/../lib/gcc/arm-none-eabi/10.3.1/../../../../arm-none-eabi/lib/thumb/v6-m/nofp\libg.a(lib_a-iswspace_l.o)
                0x1000944c                iswspace_l
 .text.__locale_mb_cur_max
                0x10009464       0x10 c:/program files (x86)/gnu arm embedded toolchain/10 2021.10/bin/../lib/gcc/arm-none-eabi/10.3.1/../../../../arm-none-eabi/lib/thumb/v6-m/nofp\libg.a(lib_a-locale.o)
                0x10009464                __locale_mb_cur_max
 .text._localeconv_r
                0x10009474        0x8 c:/program files (x86)/gnu arm embedded toolchain/10 2021.10/bin/../lib/gcc/arm-none-eabi/10.3.1/../../../../arm-none-eabi/lib/thumb/v6-m/nofp\libg.a(lib_a-localeconv.o)
                0x10009474                _localeconv_r
 .text.__retarget_lock_acquire_recursive
                0x1000947c        0x4 c:/program files (x86)/gnu arm embedded toolchain/10 2021.10/bin/../lib/gcc/arm-none-eabi/10.3.1/../../../../arm-none-eabi/lib/thumb/v6-m/nofp\libg.a(lib_a-lock.o)
                0x1000947c                __retarget_lock_acquire_recursive
 .text.__retarget_lock_release_recursive
                0x10009480        0x4 c:/program files (x86)/gnu arm embedded toolchain/10 2021.10/bin/../lib/gcc/arm-none-eabi/10.3.1/../../../../arm-none-eabi/lib/thumb/v6-m/nofp\libg.a(lib_a-lock.o)
                0x10009480                __retarget_lock_release_recursive
 .text._mbrtowc_r
                0x10009484       0x4c c:/program files (x86)/gnu arm embedded toolchain/10 2021.10/bin/../lib/gcc/arm-none-eabi/10.3.1/../../../../arm-none-eabi/lib/thumb/v6-m/nofp\libg.a(lib_a-mbrtowc.o)
                0x10009484                _mbrtowc_r
 .text.__ascii_mbtowc
                0x100094d0       0x2c c:/program files (x86)/gnu arm embedded toolchain/10 2021.10/bin/../lib/gcc/arm-none-eabi/10.3.1/../../../../arm-none-eabi/lib/thumb/v6-m/nofp\libg.a(lib_a-mbtowc_r.o)
                0x100094d0                __ascii_mbtowc
 .text.memmove  0x100094fc       0xac c:/program files (x86)/gnu arm embedded toolchain/10 2021.10/bin/../lib/gcc/arm-none-eabi/10.3.1/../../../../arm-none-eabi/lib/thumb/v6-m/nofp\libg.a(lib_a-memmove.o)
                0x100094fc                memmove
 .text.__sccl   0x100095a8       0x80 c:/program files (x86)/gnu arm embedded toolchain/10 2021.10/bin/../lib/gcc/arm-none-eabi/10.3.1/../../../../arm-none-eabi/lib/thumb/v6-m/nofp\libg.a(lib_a-sccl.o)
                0x100095a8                __sccl
 .text.nanf     0x10009628        0x8 c:/program files (x86)/gnu arm embedded toolchain/10 2021.10/bin/../lib/gcc/arm-none-eabi/10.3.1/../../../../arm-none-eabi/lib/thumb/v6-m/nofp\libg.a(lib_a-sf_nan.o)
                0x10009628                nanf
 .text.strncmp  0x10009630       0x74 c:/program files (x86)/gnu arm embedded toolchain/10 2021.10/bin/../lib/gcc/arm-none-eabi/10.3.1/../../../../arm-none-eabi/lib/thumb/v6-m/nofp\libg.a(lib_a-strncmp.o)
                0x10009630                strncmp
 .text._strtod_l
                0x100096a4      0xf78 c:/program files (x86)/gnu arm embedded toolchain/10 2021.10/bin/../lib/gcc/arm-none-eabi/10.3.1/../../../../arm-none-eabi/lib/thumb/v6-m/nofp\libg.a(lib_a-strtod.o)
                0x100096a4                _strtod_l
 .text._strtod_r
                0x1000a61c       0x10 c:/program files (x86)/gnu arm embedded toolchain/10 2021.10/bin/../lib/gcc/arm-none-eabi/10.3.1/../../../../arm-none-eabi/lib/thumb/v6-m/nofp\libg.a(lib_a-strtod.o)
                0x1000a61c                _strtod_r
 .text._strtol_l.part.0
                0x1000a62c      0x144 c:/program files (x86)/gnu arm embedded toolchain/10 2021.10/bin/../lib/gcc/arm-none-eabi/10.3.1/../../../../arm-none-eabi/lib/thumb/v6-m/nofp\libg.a(lib_a-strtol.o)
 .text._strtol_r
                0x1000a770       0x1c c:/program files (x86)/gnu arm embedded toolchain/10 2021.10/bin/../lib/gcc/arm-none-eabi/10.3.1/../../../../arm-none-eabi/lib/thumb/v6-m/nofp\libg.a(lib_a-strtol.o)
                0x1000a770                _strtol_r
 .text._strtoll_l.constprop.0
                0x1000a78c      0x198 c:/program files (x86)/gnu arm embedded toolchain/10 2021.10/bin/../lib/gcc/arm-none-eabi/10.3.1/../../../../arm-none-eabi/lib/thumb/v6-m/nofp\libg.a(lib_a-strtoll.o)
 .text._strtoll_r
                0x1000a924        0x8 c:/program files (x86)/gnu arm embedded toolchain/10 2021.10/bin/../lib/gcc/arm-none-eabi/10.3.1/../../../../arm-none-eabi/lib/thumb/v6-m/nofp\libg.a(lib_a-strtoll.o)
                0x1000a924                _strtoll_r
 .text._strtoull_l.constprop.0
                0x1000a92c      0x1bc c:/program files (x86)/gnu arm embedded toolchain/10 2021.10/bin/../lib/gcc/arm-none-eabi/10.3.1/../../../../arm-none-eabi/lib/thumb/v6-m/nofp\libg.a(lib_a-strtoull.o)
 .text._strtoull_r
                0x1000aae8        0x8 c:/program files (x86)/gnu arm embedded toolchain/10 2021.10/bin/../lib/gcc/arm-none-eabi/10.3.1/../../../../arm-none-eabi/lib/thumb/v6-m/nofp\libg.a(lib_a-strtoull.o)
                0x1000aae8                _strtoull_r
 .text._sungetc_r
                0x1000aaf0       0x84 c:/program files (x86)/gnu arm embedded toolchain/10 2021.10/bin/../lib/gcc/arm-none-eabi/10.3.1/../../../../arm-none-eabi/lib/thumb/v6-m/nofp\libg.a(lib_a-svfiscanf.o)
                0x1000aaf0                _sungetc_r
 .text.__ssrefill_r
                0x1000ab74       0x40 c:/program files (x86)/gnu arm embedded toolchain/10 2021.10/bin/../lib/gcc/arm-none-eabi/10.3.1/../../../../arm-none-eabi/lib/thumb/v6-m/nofp\libg.a(lib_a-svfiscanf.o)
                0x1000ab74                __ssrefill_r
 .text._sfread_r
                0x1000abb4       0xc4 c:/program files (x86)/gnu arm embedded toolchain/10 2021.10/bin/../lib/gcc/arm-none-eabi/10.3.1/../../../../arm-none-eabi/lib/thumb/v6-m/nofp\libg.a(lib_a-svfiscanf.o)
                0x1000abb4                _sfread_r
 .text.__submore
                0x1000ac78       0x84 c:/program files (x86)/gnu arm embedded toolchain/10 2021.10/bin/../lib/gcc/arm-none-eabi/10.3.1/../../../../arm-none-eabi/lib/thumb/v6-m/nofp\libg.a(lib_a-ungetc.o)
                0x1000ac78                __submore
 .text.__ascii_wctomb
                0x1000acfc       0x1c c:/program files (x86)/gnu arm embedded toolchain/10 2021.10/bin/../lib/gcc/arm-none-eabi/10.3.1/../../../../arm-none-eabi/lib/thumb/v6-m/nofp\libg.a(lib_a-wctomb_r.o)
                0x1000acfc                __ascii_wctomb
 .text.rshift   0x1000ad18       0xa4 c:/program files (x86)/gnu arm embedded toolchain/10 2021.10/bin/../lib/gcc/arm-none-eabi/10.3.1/../../../../arm-none-eabi/lib/thumb/v6-m/nofp\libg.a(lib_a-gdtoa-gethex.o)
 .text.__gethex
                0x1000adbc      0x5cc c:/program files (x86)/gnu arm embedded toolchain/10 2021.10/bin/../lib/gcc/arm-none-eabi/10.3.1/../../../../arm-none-eabi/lib/thumb/v6-m/nofp\libg.a(lib_a-gdtoa-gethex.o)
                0x1000adbc                __gethex
 .text.__match  0x1000b388       0x2c c:/program files (x86)/gnu arm embedded toolchain/10 2021.10/bin/../lib/gcc/arm-none-eabi/10.3.1/../../../../arm-none-eabi/lib/thumb/v6-m/nofp\libg.a(lib_a-gdtoa-hexnan.o)
                0x1000b388                __match
 .text.__hexnan
                0x1000b3b4      0x1d0 c:/program files (x86)/gnu arm embedded toolchain/10 2021.10/bin/../lib/gcc/arm-none-eabi/10.3.1/../../../../arm-none-eabi/lib/thumb/v6-m/nofp\libg.a(lib_a-gdtoa-hexnan.o)
                0x1000b3b4                __hexnan
 .text._Balloc  0x1000b584       0x50 c:/program files (x86)/gnu arm embedded toolchain/10 2021.10/bin/../lib/gcc/arm-none-eabi/10.3.1/../../../../arm-none-eabi/lib/thumb/v6-m/nofp\libg.a(lib_a-mprec.o)
                0x1000b584                _Balloc
 .text._Bfree   0x1000b5d4       0x14 c:/program files (x86)/gnu arm embedded toolchain/10 2021.10/bin/../lib/gcc/arm-none-eabi/10.3.1/../../../../arm-none-eabi/lib/thumb/v6-m/nofp\libg.a(lib_a-mprec.o)
                0x1000b5d4                _Bfree
 .text.__multadd
                0x1000b5e8       0xa8 c:/program files (x86)/gnu arm embedded toolchain/10 2021.10/bin/../lib/gcc/arm-none-eabi/10.3.1/../../../../arm-none-eabi/lib/thumb/v6-m/nofp\libg.a(lib_a-mprec.o)
                0x1000b5e8                __multadd
 .text.__s2b    0x1000b690       0xb0 c:/program files (x86)/gnu arm embedded toolchain/10 2021.10/bin/../lib/gcc/arm-none-eabi/10.3.1/../../../../arm-none-eabi/lib/thumb/v6-m/nofp\libg.a(lib_a-mprec.o)
                0x1000b690                __s2b
 .text.__hi0bits
                0x1000b740       0x38 c:/program files (x86)/gnu arm embedded toolchain/10 2021.10/bin/../lib/gcc/arm-none-eabi/10.3.1/../../../../arm-none-eabi/lib/thumb/v6-m/nofp\libg.a(lib_a-mprec.o)
                0x1000b740                __hi0bits
 .text.__lo0bits
                0x1000b778       0x5c c:/program files (x86)/gnu arm embedded toolchain/10 2021.10/bin/../lib/gcc/arm-none-eabi/10.3.1/../../../../arm-none-eabi/lib/thumb/v6-m/nofp\libg.a(lib_a-mprec.o)
                0x1000b778                __lo0bits
 .text.__i2b    0x1000b7d4       0x60 c:/program files (x86)/gnu arm embedded toolchain/10 2021.10/bin/../lib/gcc/arm-none-eabi/10.3.1/../../../../arm-none-eabi/lib/thumb/v6-m/nofp\libg.a(lib_a-mprec.o)
                0x1000b7d4                __i2b
 .text.__multiply
                0x1000b834      0x1a4 c:/program files (x86)/gnu arm embedded toolchain/10 2021.10/bin/../lib/gcc/arm-none-eabi/10.3.1/../../../../arm-none-eabi/lib/thumb/v6-m/nofp\libg.a(lib_a-mprec.o)
                0x1000b834                __multiply
 .text.__pow5mult
                0x1000b9d8       0xd8 c:/program files (x86)/gnu arm embedded toolchain/10 2021.10/bin/../lib/gcc/arm-none-eabi/10.3.1/../../../../arm-none-eabi/lib/thumb/v6-m/nofp\libg.a(lib_a-mprec.o)
                0x1000b9d8                __pow5mult
 .text.__lshift
                0x1000bab0       0xfc c:/program files (x86)/gnu arm embedded toolchain/10 2021.10/bin/../lib/gcc/arm-none-eabi/10.3.1/../../../../arm-none-eabi/lib/thumb/v6-m/nofp\libg.a(lib_a-mprec.o)
                0x1000bab0                __lshift
 .text.__mcmp   0x1000bbac       0x34 c:/program files (x86)/gnu arm embedded toolchain/10 2021.10/bin/../lib/gcc/arm-none-eabi/10.3.1/../../../../arm-none-eabi/lib/thumb/v6-m/nofp\libg.a(lib_a-mprec.o)
                0x1000bbac                __mcmp
 .text.__mdiff  0x1000bbe0      0x18c c:/program files (x86)/gnu arm embedded toolchain/10 2021.10/bin/../lib/gcc/arm-none-eabi/10.3.1/../../../../arm-none-eabi/lib/thumb/v6-m/nofp\libg.a(lib_a-mprec.o)
                0x1000bbe0                __mdiff
 .text.__ulp    0x1000bd6c       0x48 c:/program files (x86)/gnu arm embedded toolchain/10 2021.10/bin/../lib/gcc/arm-none-eabi/10.3.1/../../../../arm-none-eabi/lib/thumb/v6-m/nofp\libg.a(lib_a-mprec.o)
                0x1000bd6c                __ulp
 .text.__b2d    0x1000bdb4       0xc8 c:/program files (x86)/gnu arm embedded toolchain/10 2021.10/bin/../lib/gcc/arm-none-eabi/10.3.1/../../../../arm-none-eabi/lib/thumb/v6-m/nofp\libg.a(lib_a-mprec.o)
                0x1000bdb4                __b2d
 .text.__d2b    0x1000be7c       0xd8 c:/program files (x86)/gnu arm embedded toolchain/10 2021.10/bin/../lib/gcc/arm-none-eabi/10.3.1/../../../../arm-none-eabi/lib/thumb/v6-m/nofp\libg.a(lib_a-mprec.o)
                0x1000be7c                __d2b
 .text.__ratio  0x1000bf54       0x68 c:/program files (x86)/gnu arm embedded toolchain/10 2021.10/bin/../lib/gcc/arm-none-eabi/10.3.1/../../../../arm-none-eabi/lib/thumb/v6-m/nofp\libg.a(lib_a-mprec.o)
                0x1000bf54                __ratio
 .text.__copybits
                0x1000bfbc       0x40 c:/program files (x86)/gnu arm embedded toolchain/10 2021.10/bin/../lib/gcc/arm-none-eabi/10.3.1/../../../../arm-none-eabi/lib/thumb/v6-m/nofp\libg.a(lib_a-mprec.o)
                0x1000bfbc                __copybits
 .text.__any_on
                0x1000bffc       0x50 c:/program files (x86)/gnu arm embedded toolchain/10 2021.10/bin/../lib/gcc/arm-none-eabi/10.3.1/../../../../arm-none-eabi/lib/thumb/v6-m/nofp\libg.a(lib_a-mprec.o)
                0x1000bffc                __any_on
 .text.nan      0x1000c04c        0xc c:/program files (x86)/gnu arm embedded toolchain/10 2021.10/bin/../lib/gcc/arm-none-eabi/10.3.1/../../../../arm-none-eabi/lib/thumb/v6-m/nofp\libg.a(lib_a-s_nan.o)
                0x1000c04c                nan
 *(.fini)
 .fini          0x1000c058        0x4 c:/program files (x86)/gnu arm embedded toolchain/10 2021.10/bin/../lib/gcc/arm-none-eabi/10.3.1/thumb/v6-m/nofp/crti.o
                0x1000c058                _fini
 *fill*         0x1000c05c        0x4 
 .fini.__stub   0x1000c060       0xd0 linker stubs
 *crtbegin.o(.ctors)
 *crtbegin?.o(.ctors)
 *(EXCLUDE_FILE(*crtend.o *crtend?.o) .ctors)
 *(SORT_BY_NAME(.ctors.*))
 *(.ctors)
 *crtbegin.o(.dtors)
 *crtbegin?.o(.dtors)
 *(EXCLUDE_FILE(*crtend.o *crtend?.o) .dtors)
 *(SORT_BY_NAME(.dtors.*))
 *(.dtors)
                0x1000c130                . = ALIGN (0x4)
                0x1000c130                PROVIDE (__preinit_array_start = .)
 *(SORT_BY_NAME(.preinit_array.*))
 .preinit_array.00100
                0x1000c130        0x4 CMakeFiles/02_control.dir/C_/Users/kopcapuk/Repositories/pico/pico-sdk/src/rp2_common/pico_runtime_init/runtime_init.c.obj
                0x1000c130                __pre_init_runtime_init_early_resets
 .preinit_array.00101
                0x1000c134        0x4 CMakeFiles/02_control.dir/C_/Users/kopcapuk/Repositories/pico/pico-sdk/src/rp2_common/pico_runtime_init/runtime_init.c.obj
                0x1000c134                __pre_init_runtime_init_usb_power_down
 .preinit_array.00275
                0x1000c138        0x4 CMakeFiles/02_control.dir/C_/Users/kopcapuk/Repositories/pico/pico-sdk/src/rp2_common/pico_bit_ops/bit_ops_aeabi.S.obj
 .preinit_array.00300
                0x1000c13c        0x4 CMakeFiles/02_control.dir/C_/Users/kopcapuk/Repositories/pico/pico-sdk/src/rp2_common/pico_mem_ops/mem_ops_aeabi.S.obj
 .preinit_array.00350
                0x1000c140        0x4 CMakeFiles/02_control.dir/C_/Users/kopcapuk/Repositories/pico/pico-sdk/src/rp2_common/pico_double/double_aeabi_rp2040.S.obj
 .preinit_array.00350
                0x1000c144        0x4 CMakeFiles/02_control.dir/C_/Users/kopcapuk/Repositories/pico/pico-sdk/src/rp2_common/pico_float/float_aeabi_rp2040.S.obj
 .preinit_array.00500
                0x1000c148        0x4 CMakeFiles/02_control.dir/C_/Users/kopcapuk/Repositories/pico/pico-sdk/src/rp2_common/pico_runtime_init/runtime_init.c.obj
                0x1000c148                __pre_init_runtime_init_clocks
 .preinit_array.00600
                0x1000c14c        0x4 CMakeFiles/02_control.dir/C_/Users/kopcapuk/Repositories/pico/pico-sdk/src/rp2_common/pico_runtime_init/runtime_init.c.obj
                0x1000c14c                __pre_init_runtime_init_post_clock_resets
 .preinit_array.00700
                0x1000c150        0x4 CMakeFiles/02_control.dir/C_/Users/kopcapuk/Repositories/pico/pico-sdk/src/rp2_common/pico_runtime_init/runtime_init.c.obj
                0x1000c150                __pre_init_runtime_init_rp2040_gpio_ie_disable
 .preinit_array.01000
                0x1000c154        0x4 CMakeFiles/02_control.dir/C_/Users/kopcapuk/Repositories/pico/pico-sdk/src/rp2_common/pico_runtime_init/runtime_init.c.obj
                0x1000c154                __pre_init_runtime_init_spin_locks_reset
 .preinit_array.01100
                0x1000c158        0x4 CMakeFiles/02_control.dir/C_/Users/kopcapuk/Repositories/pico/pico-sdk/src/common/pico_sync/mutex.c.obj
                0x1000c158                __pre_init_runtime_init_mutex
 .preinit_array.10080
                0x1000c15c        0x4 CMakeFiles/02_control.dir/C_/Users/kopcapuk/Repositories/pico/pico-sdk/src/rp2_common/pico_runtime_init/runtime_init.c.obj
                0x1000c15c                __pre_init_runtime_init_install_ram_vector_table
 .preinit_array.11000
                0x1000c160        0x4 CMakeFiles/02_control.dir/C_/Users/kopcapuk/Repositories/pico/pico-sdk/src/common/pico_time/time.c.obj
                0x1000c160                __pre_init_runtime_init_default_alarm_pool
 .preinit_array.YYYYY
                0x1000c164        0x4 CMakeFiles/02_control.dir/C_/Users/kopcapuk/Repositories/pico/pico-sdk/src/rp2_common/pico_runtime/runtime.c.obj
                0x1000c164                __pre_init_first_per_core_initializer
 .preinit_array.ZZZZZ.01200
                0x1000c168        0x4 CMakeFiles/02_control.dir/C_/Users/kopcapuk/Repositories/pico/pico-sdk/src/rp2_common/hardware_irq/irq.c.obj
                0x1000c168                __pre_init_runtime_init_per_core_irq_priorities
 *(.preinit_array)
                0x1000c16c                PROVIDE (__preinit_array_end = .)
                0x1000c16c                . = ALIGN (0x4)
                0x1000c16c                PROVIDE (__init_array_start = .)
 *(SORT_BY_NAME(.init_array.*))
 .init_array.01000
                0x1000c16c        0x4 CMakeFiles/02_control.dir/C_/Users/kopcapuk/Repositories/pico/pico-sdk/src/rp2_common/pico_unique_id/unique_id.c.obj
 *(.init_array)
 .init_array    0x1000c170        0x4 c:/program files (x86)/gnu arm embedded toolchain/10 2021.10/bin/../lib/gcc/arm-none-eabi/10.3.1/thumb/v6-m/nofp/crtbegin.o
                0x1000c174                PROVIDE (__init_array_end = .)
                0x1000c174                . = ALIGN (0x4)
                [!provide]                PROVIDE (__fini_array_start = .)
 *(SORT_BY_NAME(.fini_array.*))
 *(.fini_array)
                [!provide]                PROVIDE (__fini_array_end = .)
 *(.eh_frame*)
 .eh_frame      0x1000c174        0x0 c:/program files (x86)/gnu arm embedded toolchain/10 2021.10/bin/../lib/gcc/arm-none-eabi/10.3.1/thumb/v6-m/nofp/crtbegin.o
                0x1000c174                . = ALIGN (0x4)

.glue_7         0x1000c174        0x0
 .glue_7        0x1000c174        0x0 linker stubs

.glue_7t        0x1000c174        0x0
 .glue_7t       0x1000c174        0x0 linker stubs

.vfp11_veneer   0x1000c174        0x0
 .vfp11_veneer  0x1000c174        0x0 linker stubs

.v4_bx          0x1000c174        0x0
 .v4_bx         0x1000c174        0x0 linker stubs

.iplt           0x1000c174        0x0
 .iplt          0x1000c174        0x0 c:/program files (x86)/gnu arm embedded toolchain/10 2021.10/bin/../lib/gcc/arm-none-eabi/10.3.1/thumb/v6-m/nofp/crtbegin.o

.rodata         0x1000c178     0x127c
 *(EXCLUDE_FILE(*libm.a: *libc.a:*lib_a-mem*.o *libgcc.a:) .rodata*)
 .rodata.version_callback.str1.4
                0x1000c178       0x41 CMakeFiles/02_control.dir/main.c.obj
 *fill*         0x1000c1b9        0x3 
 .rodata.led_blink_set_period_ms_callback.str1.4
                0x1000c1bc       0x1d CMakeFiles/02_control.dir/main.c.obj
 *fill*         0x1000c1d9        0x3 
 .rodata.help_callback.str1.4
                0x1000c1dc       0x24 CMakeFiles/02_control.dir/main.c.obj
 .rodata.mem_callback.str1.4
                0x1000c200       0x20 CMakeFiles/02_control.dir/main.c.obj
 .rodata.wmem_callback.str1.4
                0x1000c220       0x2a CMakeFiles/02_control.dir/main.c.obj
 *fill*         0x1000c24a        0x2 
 .rodata.str1.4
                0x1000c24c      0x11a CMakeFiles/02_control.dir/main.c.obj
 *fill*         0x1000c366        0x2 
 .rodata.stdio_task_handle.str1.4
                0x1000c368       0x17 CMakeFiles/02_control.dir/stdio-task/stdio-task.c.obj
 *fill*         0x1000c37f        0x1 
 .rodata.protocol_task_handle.str1.4
                0x1000c380       0x39 CMakeFiles/02_control.dir/protocol-task/protocol-task.c.obj
                                 0x3d (size before relaxing)
 *fill*         0x1000c3b9        0x3 
 .rodata.mem.str1.4
                0x1000c3bc       0x16 CMakeFiles/02_control.dir/mem-wmem-task/mem-wmem-task.c.obj
 *fill*         0x1000c3d2        0x2 
 .rodata.wmem.str1.4
                0x1000c3d4       0x1d CMakeFiles/02_control.dir/mem-wmem-task/mem-wmem-task.c.obj
 *fill*         0x1000c3f1        0x3 
 .rodata.panic.str1.4
                0x1000c3f4       0x10 CMakeFiles/02_control.dir/C_/Users/kopcapuk/Repositories/pico/pico-sdk/src/rp2_common/pico_platform_panic/panic.c.obj
                                 0x12 (size before relaxing)
 .rodata.spin_lock_claim_unused.str1.4
                0x1000c404       0x1b CMakeFiles/02_control.dir/C_/Users/kopcapuk/Repositories/pico/pico-sdk/src/rp2_common/hardware_sync/sync.c.obj
 *fill*         0x1000c41f        0x1 
 .rodata.user_irq_claim_unused.str1.4
                0x1000c420       0x1b CMakeFiles/02_control.dir/C_/Users/kopcapuk/Repositories/pico/pico-sdk/src/rp2_common/hardware_irq/irq.c.obj
 *fill*         0x1000c43b        0x1 
 .rodata.timer_hardware_alarm_claim.str1.4
                0x1000c43c       0x22 CMakeFiles/02_control.dir/C_/Users/kopcapuk/Repositories/pico/pico-sdk/src/rp2_common/hardware_timer/timer.c.obj
 *fill*         0x1000c45e        0x2 
 .rodata.hard_assertion_failure.str1.4
                0x1000c460        0xc CMakeFiles/02_control.dir/C_/Users/kopcapuk/Repositories/pico/pico-sdk/src/rp2_common/pico_runtime/runtime.c.obj
 .rodata.__wrap_malloc.str1.4
                0x1000c46c        0xe CMakeFiles/02_control.dir/C_/Users/kopcapuk/Repositories/pico/pico-sdk/src/rp2_common/pico_malloc/malloc.c.obj
 *fill*         0x1000c47a        0x2 
 .rodata.str1.4
                0x1000c47c       0x40 CMakeFiles/02_control.dir/C_/Users/kopcapuk/Repositories/pico/pico-sdk/src/rp2_common/pico_standard_binary_info/standard_binary_info.c.obj
 .rodata.__bi_26
                0x1000c4bc        0xc CMakeFiles/02_control.dir/C_/Users/kopcapuk/Repositories/pico/pico-sdk/src/rp2_common/pico_standard_binary_info/standard_binary_info.c.obj
 .rodata.__bi_34
                0x1000c4c8        0xc CMakeFiles/02_control.dir/C_/Users/kopcapuk/Repositories/pico/pico-sdk/src/rp2_common/pico_standard_binary_info/standard_binary_info.c.obj
 .rodata.__bi_42
                0x1000c4d4        0xc CMakeFiles/02_control.dir/C_/Users/kopcapuk/Repositories/pico/pico-sdk/src/rp2_common/pico_standard_binary_info/standard_binary_info.c.obj
 .rodata.__bi_48
                0x1000c4e0        0xc CMakeFiles/02_control.dir/C_/Users/kopcapuk/Repositories/pico/pico-sdk/src/rp2_common/pico_standard_binary_info/standard_binary_info.c.obj
 .rodata.__bi_54
                0x1000c4ec        0xc CMakeFiles/02_control.dir/C_/Users/kopcapuk/Repositories/pico/pico-sdk/src/rp2_common/pico_standard_binary_info/standard_binary_info.c.obj
 .rodata.__bi_78
                0x1000c4f8        0xc CMakeFiles/02_control.dir/C_/Users/kopcapuk/Repositories/pico/pico-sdk/src/rp2_common/pico_standard_binary_info/standard_binary_info.c.obj
 .rodata.__bi_84
                0x1000c504        0xc CMakeFiles/02_control.dir/C_/Users/kopcapuk/Repositories/pico/pico-sdk/src/rp2_common/pico_standard_binary_info/standard_binary_info.c.obj
 .rodata._ftoa.str1.4
                0x1000c510       0x15 CMakeFiles/02_control.dir/C_/Users/kopcapuk/Repositories/pico/pico-sdk/src/rp2_common/pico_printf/printf.c.obj
 *fill*         0x1000c525        0x3 
 .rodata._vsnprintf
                0x1000c528      0x1e0 CMakeFiles/02_control.dir/C_/Users/kopcapuk/Repositories/pico/pico-sdk/src/rp2_common/pico_printf/printf.c.obj
 .rodata.pow10.0
                0x1000c708       0x50 CMakeFiles/02_control.dir/C_/Users/kopcapuk/Repositories/pico/pico-sdk/src/rp2_common/pico_printf/printf.c.obj
 .rodata.__assert_func.str1.4
                0x1000c758       0x3f CMakeFiles/02_control.dir/C_/Users/kopcapuk/Repositories/pico/pico-sdk/src/rp2_common/pico_clib_interface/newlib_interface.c.obj
                                 0x43 (size before relaxing)
 *fill*         0x1000c797        0x1 
 .rodata.crlf_str.0
                0x1000c798        0x2 CMakeFiles/02_control.dir/C_/Users/kopcapuk/Repositories/pico/pico-sdk/src/rp2_common/pico_stdio/stdio.c.obj
 *fill*         0x1000c79a        0x2 
 .rodata._resetd_driver
                0x1000c79c       0x20 CMakeFiles/02_control.dir/C_/Users/kopcapuk/Repositories/pico/pico-sdk/src/rp2_common/pico_stdio_usb/reset_interface.c.obj
 .rodata.desc_bos
                0x1000c7bc       0x21 CMakeFiles/02_control.dir/C_/Users/kopcapuk/Repositories/pico/pico-sdk/src/rp2_common/pico_stdio_usb/reset_interface.c.obj
                0x1000c7bc                desc_bos
 *fill*         0x1000c7dd        0x3 
 .rodata.desc_ms_os_20
                0x1000c7e0       0xa6 CMakeFiles/02_control.dir/C_/Users/kopcapuk/Repositories/pico/pico-sdk/src/rp2_common/pico_stdio_usb/reset_interface.c.obj
 *fill*         0x1000c886        0x2 
 .rodata.str1.4
                0x1000c888       0x13 CMakeFiles/02_control.dir/C_/Users/kopcapuk/Repositories/pico/pico-sdk/src/rp2_common/pico_stdio_usb/stdio_usb.c.obj
 *fill*         0x1000c89b        0x1 
 .rodata.__bi_202.0
                0x1000c89c        0xc CMakeFiles/02_control.dir/C_/Users/kopcapuk/Repositories/pico/pico-sdk/src/rp2_common/pico_stdio_usb/stdio_usb.c.obj
 .rodata.str1.4
                0x1000c8a8       0x2a CMakeFiles/02_control.dir/C_/Users/kopcapuk/Repositories/pico/pico-sdk/src/rp2_common/pico_stdio_usb/stdio_usb_descriptors.c.obj
 *fill*         0x1000c8d2        0x2 
 .rodata.usbd_desc_cfg
                0x1000c8d4       0x54 CMakeFiles/02_control.dir/C_/Users/kopcapuk/Repositories/pico/pico-sdk/src/rp2_common/pico_stdio_usb/stdio_usb_descriptors.c.obj
 .rodata.usbd_desc_device
                0x1000c928       0x12 CMakeFiles/02_control.dir/C_/Users/kopcapuk/Repositories/pico/pico-sdk/src/rp2_common/pico_stdio_usb/stdio_usb_descriptors.c.obj
 *fill*         0x1000c93a        0x2 
 .rodata.usbd_desc_str
                0x1000c93c       0x18 CMakeFiles/02_control.dir/C_/Users/kopcapuk/Repositories/pico/pico-sdk/src/rp2_common/pico_stdio_usb/stdio_usb_descriptors.c.obj
 .rodata.str1.4
                0x1000c954       0x14 CMakeFiles/02_control.dir/C_/Users/kopcapuk/Repositories/pico/pico-sdk/lib/tinyusb/src/portable/raspberrypi/rp2040/dcd_rp2040.c.obj
 .rodata.str1.4
                0x1000c968       0x48 CMakeFiles/02_control.dir/C_/Users/kopcapuk/Repositories/pico/pico-sdk/lib/tinyusb/src/portable/raspberrypi/rp2040/rp2040_usb.c.obj
 .rodata.tud_task_ext