Archive member included to satisfy reference by file (symbol)

protocol_build/libprotocol.a(protocol-task.c.obj)
                              CMakeFiles/04_bme.dir/main.c.obj (protocol_task_init)
bme280_build/libbme280_driver.a(bme280-driver.c.obj)
                              CMakeFiles/04_bme.dir/main.c.obj (bme280_init)
c:/program files (x86)/gnu arm embedded toolchain/10 2021.10/bin/../lib/gcc/arm-none-eabi/10.3.1/thumb/v6-m/nofp\libgcc.a(_dvmd_tls.o)
                              CMakeFiles/04_bme.dir/C_/Users/kopcapuk/Repositories/pico/pico-sdk/src/rp2_common/pico_divider/divider_hardware.S.obj (__aeabi_idiv0)
c:/program files (x86)/gnu arm embedded toolchain/10 2021.10/bin/../lib/gcc/arm-none-eabi/10.3.1/../../../../arm-none-eabi/lib/thumb/v6-m/nofp\libg.a(lib_a-calloc.o)
                              CMakeFiles/04_bme.dir/C_/Users/kopcapuk/Repositories/pico/pico-sdk/src/rp2_common/pico_malloc/malloc.c.obj (calloc)
c:/program files (x86)/gnu arm embedded toolchain/10 2021.10/bin/../lib/gcc/arm-none-eabi/10.3.1/../../../../arm-none-eabi/lib/thumb/v6-m/nofp\libg.a(lib_a-callocr.o)
                              c:/program files (x86)/gnu arm embedded toolchain/10 2021.10/bin/../lib/gcc/arm-none-eabi/10.3.1/../../../../arm-none-eabi/lib/thumb/v6-m/nofp\libg.a(lib_a-calloc.o) (_calloc_r)
c:/program files (x86)/gnu arm embedded toolchain/10 2021.10/bin/../lib/gcc/arm-none-eabi/10.3.1/../../../../arm-none-eabi/lib/thumb/v6-m/nofp\libg.a(lib_a-errno.o)
                              c:/program files (x86)/gnu arm embedded toolchain/10 2021.10/bin/../lib/gcc/arm-none-eabi/10.3.1/../../../../arm-none-eabi/lib/thumb/v6-m/nofp\libg.a(lib_a-callocr.o) (__errno)
c:/program files (x86)/gnu arm embedded toolchain/10 2021.10/bin/../lib/gcc/arm-none-eabi/10.3.1/../../../../arm-none-eabi/lib/thumb/v6-m/nofp\libg.a(lib_a-impure.o)
                              c:/program files (x86)/gnu arm embedded toolchain/10 2021.10/bin/../lib/gcc/arm-none-eabi/10.3.1/../../../../arm-none-eabi/lib/thumb/v6-m/nofp\libg.a(lib_a-calloc.o) (_impure_ptr)
c:/program files (x86)/gnu arm embedded toolchain/10 2021.10/bin/../lib/gcc/arm-none-eabi/10.3.1/../../../../arm-none-eabi/lib/thumb/v6-m/nofp\libg.a(lib_a-init.o)
                              c:/program files (x86)/gnu arm embedded toolchain/10 2021.10/bin/../lib/gcc/arm-none-eabi/10.3.1/../../../../arm-none-eabi/lib/thumb/v6-m/nofp/crt0.o (__libc_init_array)
c:/program files (x86)/gnu arm embedded toolchain/10 2021.10/bin/../lib/gcc/arm-none-eabi/10.3.1/../../../../arm-none-eabi/lib/thumb/v6-m/nofp\libg.a(lib_a-lcltime_r.o)
                              CMakeFiles/04_bme.dir/C_/Users/kopcapuk/Repositories/pico/pico-sdk/src/common/pico_util/datetime.c.obj (localtime_r)
c:/program files (x86)/gnu arm embedded toolchain/10 2021.10/bin/../lib/gcc/arm-none-eabi/10.3.1/../../../../arm-none-eabi/lib/thumb/v6-m/nofp\libg.a(lib_a-malloc.o)
                              CMakeFiles/04_bme.dir/C_/Users/kopcapuk/Repositories/pico/pico-sdk/src/rp2_common/pico_malloc/malloc.c.obj (malloc)
c:/program files (x86)/gnu arm embedded toolchain/10 2021.10/bin/../lib/gcc/arm-none-eabi/10.3.1/../../../../arm-none-eabi/lib/thumb/v6-m/nofp\libg.a(lib_a-mallocr.o)
                              c:/program files (x86)/gnu arm embedded toolchain/10 2021.10/bin/../lib/gcc/arm-none-eabi/10.3.1/../../../../arm-none-eabi/lib/thumb/v6-m/nofp\libg.a(lib_a-callocr.o) (_malloc_r)
c:/program files (x86)/gnu arm embedded toolchain/10 2021.10/bin/../lib/gcc/arm-none-eabi/10.3.1/../../../../arm-none-eabi/lib/thumb/v6-m/nofp\libg.a(lib_a-memcmp.o)
                              CMakeFiles/04_bme.dir/C_/Users/kopcapuk/Repositories/pico/pico-sdk/src/rp2_common/pico_atomic/atomic.c.obj (memcmp)
c:/program files (x86)/gnu arm embedded toolchain/10 2021.10/bin/../lib/gcc/arm-none-eabi/10.3.1/../../../../arm-none-eabi/lib/thumb/v6-m/nofp\libg.a(lib_a-mktime.o)
                              CMakeFiles/04_bme.dir/C_/Users/kopcapuk/Repositories/pico/pico-sdk/src/common/pico_util/datetime.c.obj (mktime)
c:/program files (x86)/gnu arm embedded toolchain/10 2021.10/bin/../lib/gcc/arm-none-eabi/10.3.1/../../../../arm-none-eabi/lib/thumb/v6-m/nofp\libg.a(lib_a-mlock.o)
                              c:/program files (x86)/gnu arm embedded toolchain/10 2021.10/bin/../lib/gcc/arm-none-eabi/10.3.1/../../../../arm-none-eabi/lib/thumb/v6-m/nofp\libg.a(lib_a-mallocr.o) (__malloc_lock)
c:/program files (x86)/gnu arm embedded toolchain/10 2021.10/bin/../lib/gcc/arm-none-eabi/10.3.1/../../../../arm-none-eabi/lib/thumb/v6-m/nofp\libg.a(lib_a-month_lengths.o)
                              c:/program files (x86)/gnu arm embedded toolchain/10 2021.10/bin/../lib/gcc/arm-none-eabi/10.3.1/../../../../arm-none-eabi/lib/thumb/v6-m/nofp\libg.a(lib_a-lcltime_r.o) (__month_lengths)
c:/program files (x86)/gnu arm embedded toolchain/10 2021.10/bin/../lib/gcc/arm-none-eabi/10.3.1/../../../../arm-none-eabi/lib/thumb/v6-m/nofp\libg.a(lib_a-realloc.o)
[...]
Memory Configuration

Name             Origin             Length             Attributes
FLASH            0x10000000         0x00200000         xr
RAM              0x20000000         0x00040000         xrw
SCRATCH_X        0x20040000         0x00001000         xrw
SCRATCH_Y        0x20041000         0x00001000         xrw
*default*        0x00000000         0xffffffff

Linker script and memory map

LOAD c:/program files (x86)/gnu arm embedded toolchain/10 2021.10/bin/../lib/gcc/arm-none-eabi/10.3.1/thumb/v6-m/nofp/crti.o
LOAD c:/program files (x86)/gnu arm embedded toolchain/10 2021.10/bin/../lib/gcc/arm-none-eabi/10.3.1/thumb/v6-m/nofp/crtbegin.o
LOAD c:/program files (x86)/gnu arm embedded toolchain/10 2021.10/bin/../lib/gcc/arm-none-eabi/10.3.1/../../../../arm-none-eabi/lib/thumb/v6-m/nofp/crt0.o

.flash_begin    0x10000000        0x0
                0x10000000                __flash_binary_start = .

.boot2          0x10000000      0x100
                0x10000000                __boot2_start__ = .
 *(.boot2)
 .boot2         0x10000000      0x100 pico-sdk/src/rp2040/boot_stage2/CMakeFiles/bs2_default_library.dir/bs2_default_padded_checksummed.S.obj
                0x10000100                __boot2_end__ = .
                0x00000001                ASSERT (((__boot2_end__ - __boot2_start__) == 0x100), ERROR: Pico second stage bootloader must be 256 bytes in size)

.text           0x10000100     0xce94
                0x10000100                __logical_binary_start = .
 *(.vectors)
 .vectors       0x10000100       0xd4 CMakeFiles/04_bme.dir/C_/Users/kopcapuk/Repositories/pico/pico-sdk/src/rp2_common/pico_crt0/crt0.S.obj
                0x10000100                __VECTOR_TABLE
                0x10000100                __vectors
                0x100001c0                isr_irq13
                0x100001c0                isr_irq27
                0x100001c0                isr_irq31
                0x100001c0                isr_irq12
                0x100001c0                isr_irq5
                0x100001c0                isr_irq11
                0x100001c0                isr_irq3
                0x100001c0                isr_irq23
                0x100001c0                __unhandled_user_irq
                0x100001c0                isr_irq26
                0x100001c0                isr_irq28
                0x100001c0                isr_irq19
                0x100001c0                isr_irq0
                0x100001c0                isr_irq6
                0x100001c0                isr_irq29
                0x100001c0                isr_irq16
                0x100001c0                isr_irq22
                0x100001c0                isr_irq18
                0x100001c0                isr_irq17
                0x100001c0                isr_irq14
                0x100001c0                __vectors_end
                0x100001c0                __default_isrs_start
                0x100001c0                isr_irq2
                0x100001c0                isr_irq10
                0x100001c0                isr_irq8
                0x100001c0                isr_irq24
                0x100001c0                isr_irq1
                0x100001c0                isr_irq7
                0x100001c0                isr_irq21
                0x100001c0                isr_irq20
                0x100001c0                isr_irq15
                0x100001c0                isr_irq25
                0x100001c0                isr_irq4
                0x100001c0                isr_irq30
                0x100001c0                isr_irq9
                0x100001c6                unhandled_user_irq_num_in_r0
                0x100001c8                isr_invalid
                0x100001ca                isr_nmi
                0x100001cc                isr_hardfault
                0x100001ce                isr_svcall
                0x100001d0                isr_pendsv
                0x100001d2                isr_systick
                0x100001d4                __default_isrs_end
 *(.binary_info_header)
 .binary_info_header
                0x100001d4       0x14 CMakeFiles/04_bme.dir/C_/Users/kopcapuk/Repositories/pico/pico-sdk/src/rp2_common/pico_crt0/crt0.S.obj
                0x100001e8                __binary_info_header_end = .
 *(.embedded_block)
                0x100001e8                __embedded_block_end = .
 *(.reset)
 .reset         0x100001e8       0x9c CMakeFiles/04_bme.dir/C_/Users/kopcapuk/Repositories/pico/pico-sdk/src/rp2_common/pico_crt0/crt0.S.obj
                0x100001e8                _entry_point
 *(.init)
 .init          0x10000284        0x4 c:/program files (x86)/gnu arm embedded toolchain/10 2021.10/bin/../lib/gcc/arm-none-eabi/10.3.1/thumb/v6-m/nofp/crti.o
                0x10000284                _init
 *(EXCLUDE_FILE(*libm.a: *libc.a:*lib_a-mem*.o *libgcc.a:) .text*)
 .text          0x10000288       0x48 c:/program files (x86)/gnu arm embedded toolchain/10 2021.10/bin/../lib/gcc/arm-none-eabi/10.3.1/thumb/v6-m/nofp/crtbegin.o
 .text.version_callback
                0x100002d0       0x1c CMakeFiles/04_bme.dir/main.c.obj
                0x100002d0                version_callback
 .text.led_on_callback
                0x100002ec        0xc CMakeFiles/04_bme.dir/main.c.obj
                0x100002ec                led_on_callback
 .text.led_off_callback
                0x100002f8        0xc CMakeFiles/04_bme.dir/main.c.obj
                0x100002f8                led_off_callback
 .text.led_blink_callback
                0x10000304        0xc CMakeFiles/04_bme.dir/main.c.obj
                0x10000304                led_blink_callback
 .text.help_callback
                0x10000310       0x38 CMakeFiles/04_bme.dir/main.c.obj
                0x10000310                help_callback
 .text.led_blink_set_period_ms_callback
                0x10000348       0x30 CMakeFiles/04_bme.dir/main.c.obj
                0x10000348                led_blink_set_period_ms_callback
 .text.read_regs_callback
                0x10000378       0xb0 CMakeFiles/04_bme.dir/main.c.obj
                0x10000378                read_regs_callback
 .text.write_reg_callback
                0x10000428       0x6c CMakeFiles/04_bme.dir/main.c.obj
                0x10000428                write_reg_callback
 .text.temp_raw_callback
                0x10000494       0x14 CMakeFiles/04_bme.dir/main.c.obj
                0x10000494                temp_raw_callback
 .text.pres_raw_callback
                0x100004a8       0x14 CMakeFiles/04_bme.dir/main.c.obj
                0x100004a8                pres_raw_callback
 .text.hum_raw_callback
                0x100004bc       0x14 CMakeFiles/04_bme.dir/main.c.obj
                0x100004bc                hum_raw_callback
 .text.temp_callback
                0x100004d0       0x1c CMakeFiles/04_bme.dir/main.c.obj
                0x100004d0                temp_callback
 .text.pres_callback
                0x100004ec       0x1c CMakeFiles/04_bme.dir/main.c.obj
                0x100004ec                pres_callback
 .text.hum_callback
                0x10000508       0x1c CMakeFiles/04_bme.dir/main.c.obj
                0x10000508                hum_callback
 .text.mem_callback
                0x10000524       0x28 CMakeFiles/04_bme.dir/main.c.obj
                0x10000524                mem_callback
 .text.wmem_callback
                0x1000054c       0x3c CMakeFiles/04_bme.dir/main.c.obj
                0x1000054c                wmem_callback
 .text.rp2040_i2c_read
                0x10000588       0x54 CMakeFiles/04_bme.dir/main.c.obj
                0x10000588                rp2040_i2c_read
 .text.rp2040_i2c_write
                0x100005dc       0x54 CMakeFiles/04_bme.dir/main.c.obj
                0x100005dc                rp2040_i2c_write
 .text.startup.main
                0x10000630       0x74 CMakeFiles/04_bme.dir/main.c.obj
                0x10000630                main
 .text.stdio_task_init
                0x100006a4       0x14 CMakeFiles/04_bme.dir/stdio-task/stdio-task.c.obj
                0x100006a4                stdio_task_init
 .text.stdio_task_handle
                0x100006b8       0x60 CMakeFiles/04_bme.dir/stdio-task/stdio-task.c.obj
                0x100006b8                stdio_task_handle
 .text.led_task_init
                0x10000718       0x30 CMakeFiles/04_bme.dir/led-task/led-task.c.obj
                0x10000718                led_task_init
 .text.led_task_handle
                0x10000748       0x78 CMakeFiles/04_bme.dir/led-task/led-task.c.obj
                0x10000748                led_task_handle
 .text.led_task_state_set
                0x100007c0        0xc CMakeFiles/04_bme.dir/led-task/led-task.c.obj
                0x100007c0                led_task_state_set
 .text.led_task_set_blink_period_ms
                0x100007cc       0x18 CMakeFiles/04_bme.dir/led-task/led-task.c.obj
                0x100007cc                led_task_set_blink_period_ms
 .text.mem      0x100007e4       0x14 CMakeFiles/04_bme.dir/mem-wmem-task/mem-wmem-task.c.obj
                0x100007e4                mem
 .text.wmem     0x100007f8       0x14 CMakeFiles/04_bme.dir/mem-wmem-task/mem-wmem-task.c.obj
                0x100007f8                wmem
 .text.gpio_set_function
                0x1000080c       0x34 CMakeFiles/04_bme.dir/C_/Users/kopcapuk/Repositories/pico/pico-sdk/src/rp2_common/hardware_gpio/gpio.c.obj
                0x1000080c                gpio_set_function
 .text.gpio_set_pulls
                0x10000840       0x34 CMakeFiles/04_bme.dir/C_/Users/kopcapuk/Repositories/pico/pico-sdk/src/rp2_common/hardware_gpio/gpio.c.obj
                0x10000840                gpio_set_pulls
 .text.gpio_init
                0x10000874       0x40 CMakeFiles/04_bme.dir/C_/Users/kopcapuk/Repositories/pico/pico-sdk/src/rp2_common/hardware_gpio/gpio.c.obj
                0x10000874                gpio_init
 .text.rp2040_chip_version
                0x100008b4        0xc CMakeFiles/04_bme.dir/C_/Users/kopcapuk/Repositories/pico/pico-sdk/src/rp2040/pico_platform/platform.c.obj
                0x100008b4                rp2040_chip_version
 .text.panic    0x100008c0       0x30 CMakeFiles/04_bme.dir/C_/Users/kopcapuk/Repositories/pico/pico-sdk/src/rp2_common/pico_platform_panic/panic.c.obj
                0x100008c0                panic
 .text.hw_claim_or_assert
                0x100008f0       0x44 CMakeFiles/04_bme.dir/C_/Users/kopcapuk/Repositories/pico/pico-sdk/src/common/hardware_claim/claim.c.obj
                0x100008f0                hw_claim_or_assert
 .text.hw_claim_unused_from_range
                0x10000934       0x9c CMakeFiles/04_bme.dir/C_/Users/kopcapuk/Repositories/pico/pico-sdk/src/common/hardware_claim/claim.c.obj
                0x10000934                hw_claim_unused_from_range
 .text.next_striped_spin_lock_num
                0x100009d0       0x18 CMakeFiles/04_bme.dir/C_/Users/kopcapuk/Repositories/pico/pico-sdk/src/rp2_common/hardware_sync/sync.c.obj
                0x100009d0                next_striped_spin_lock_num
 .text.spin_lock_claim_unused
                0x100009e8       0x20 CMakeFiles/04_bme.dir/C_/Users/kopcapuk/Repositories/pico/pico-sdk/src/rp2_common/hardware_sync/sync.c.obj
                0x100009e8                spin_lock_claim_unused
 .text.spin_locks_reset
                0x10000a08       0x1c CMakeFiles/04_bme.dir/C_/Users/kopcapuk/Repositories/pico/pico-sdk/src/rp2_common/hardware_sync_spin_lock/sync_spin_lock.c.obj
                0x10000a08                spin_locks_reset
 .text.runtime_init_per_core_irq_priorities
                0x10000a24       0x24 CMakeFiles/04_bme.dir/C_/Users/kopcapuk/Repositories/pico/pico-sdk/src/rp2_common/hardware_irq/irq.c.obj
                0x10000a24                runtime_init_per_core_irq_priorities
 .text.irq_set_enabled
                0x10000a48       0x24 CMakeFiles/04_bme.dir/C_/Users/kopcapuk/Repositories/pico/pico-sdk/src/rp2_common/hardware_irq/irq.c.obj
                0x10000a48                irq_set_enabled
 .text.irq_is_enabled
                0x10000a6c       0x18 CMakeFiles/04_bme.dir/C_/Users/kopcapuk/Repositories/pico/pico-sdk/src/rp2_common/hardware_irq/irq.c.obj
                0x10000a6c                irq_is_enabled
 .text.irq_set_pending
                0x10000a84       0x10 CMakeFiles/04_bme.dir/C_/Users/kopcapuk/Repositories/pico/pico-sdk/src/rp2_common/hardware_irq/irq.c.obj
                0x10000a84                irq_set_pending
 .text.irq_has_shared_handler
                0x10000a94       0x24 CMakeFiles/04_bme.dir/C_/Users/kopcapuk/Repositories/pico/pico-sdk/src/rp2_common/hardware_irq/irq.c.obj
                0x10000a94                irq_has_shared_handler
 .text.irq_set_exclusive_handler
                0x10000ab8       0x54 CMakeFiles/04_bme.dir/C_/Users/kopcapuk/Repositories/pico/pico-sdk/src/rp2_common/hardware_irq/irq.c.obj
                0x10000ab8                irq_set_exclusive_handler
 .text.irq_add_shared_handler
                0x10000b0c      0x1e8 CMakeFiles/04_bme.dir/C_/Users/kopcapuk/Repositories/pico/pico-sdk/src/rp2_common/hardware_irq/irq.c.obj
                0x10000b0c                irq_add_shared_handler
 .text.irq_add_tail_to_free_list
                0x10000cf4       0xb4 CMakeFiles/04_bme.dir/C_/Users/kopcapuk/Repositories/pico/pico-sdk/src/rp2_common/hardware_irq/irq.c.obj
                0x10000cf4                irq_add_tail_to_free_list
 .text.user_irq_claim_unused
                0x10000da8       0x28 CMakeFiles/04_bme.dir/C_/Users/kopcapuk/Repositories/pico/pico-sdk/src/rp2_common/hardware_irq/irq.c.obj
                0x10000da8                user_irq_claim_unused
 .text.lock_init
                0x10000dd0       0x10 CMakeFiles/04_bme.dir/C_/Users/kopcapuk/Repositories/pico/pico-sdk/src/common/pico_sync/lock_core.c.obj
                0x10000dd0                lock_init
 .text.runtime_init_mutex
                0x10000de0       0x58 CMakeFiles/04_bme.dir/C_/Users/kopcapuk/Repositories/pico/pico-sdk/src/common/pico_sync/mutex.c.obj
                0x10000de0                runtime_init_mutex
 .text.mutex_init
                0x10000e38       0x1c CMakeFiles/04_bme.dir/C_/Users/kopcapuk/Repositories/pico/pico-sdk/src/common/pico_sync/mutex.c.obj
                0x10000e38                mutex_init
 .text.critical_section_init
                0x10000e54       0x20 CMakeFiles/04_bme.dir/C_/Users/kopcapuk/Repositories/pico/pico-sdk/src/common/pico_sync/critical_section.c.obj
                0x10000e54                critical_section_init
 .text.critical_section_init_with_lock_num
                0x10000e74       0x14 CMakeFiles/04_bme.dir/C_/Users/kopcapuk/Repositories/pico/pico-sdk/src/common/pico_sync/critical_section.c.obj
                0x10000e74                critical_section_init_with_lock_num
 .text.sleep_until_callback
                0x10000e88       0x30 CMakeFiles/04_bme.dir/C_/Users/kopcapuk/Repositories/pico/pico-sdk/src/common/pico_time/time.c.obj
 .text.alarm_pool_irq_handler
                0x10000eb8      0x308 CMakeFiles/04_bme.dir/C_/Users/kopcapuk/Repositories/pico/pico-sdk/src/common/pico_time/time.c.obj
 .text.runtime_init_default_alarm_pool
                0x100011c0       0xdc CMakeFiles/04_bme.dir/C_/Users/kopcapuk/Repositories/pico/pico-sdk/src/common/pico_time/time.c.obj
                0x100011c0                runtime_init_default_alarm_pool
 .text.alarm_pool_get_default
                0x1000129c        0x8 CMakeFiles/04_bme.dir/C_/Users/kopcapuk/Repositories/pico/pico-sdk/src/common/pico_time/time.c.obj
                0x1000129c                alarm_pool_get_default
 .text.alarm_pool_add_alarm_at
                0x100012a4       0xc8 CMakeFiles/04_bme.dir/C_/Users/kopcapuk/Repositories/pico/pico-sdk/src/common/pico_time/time.c.obj
                0x100012a4                alarm_pool_add_alarm_at
 .text.alarm_pool_add_alarm_at_force_in_context
                0x1000136c       0xb0 CMakeFiles/04_bme.dir/C_/Users/kopcapuk/Repositories/pico/pico-sdk/src/common/pico_time/time.c.obj
                0x1000136c                alarm_pool_add_alarm_at_force_in_context
 .text.alarm_pool_cancel_alarm
                0x1000141c       0x7c CMakeFiles/04_bme.dir/C_/Users/kopcapuk/Repositories/pico/pico-sdk/src/common/pico_time/time.c.obj
                0x1000141c                alarm_pool_cancel_alarm
 .text.alarm_pool_core_num
                0x10001498        0x4 CMakeFiles/04_bme.dir/C_/Users/kopcapuk/Repositories/pico/pico-sdk/src/common/pico_time/time.c.obj
                0x10001498                alarm_pool_core_num
 .text.best_effort_wfe_or_timeout
                0x1000149c       0xfc CMakeFiles/04_bme.dir/C_/Users/kopcapuk/Repositories/pico/pico-sdk/src/common/pico_time/time.c.obj
                0x1000149c                best_effort_wfe_or_timeout
 .text.check_single_timeout_us
                0x10001598       0x28 CMakeFiles/04_bme.dir/C_/Users/kopcapuk/Repositories/pico/pico-sdk/src/common/pico_time/timeout_helper.c.obj
 .text.init_single_timeout_until
                0x100015c0        0xc CMakeFiles/04_bme.dir/C_/Users/kopcapuk/Repositories/pico/pico-sdk/src/common/pico_time/timeout_helper.c.obj
                0x100015c0                init_single_timeout_until
 .text.timer_hardware_alarm_claim
                0x100015cc       0x14 CMakeFiles/04_bme.dir/C_/Users/kopcapuk/Repositories/pico/pico-sdk/src/rp2_common/hardware_timer/timer.c.obj
                0x100015cc                timer_hardware_alarm_claim
 .text.timer_time_us_64
                0x100015e0       0x10 CMakeFiles/04_bme.dir/C_/Users/kopcapuk/Repositories/pico/pico-sdk/src/rp2_common/hardware_timer/timer.c.obj
                0x100015e0                timer_time_us_64
 .text.time_us_64
                0x100015f0       0x14 CMakeFiles/04_bme.dir/C_/Users/kopcapuk/Repositories/pico/pico-sdk/src/rp2_common/hardware_timer/timer.c.obj
                0x100015f0                time_us_64
 .text.busy_wait_us
                0x10001604       0x54 CMakeFiles/04_bme.dir/C_/Users/kopcapuk/Repositories/pico/pico-sdk/src/rp2_common/hardware_timer/timer.c.obj
                0x10001604                busy_wait_us
 .text.clock_configure_int_divider
                0x10001658       0xf4 CMakeFiles/04_bme.dir/C_/Users/kopcapuk/Repositories/pico/pico-sdk/src/rp2_common/hardware_clocks/clocks.c.obj
                0x10001658                clock_configure_int_divider
 .text.clock_configure_undivided
                0x1000174c       0xe8 CMakeFiles/04_bme.dir/C_/Users/kopcapuk/Repositories/pico/pico-sdk/src/rp2_common/hardware_clocks/clocks.c.obj
                0x1000174c                clock_configure_undivided
 .text.clock_get_hz
                0x10001834        0xc CMakeFiles/04_bme.dir/C_/Users/kopcapuk/Repositories/pico/pico-sdk/src/rp2_common/hardware_clocks/clocks.c.obj
                0x10001834                clock_get_hz
 .text.pll_init
                0x10001840       0xa0 CMakeFiles/04_bme.dir/C_/Users/kopcapuk/Repositories/pico/pico-sdk/src/rp2_common/hardware_pll/pll.c.obj
                0x10001840                pll_init
 .text.watchdog_reboot
                0x100018e0       0x98 CMakeFiles/04_bme.dir/C_/Users/kopcapuk/Repositories/pico/pico-sdk/src/rp2_common/hardware_watchdog/watchdog.c.obj
                0x100018e0                watchdog_reboot
 .text.tick_start
                0x10001978       0x10 CMakeFiles/04_bme.dir/C_/Users/kopcapuk/Repositories/pico/pico-sdk/src/rp2_common/hardware_ticks/ticks.c.obj
                0x10001978                tick_start
 .text.rom_func_lookup
                0x10001988       0x10 CMakeFiles/04_bme.dir/C_/Users/kopcapuk/Repositories/pico/pico-sdk/src/rp2_common/pico_bootrom/bootrom.c.obj
                0x10001988                rom_func_lookup
 .text.rom_data_lookup
                0x10001998       0x10 CMakeFiles/04_bme.dir/C_/Users/kopcapuk/Repositories/pico/pico-sdk/src/rp2_common/pico_bootrom/bootrom.c.obj
                0x10001998                rom_data_lookup
 .text.rom_funcs_lookup
                0x100019a8       0x44 CMakeFiles/04_bme.dir/C_/Users/kopcapuk/Repositories/pico/pico-sdk/src/rp2_common/pico_bootrom/bootrom.c.obj
                0x100019a8                rom_funcs_lookup
 .text.rom_reset_usb_boot_extra
                0x100019ec       0x28 CMakeFiles/04_bme.dir/C_/Users/kopcapuk/Repositories/pico/pico-sdk/src/rp2_common/pico_bootrom/bootrom.c.obj
                0x100019ec                rom_reset_usb_boot_extra
 .text.xosc_init
                0x10001a14       0x28 CMakeFiles/04_bme.dir/C_/Users/kopcapuk/Repositories/pico/pico-sdk/src/rp2_common/hardware_xosc/xosc.c.obj
                0x10001a14                xosc_init
 .text.first_per_core_initializer
                0x10001a3c        0x4 CMakeFiles/04_bme.dir/C_/Users/kopcapuk/Repositories/pico/pico-sdk/src/rp2_common/pico_runtime/runtime.c.obj
 .text.hard_assertion_failure
                0x10001a40        0xc CMakeFiles/04_bme.dir/C_/Users/kopcapuk/Repositories/pico/pico-sdk/src/rp2_common/pico_runtime/runtime.c.obj
                0x10001a40                hard_assertion_failure
 .text.runtime_run_initializers
                0x10001a4c       0x28 CMakeFiles/04_bme.dir/C_/Users/kopcapuk/Repositories/pico/pico-sdk/src/rp2_common/pico_runtime/runtime.c.obj
                0x10001a4c                runtime_run_initializers
 .text.runtime_init_early_resets
                0x10001a74       0x2c CMakeFiles/04_bme.dir/C_/Users/kopcapuk/Repositories/pico/pico-sdk/src/rp2_common/pico_runtime_init/runtime_init.c.obj
                0x10001a74                runtime_init_early_resets
 .text.runtime_init_usb_power_down
                0x10001aa0       0x1c CMakeFiles/04_bme.dir/C_/Users/kopcapuk/Repositories/pico/pico-sdk/src/rp2_common/pico_runtime_init/runtime_init.c.obj
                0x10001aa0                runtime_init_usb_power_down
 .text.runtime_init_post_clock_resets
                0x10001abc       0x20 CMakeFiles/04_bme.dir/C_/Users/kopcapuk/Repositories/pico/pico-sdk/src/rp2_common/pico_runtime_init/runtime_init.c.obj
                0x10001abc                runtime_init_post_clock_resets
 .text.runtime_init_rp2040_gpio_ie_disable
                0x10001adc       0x14 CMakeFiles/04_bme.dir/C_/Users/kopcapuk/Repositories/pico/pico-sdk/src/rp2_common/pico_runtime_init/runtime_init.c.obj
                0x10001adc                runtime_init_rp2040_gpio_ie_disable
 .text.runtime_init_spin_locks_reset
                0x10001af0        0x8 CMakeFiles/04_bme.dir/C_/Users/kopcapuk/Repositories/pico/pico-sdk/src/rp2_common/pico_runtime_init/runtime_init.c.obj
                0x10001af0                runtime_init_spin_locks_reset
 .text.runtime_init_install_ram_vector_table
                0x10001af8       0xcc CMakeFiles/04_bme.dir/C_/Users/kopcapuk/Repositories/pico/pico-sdk/src/rp2_common/pico_runtime_init/runtime_init.c.obj
                0x10001af8                runtime_init_install_ram_vector_table
 .text.runtime_init_clocks
                0x10001bc4       0xd8 CMakeFiles/04_bme.dir/C_/Users/kopcapuk/Repositories/pico/pico-sdk/src/rp2_common/pico_runtime_init/runtime_init_clocks.c.obj
                0x10001bc4                runtime_init_clocks
 .text          0x10001c9c       0x10 CMakeFiles/04_bme.dir/C_/Users/kopcapuk/Repositories/pico/pico-sdk/src/rp2_common/pico_bit_ops/bit_ops_aeabi.S.obj
 .text.__wrap___aeabi_idiv
                0x10001cac       0x50 CMakeFiles/04_bme.dir/C_/Users/kopcapuk/Repositories/pico/pico-sdk/src/rp2_common/pico_divider/divider_hardware.S.obj
                0x10001cac                __wrap___aeabi_idivmod
                0x10001cac                divmod_s32s32
                0x10001cac                div_s32s32
                0x10001cac                __wrap___aeabi_idiv
                0x10001cb4                divmod_s32s32_unsafe
                0x10001ce0                divmod_s32s32_savestate
 .text.__wrap___aeabi_uidiv
                0x10001cfc       0x4c CMakeFiles/04_bme.dir/C_/Users/kopcapuk/Repositories/pico/pico-sdk/src/rp2_common/pico_divider/divider_hardware.S.obj
                0x10001cfc                __wrap___aeabi_uidiv
                0x10001cfc                __wrap___aeabi_uidivmod
                0x10001cfc                div_u32u32
                0x10001cfc                divmod_u32u32
                0x10001d04                divmod_u32u32_unsafe
                0x10001d2c                divmod_u32u32_savestate
 .text.__wrap___aeabi_ldiv
                0x10001d48      0x424 CMakeFiles/04_bme.dir/C_/Users/kopcapuk/Repositories/pico/pico-sdk/src/rp2_common/pico_divider/divider_hardware.S.obj
                0x10001d48                div_s64s64
                0x10001d48                divmod_s64s64
                0x10001d48                __wrap___aeabi_ldivmod
                0x10001d78                divmod_u64u64
                0x10001d78                div_u64u64
                0x10001d78                __wrap___aeabi_uldivmod
                0x10001d88                divmod_u64u64_savestate
                0x10001da8                divmod_s64s64_unsafe
                0x10001e30                divmod_u64u64_unsafe
 .text.__wrap___aeabi_darithmetic
                0x1000216c       0x80 CMakeFiles/04_bme.dir/C_/Users/kopcapuk/Repositories/pico/pico-sdk/src/rp2_common/pico_double/double_aeabi_rp2040.S.obj
                0x1000216c                __wrap___aeabi_drsub
                0x10002172                __wrap___aeabi_dsub
                0x10002184                __wrap___aeabi_dadd
                0x10002196                __wrap___aeabi_ddiv
                0x100021d2                __wrap___aeabi_dmul
 .text.__wrap___aeabi_cdcmple
                0x100021ec       0x6c CMakeFiles/04_bme.dir/C_/Users/kopcapuk/Repositories/pico/pico-sdk/src/rp2_common/pico_double/double_aeabi_rp2040.S.obj
                0x100021ec                __wrap___aeabi_cdrcmple
                0x100021fc                __wrap___aeabi_cdcmpeq
                0x100021fc                __wrap___aeabi_cdcmple
 .text.__wrap___aeabi_dcmpeq
                0x10002258       0x10 CMakeFiles/04_bme.dir/C_/Users/kopcapuk/Repositories/pico/pico-sdk/src/rp2_common/pico_double/double_aeabi_rp2040.S.obj
                0x10002258                __wrap___aeabi_dcmpeq
 .text.__wrap___aeabi_dcmplt
                0x10002268        0xc CMakeFiles/04_bme.dir/C_/Users/kopcapuk/Repositories/pico/pico-sdk/src/rp2_common/pico_double/double_aeabi_rp2040.S.obj
                0x10002268                __wrap___aeabi_dcmplt
 .text.__wrap___aeabi_dcmple
                0x10002274       0x10 CMakeFiles/04_bme.dir/C_/Users/kopcapuk/Repositories/pico/pico-sdk/src/rp2_common/pico_double/double_aeabi_rp2040.S.obj
                0x10002274                __wrap___aeabi_dcmple
 .text.__wrap___aeabi_dcmpge
                0x10002284       0x10 CMakeFiles/04_bme.dir/C_/Users/kopcapuk/Repositories/pico/pico-sdk/src/rp2_common/pico_double/double_aeabi_rp2040.S.obj
                0x10002284                __wrap___aeabi_dcmpge
 .text.__wrap___aeabi_dcmpgt
                0x10002294        0xa CMakeFiles/04_bme.dir/C_/Users/kopcapuk/Repositories/pico/pico-sdk/src/rp2_common/pico_double/double_aeabi_rp2040.S.obj
                0x10002294                __wrap___aeabi_dcmpgt
 .text.__wrap___aeabi_dcmpun
                0x1000229e       0x18 CMakeFiles/04_bme.dir/C_/Users/kopcapuk/Repositories/pico/pico-sdk/src/rp2_common/pico_double/double_aeabi_rp2040.S.obj
                0x1000229e                __wrap___aeabi_dcmpun
 *fill*         0x100022b6        0x2 
 .text.__wrap___aeabi_i2d
                0x100022b8       0x38 CMakeFiles/04_bme.dir/C_/Users/kopcapuk/Repositories/pico/pico-sdk/src/rp2_common/pico_double/double_aeabi_rp2040.S.obj
                0x100022b8                uint2double
                0x100022b8                __wrap___aeabi_ui2d
                0x100022c0                int2double
                0x100022c0                __wrap___aeabi_i2d
 .text.__wrap___aeabi_d2iz
                0x100022f0       0x48 CMakeFiles/04_bme.dir/C_/Users/kopcapuk/Repositories/pico/pico-sdk/src/rp2_common/pico_double/double_aeabi_rp2040.S.obj
                0x100022f0                double2int_z
                0x100022f0                __wrap___aeabi_d2iz
 .text.__wrap___aeabi_d2uiz
                0x10002338       0x18 CMakeFiles/04_bme.dir/C_/Users/kopcapuk/Repositories/pico/pico-sdk/src/rp2_common/pico_double/double_aeabi_rp2040.S.obj
                0x10002338                double2uint
                0x10002338                __wrap___aeabi_d2uiz
                0x10002338                double2uint_z
 .text.__wrap___aeabi_l2d
                0x10002350       0x18 CMakeFiles/04_bme.dir/C_/Users/kopcapuk/Repositories/pico/pico-sdk/src/rp2_common/pico_double/double_aeabi_rp2040.S.obj
                0x10002350                int642double
                0x10002350                __wrap___aeabi_l2d
 .text.__wrap___aeabi_d2lz
                0x10002368       0x26 CMakeFiles/04_bme.dir/C_/Users/kopcapuk/Repositories/pico/pico-sdk/src/rp2_common/pico_double/double_aeabi_rp2040.S.obj
                0x10002368                double2int64_z
                0x10002368                __wrap___aeabi_d2lz
 *fill*         0x1000238e        0x2 
 .text.double2int64
                0x10002390       0x18 CMakeFiles/04_bme.dir/C_/Users/kopcapuk/Repositories/pico/pico-sdk/src/rp2_common/pico_double/double_aeabi_rp2040.S.obj
                0x10002390                double2int64
 .text.double2ufix64
                0x100023a8       0x18 CMakeFiles/04_bme.dir/C_/Users/kopcapuk/Repositories/pico/pico-sdk/src/rp2_common/pico_double/double_aeabi_rp2040.S.obj
                0x100023a8                double2ufix64_z
                0x100023a8                double2ufix64
 .text.__wrap___aeabi_d2f
                0x100023c0       0x18 CMakeFiles/04_bme.dir/C_/Users/kopcapuk/Repositories/pico/pico-sdk/src/rp2_common/pico_double/double_aeabi_rp2040.S.obj
                0x100023c0                __wrap___aeabi_d2f
 .text.__aeabi_double_init
                0x100023d8       0xa0 CMakeFiles/04_bme.dir/C_/Users/kopcapuk/Repositories/pico/pico-sdk/src/rp2_common/pico_double/double_init_rom_rp2040.c.obj
                0x100023d8                __aeabi_double_init
 .text.double_table_shim_on_use_helper
                0x10002478       0x2c CMakeFiles/04_bme.dir/C_/Users/kopcapuk/Repositories/pico/pico-sdk/src/rp2_common/pico_double/double_v1_rom_shim_rp2040.S.obj
                0x10002478                double_table_shim_on_use_helper
 .text.__wrap___aeabi_dsub
                0x100024a4       0x10 CMakeFiles/04_bme.dir/C_/Users/kopcapuk/Repositories/pico/pico-sdk/src/rp2_common/pico_double/double_v1_rom_shim_rp2040.S.obj
                0x100024a4                drsub_shim
                0x100024aa                dsub_shim
 .text.dadd_shim
                0x100024b4      0x15c CMakeFiles/04_bme.dir/C_/Users/kopcapuk/Repositories/pico/pico-sdk/src/rp2_common/pico_double/double_v1_rom_shim_rp2040.S.obj
                0x100024b4                dadd_shim
 .text.dmul_shim
                0x10002610      0x15c CMakeFiles/04_bme.dir/C_/Users/kopcapuk/Repositories/pico/pico-sdk/src/rp2_common/pico_double/double_v1_rom_shim_rp2040.S.obj
                0x10002610                dmul_shim
 .text.ddiv_shim
                0x1000276c      0x1b0 CMakeFiles/04_bme.dir/C_/Users/kopcapuk/Repositories/pico/pico-sdk/src/rp2_common/pico_double/double_v1_rom_shim_rp2040.S.obj
                0x1000276c                ddiv_shim
 .text.double2uint_shim
                0x1000291c        0xe CMakeFiles/04_bme.dir/C_/Users/kopcapuk/Repositories/pico/pico-sdk/src/rp2_common/pico_double/double_v1_rom_shim_rp2040.S.obj
                0x1000291c                double2uint_shim
                0x1000291e                double2ufix_shim
 .text.double2int64_shim
                0x1000292a       0x1a CMakeFiles/04_bme.dir/C_/Users/kopcapuk/Repositories/pico/pico-sdk/src/rp2_common/pico_double/double_v1_rom_shim_rp2040.S.obj
                0x1000292a                double2int64_shim
                0x1000292c                double2fix64_shim
 .text.double2uint64_shim
                0x10002944       0x70 CMakeFiles/04_bme.dir/C_/Users/kopcapuk/Repositories/pico/pico-sdk/src/rp2_common/pico_double/double_v1_rom_shim_rp2040.S.obj
                0x10002944                double2uint64_shim
                0x10002946                double2ufix64_shim
                0x10002966                d2fix_a
 .text.double2float_shim
                0x100029b4       0x5c CMakeFiles/04_bme.dir/C_/Users/kopcapuk/Repositories/pico/pico-sdk/src/rp2_common/pico_double/double_v1_rom_shim_rp2040.S.obj
                0x100029b4                double2float_shim
 .text.x2double_shims
                0x10002a10       0x90 CMakeFiles/04_bme.dir/C_/Users/kopcapuk/Repositories/pico/pico-sdk/src/rp2_common/pico_double/double_v1_rom_shim_rp2040.S.obj
                0x10002a10                uint2double_shim
                0x10002a12                ufix2double_shim
                0x10002a18                int2double_shim
                0x10002a1a                fix2double_shim
                0x10002a20                uint642double_shim
                0x10002a22                ufix642double_shim
                0x10002a28                int642double_shim
                0x10002a2a                fix642double_shim
 .text.dunpacks
                0x10002aa0       0x3c CMakeFiles/04_bme.dir/C_/Users/kopcapuk/Repositories/pico/pico-sdk/src/rp2_common/pico_double/double_v1_rom_shim_rp2040.S.obj
                0x10002aa0                dunpacks
 .text.__aeabi_lmul
                0x10002adc       0x32 CMakeFiles/04_bme.dir/C_/Users/kopcapuk/Repositories/pico/pico-sdk/src/rp2_common/pico_int64_ops/pico_int64_ops_aeabi.S.obj
                0x10002adc                __wrap___aeabi_lmul
 *fill*         0x10002b0e        0x2 
 .text.__wrap___aeabi_farithmetic
                0x10002b10       0x48 CMakeFiles/04_bme.dir/C_/Users/kopcapuk/Repositories/pico/pico-sdk/src/rp2_common/pico_float/float_aeabi_rp2040.S.obj
                0x10002b10                __wrap___aeabi_frsub
                0x10002b16                __wrap___aeabi_fsub
                0x10002b1c                __wrap___aeabi_fadd
                0x10002b22                __wrap___aeabi_fdiv
                0x10002b4a                __wrap___aeabi_fmul
 .text.__wrap___aeabi_ui2f
                0x10002b58        0xa CMakeFiles/04_bme.dir/C_/Users/kopcapuk/Repositories/pico/pico-sdk/src/rp2_common/pico_float/float_aeabi_rp2040.S.obj
                0x10002b58                __wrap___aeabi_ui2f
                0x10002b58                uint2float
 *fill*         0x10002b62        0x2 
 .text.__wrap___aeabi_i2f
                0x10002b64       0x44 CMakeFiles/04_bme.dir/C_/Users/kopcapuk/Repositories/pico/pico-sdk/src/rp2_common/pico_float/float_aeabi_rp2040.S.obj
                0x10002b64                __wrap___aeabi_i2f
                0x10002b64                int2float
 .text.__wrap___aeabi_f2d
                0x10002ba8       0x14 CMakeFiles/04_bme.dir/C_/Users/kopcapuk/Repositories/pico/pico-sdk/src/rp2_common/pico_float/float_aeabi_rp2040.S.obj
                0x10002ba8                __wrap___aeabi_f2d
 .text.__aeabi_float_init
                0x10002bbc       0x64 CMakeFiles/04_bme.dir/C_/Users/kopcapuk/Repositories/pico/pico-sdk/src/rp2_common/pico_float/float_init_rom_rp2040.c.obj
                0x10002bbc                __aeabi_float_init
 .text.float_table_shim_on_use_helper
                0x10002c20       0x2c CMakeFiles/04_bme.dir/C_/Users/kopcapuk/Repositories/pico/pico-sdk/src/rp2_common/pico_float/float_v1_rom_shim_rp2040.S.obj
                0x10002c20                float_table_shim_on_use_helper
 .text.float2double_shim
                0x10002c4c       0x30 CMakeFiles/04_bme.dir/C_/Users/kopcapuk/Repositories/pico/pico-sdk/src/rp2_common/pico_float/float_v1_rom_shim_rp2040.S.obj
                0x10002c4c                float2double_shim
 .text.__wrap_malloc
                0x10002c7c       0x24 CMakeFiles/04_bme.dir/C_/Users/kopcapuk/Repositories/pico/pico-sdk/src/rp2_common/pico_malloc/malloc.c.obj
                0x10002c7c                __wrap_malloc
 .text.__wrap_realloc
                0x10002ca0       0x24 CMakeFiles/04_bme.dir/C_/Users/kopcapuk/Repositories/pico/pico-sdk/src/rp2_common/pico_malloc/malloc.c.obj
                0x10002ca0                __wrap_realloc
 .text.__wrap_free
                0x10002cc4        0x8 CMakeFiles/04_bme.dir/C_/Users/kopcapuk/Repositories/pico/pico-sdk/src/rp2_common/pico_malloc/malloc.c.obj
                0x10002cc4                __wrap_free
 .text          0x10002ccc       0x10 CMakeFiles/04_bme.dir/C_/Users/kopcapuk/Repositories/pico/pico-sdk/src/rp2_common/pico_mem_ops/mem_ops_aeabi.S.obj
                0x10002ccc                __aeabi_mem_init
 .text.memset   0x10002cdc        0xc CMakeFiles/04_bme.dir/C_/Users/kopcapuk/Repositories/pico/pico-sdk/src/rp2_common/pico_mem_ops/mem_ops_aeabi.S.obj
                0x10002cdc                __wrap_memset
 .text.memcpy   0x10002ce8        0xc CMakeFiles/04_bme.dir/C_/Users/kopcapuk/Repositories/pico/pico-sdk/src/rp2_common/pico_mem_ops/mem_ops_aeabi.S.obj
                0x10002ce8                __wrap_memcpy
                0x10002ce8                __wrap___aeabi_memcpy
 .text._out_buffer
                0x10002cf4        0x8 CMakeFiles/04_bme.dir/C_/Users/kopcapuk/Repositories/pico/pico-sdk/src/rp2_common/pico_printf/printf.c.obj
 .text._out_null
                0x10002cfc        0x4 CMakeFiles/04_bme.dir/C_/Users/kopcapuk/Repositories/pico/pico-sdk/src/rp2_common/pico_printf/printf.c.obj
 .text._out_rev
                0x10002d00       0x9c CMakeFiles/04_bme.dir/C_/Users/kopcapuk/Repositories/pico/pico-sdk/src/rp2_common/pico_printf/printf.c.obj
 .text._ntoa_format
                0x10002d9c      0x1cc CMakeFiles/04_bme.dir/C_/Users/kopcapuk/Repositories/pico/pico-sdk/src/rp2_common/pico_printf/printf.c.obj
 .text._out_char
                0x10002f68       0x10 CMakeFiles/04_bme.dir/C_/Users/kopcapuk/Repositories/pico/pico-sdk/src/rp2_common/pico_printf/printf.c.obj
 .text._out_fct
                0x10002f78       0x10 CMakeFiles/04_bme.dir/C_/Users/kopcapuk/Repositories/pico/pico-sdk/src/rp2_common/pico_printf/printf.c.obj
 .text._etoa    0x10002f88      0x44c CMakeFiles/04_bme.dir/C_/Users/kopcapuk/Repositories/pico/pico-sdk/src/rp2_common/pico_printf/printf.c.obj
 .text._ftoa    0x100033d4      0x398 CMakeFiles/04_bme.dir/C_/Users/kopcapuk/Repositories/pico/pico-sdk/src/rp2_common/pico_printf/printf.c.obj
 .text._vsnprintf
                0x1000376c      0xb04 CMakeFiles/04_bme.dir/C_/Users/kopcapuk/Repositories/pico/pico-sdk/src/rp2_common/pico_printf/printf.c.obj
 .text.__wrap_sprintf
                0x10004270       0x28 CMakeFiles/04_bme.dir/C_/Users/kopcapuk/Repositories/pico/pico-sdk/src/rp2_common/pico_printf/printf.c.obj
                0x10004270                __wrap_sprintf
 .text.vfctprintf
                0x10004298       0x20 CMakeFiles/04_bme.dir/C_/Users/kopcapuk/Repositories/pico/pico-sdk/src/rp2_common/pico_printf/printf.c.obj
                0x10004298                vfctprintf
 .text.weak_raw_printf
                0x100042b8       0x40 CMakeFiles/04_bme.dir/C_/Users/kopcapuk/Repositories/pico/pico-sdk/src/rp2_common/pico_printf/printf.c.obj
                0x100042b8                weak_raw_printf
 .text.weak_raw_vprintf
                0x100042f8       0x30 CMakeFiles/04_bme.dir/C_/Users/kopcapuk/Repositories/pico/pico-sdk/src/rp2_common/pico_printf/printf.c.obj
                0x100042f8                weak_raw_vprintf
 .text._exit    0x10004328        0x4 CMakeFiles/04_bme.dir/C_/Users/kopcapuk/Repositories/pico/pico-sdk/src/rp2_common/pico_clib_interface/newlib_interface.c.obj
                0x10004328                _exit
 .text._sbrk    0x1000432c       0x34 CMakeFiles/04_bme.dir/C_/Users/kopcapuk/Repositories/pico/pico-sdk/src/rp2_common/pico_clib_interface/newlib_interface.c.obj
                0x1000432c                _sbrk
 .text.exit     0x10004360        0x8 CMakeFiles/04_bme.dir/C_/Users/kopcapuk/Repositories/pico/pico-sdk/src/rp2_common/pico_clib_interface/newlib_interface.c.obj
                0x10004360                exit
 .text.__assert_func
                0x10004368       0x34 CMakeFiles/04_bme.dir/C_/Users/kopcapuk/Repositories/pico/pico-sdk/src/rp2_common/pico_clib_interface/newlib_interface.c.obj
                0x10004368                __assert_func
 .text.runtime_init
                0x1000439c       0x2c CMakeFiles/04_bme.dir/C_/Users/kopcapuk/Repositories/pico/pico-sdk/src/rp2_common/pico_clib_interface/newlib_interface.c.obj
                0x1000439c                runtime_init
 .text.stdio_out_chars_no_crlf
                0x100043c8       0x10 CMakeFiles/04_bme.dir/C_/Users/kopcapuk/Repositories/pico/pico-sdk/src/rp2_common/pico_stdio/stdio.c.obj
 .text.stdio_out_chars_crlf
                0x100043d8       0xb4 CMakeFiles/04_bme.dir/C_/Users/kopcapuk/Repositories/pico/pico-sdk/src/rp2_common/pico_stdio/stdio.c.obj
 .text.stdio_buffered_printer
                0x1000448c       0x64 CMakeFiles/04_bme.dir/C_/Users/kopcapuk/Repositories/pico/pico-sdk/src/rp2_common/pico_stdio/stdio.c.obj
 .text.stdio_put_string
                0x100044f0      0x100 CMakeFiles/04_bme.dir/C_/Users/kopcapuk/Repositories/pico/pico-sdk/src/rp2_common/pico_stdio/stdio.c.obj
                0x100044f0                stdio_put_string
 .text.stdio_set_driver_enabled
                0x100045f0       0x30 CMakeFiles/04_bme.dir/C_/Users/kopcapuk/Repositories/pico/pico-sdk/src/rp2_common/pico_stdio/stdio.c.obj
                0x100045f0                stdio_set_driver_enabled
 .text.stdio_init_all
                0x10004620        0x8 CMakeFiles/04_bme.dir/C_/Users/kopcapuk/Repositories/pico/pico-sdk/src/rp2_common/pico_stdio/stdio.c.obj
                0x10004620                stdio_init_all
 .text.stdio_getchar_timeout_us
                0x10004628       0x98 CMakeFiles/04_bme.dir/C_/Users/kopcapuk/Repositories/pico/pico-sdk/src/rp2_common/pico_stdio/stdio.c.obj
                0x10004628                stdio_getchar_timeout_us
 .text.__wrap_putchar
                0x100046c0       0x98 CMakeFiles/04_bme.dir/C_/Users/kopcapuk/Repositories/pico/pico-sdk/src/rp2_common/pico_stdio/stdio.c.obj
                0x100046c0                __wrap_putchar
                0x100046c0                stdio_putchar
 .text.__wrap_puts
                0x10004758       0x3c CMakeFiles/04_bme.dir/C_/Users/kopcapuk/Repositories/pico/pico-sdk/src/rp2_common/pico_stdio/stdio.c.obj
                0x10004758                stdio_puts
                0x10004758                __wrap_puts
 .text.__wrap_vprintf
                0x10004794       0xd8 CMakeFiles/04_bme.dir/C_/Users/kopcapuk/Repositories/pico/pico-sdk/src/rp2_common/pico_stdio/stdio.c.obj
                0x10004794                stdio_vprintf
                0x10004794                __wrap_vprintf
 .text.__wrap_printf
                0x1000486c       0x18 CMakeFiles/04_bme.dir/C_/Users/kopcapuk/Repositories/pico/pico-sdk/src/rp2_common/pico_stdio/stdio.c.obj
                0x1000486c                __wrap_printf
                0x1000486c                stdio_printf
 .text.resetd_init
                0x10004884        0x4 CMakeFiles/04_bme.dir/C_/Users/kopcapuk/Repositories/pico/pico-sdk/src/rp2_common/pico_stdio_usb/reset_interface.c.obj
 .text.resetd_reset
                0x10004888        0xc CMakeFiles/04_bme.dir/C_/Users/kopcapuk/Repositories/pico/pico-sdk/src/rp2_common/pico_stdio_usb/reset_interface.c.obj
 .text.resetd_open
                0x10004894       0x28 CMakeFiles/04_bme.dir/C_/Users/kopcapuk/Repositories/pico/pico-sdk/src/rp2_common/pico_stdio_usb/reset_interface.c.obj
 .text.resetd_xfer_cb
                0x100048bc        0x4 CMakeFiles/04_bme.dir/C_/Users/kopcapuk/Repositories/pico/pico-sdk/src/rp2_common/pico_stdio_usb/reset_interface.c.obj
 .text.resetd_control_xfer_cb
                0x100048c0       0x60 CMakeFiles/04_bme.dir/C_/Users/kopcapuk/Repositories/pico/pico-sdk/src/rp2_common/pico_stdio_usb/reset_interface.c.obj
 .text.tud_descriptor_bos_cb
                0x10004920        0x8 CMakeFiles/04_bme.dir/C_/Users/kopcapuk/Repositories/pico/pico-sdk/src/rp2_common/pico_stdio_usb/reset_interface.c.obj
                0x10004920                tud_descriptor_bos_cb
 .text.tud_vendor_control_xfer_cb
                0x10004928       0x34 CMakeFiles/04_bme.dir/C_/Users/kopcapuk/Repositories/pico/pico-sdk/src/rp2_common/pico_stdio_usb/reset_interface.c.obj
                0x10004928                tud_vendor_control_xfer_cb
 .text.usbd_app_driver_get_cb
                0x1000495c        0xc CMakeFiles/04_bme.dir/C_/Users/kopcapuk/Repositories/pico/pico-sdk/src/rp2_common/pico_stdio_usb/reset_interface.c.obj
                0x1000495c                usbd_app_driver_get_cb
 .text.tud_cdc_line_coding_cb
                0x10004968       0x2c CMakeFiles/04_bme.dir/C_/Users/kopcapuk/Repositories/pico/pico-sdk/src/rp2_common/pico_stdio_usb/reset_interface.c.obj
                0x10004968                tud_cdc_line_coding_cb
 .text.stdio_usb_set_chars_available_callback
                0x10004994       0x14 CMakeFiles/04_bme.dir/C_/Users/kopcapuk/Repositories/pico/pico-sdk/src/rp2_common/pico_stdio_usb/stdio_usb.c.obj
                0x10004994                stdio_usb_set_chars_available_callback
 .text.usb_irq  0x100049a8       0x10 CMakeFiles/04_bme.dir/C_/Users/kopcapuk/Repositories/pico/pico-sdk/src/rp2_common/pico_stdio_usb/stdio_usb.c.obj
 .text.timer_task
                0x100049b8       0x64 CMakeFiles/04_bme.dir/C_/Users/kopcapuk/Repositories/pico/pico-sdk/src/rp2_common/pico_stdio_usb/stdio_usb.c.obj
 .text.stdio_usb_in_chars
                0x10004a1c       0x90 CMakeFiles/04_bme.dir/C_/Users/kopcapuk/Repositories/pico/pico-sdk/src/rp2_common/pico_stdio_usb/stdio_usb.c.obj
                0x10004a1c                stdio_usb_in_chars
 .text.stdio_usb_out_flush
                0x10004aac       0x50 CMakeFiles/04_bme.dir/C_/Users/kopcapuk/Repositories/pico/pico-sdk/src/rp2_common/pico_stdio_usb/stdio_usb.c.obj
 .text.stdio_usb_out_chars
                0x10004afc      0x100 CMakeFiles/04_bme.dir/C_/Users/kopcapuk/Repositories/pico/pico-sdk/src/rp2_common/pico_stdio_usb/stdio_usb.c.obj
 .text.low_priority_worker_irq
                0x10004bfc       0xc8 CMakeFiles/04_bme.dir/C_/Users/kopcapuk/Repositories/pico/pico-sdk/src/rp2_common/pico_stdio_usb/stdio_usb.c.obj
 .text.stdio_usb_init
                0x10004cc4       0xe8 CMakeFiles/04_bme.dir/C_/Users/kopcapuk/Repositories/pico/pico-sdk/src/rp2_common/pico_stdio_usb/stdio_usb.c.obj
                0x10004cc4                stdio_usb_init
 .text.tud_descriptor_device_cb
                0x10004dac        0x8 CMakeFiles/04_bme.dir/C_/Users/kopcapuk/Repositories/pico/pico-sdk/src/rp2_common/pico_stdio_usb/stdio_usb_descriptors.c.obj
                0x10004dac                tud_descriptor_device_cb
 .text.tud_descriptor_configuration_cb
                0x10004db4        0x8 CMakeFiles/04_bme.dir/C_/Users/kopcapuk/Repositories/pico/pico-sdk/src/rp2_common/pico_stdio_usb/stdio_usb_descriptors.c.obj
                0x10004db4                tud_descriptor_configuration_cb
 .text.tud_descriptor_string_cb
                0x10004dbc       0x74 CMakeFiles/04_bme.dir/C_/Users/kopcapuk/Repositories/pico/pico-sdk/src/rp2_common/pico_stdio_usb/stdio_usb_descriptors.c.obj
                0x10004dbc                tud_descriptor_string_cb
 .text.startup._retrieve_unique_id_on_boot
                0x10004e30       0x10 CMakeFiles/04_bme.dir/C_/Users/kopcapuk/Repositories/pico/pico-sdk/src/rp2_common/pico_unique_id/unique_id.c.obj
 .text.pico_get_unique_board_id_string
                0x10004e40      0x1a8 CMakeFiles/04_bme.dir/C_/Users/kopcapuk/Repositories/pico/pico-sdk/src/rp2_common/pico_unique_id/unique_id.c.obj
                0x10004e40                pico_get_unique_board_id_string
 .text.flash_get_unique_id
                0x10004fe8       0x40 CMakeFiles/04_bme.dir/C_/Users/kopcapuk/Repositories/pico/pico-sdk/src/rp2_common/hardware_flash/flash.c.obj
                0x10004fe8                flash_get_unique_id
 .text.dcd_init
                0x10005028       0x90 CMakeFiles/04_bme.dir/C_/Users/kopcapuk/Repositories/pico/pico-sdk/lib/tinyusb/src/portable/raspberrypi/rp2040/dcd_rp2040.c.obj
                0x10005028                dcd_init
 .text.dcd_int_enable
                0x100050b8        0xc CMakeFiles/04_bme.dir/C_/Users/kopcapuk/Repositories/pico/pico-sdk/lib/tinyusb/src/portable/raspberrypi/rp2040/dcd_rp2040.c.obj
                0x100050b8                dcd_int_enable
 .text.dcd_set_address
                0x100050c4       0x14 CMakeFiles/04_bme.dir/C_/Users/kopcapuk/Repositories/pico/pico-sdk/lib/tinyusb/src/portable/raspberrypi/rp2040/dcd_rp2040.c.obj
                0x100050c4                dcd_set_address
 .text.dcd_sof_enable
                0x100050d8       0x1c CMakeFiles/04_bme.dir/C_/Users/kopcapuk/Repositories/pico/pico-sdk/lib/tinyusb/src/portable/raspberrypi/rp2040/dcd_rp2040.c.obj
                0x100050d8                dcd_sof_enable
 .text.dcd_edpt0_status_complete
                0x100050f4       0x1c CMakeFiles/04_bme.dir/C_/Users/kopcapuk/Repositories/pico/pico-sdk/lib/tinyusb/src/portable/raspberrypi/rp2040/dcd_rp2040.c.obj
                0x100050f4                dcd_edpt0_status_complete
 .text.dcd_edpt_open
                0x10005110      0x114 CMakeFiles/04_bme.dir/C_/Users/kopcapuk/Repositories/pico/pico-sdk/lib/tinyusb/src/portable/raspberrypi/rp2040/dcd_rp2040.c.obj
                0x10005110                dcd_edpt_open
 .text.dcd_edpt_close_all
                0x10005224        0x8 CMakeFiles/04_bme.dir/C_/Users/kopcapuk/Repositories/pico/pico-sdk/lib/tinyusb/src/portable/raspberrypi/rp2040/dcd_rp2040.c.obj
                0x10005224                dcd_edpt_close_all
 .text.dcd_edpt_xfer
                0x1000522c       0x24 CMakeFiles/04_bme.dir/C_/Users/kopcapuk/Repositories/pico/pico-sdk/lib/tinyusb/src/portable/raspberrypi/rp2040/dcd_rp2040.c.obj
                0x1000522c                dcd_edpt_xfer
 .text.dcd_edpt_stall
                0x10005250       0x38 CMakeFiles/04_bme.dir/C_/Users/kopcapuk/Repositories/pico/pico-sdk/lib/tinyusb/src/portable/raspberrypi/rp2040/dcd_rp2040.c.obj
                0x10005250                dcd_edpt_stall
 .text.dcd_edpt_clear_stall
                0x10005288       0x30 CMakeFiles/04_bme.dir/C_/Users/kopcapuk/Repositories/pico/pico-sdk/lib/tinyusb/src/portable/raspberrypi/rp2040/dcd_rp2040.c.obj
                0x10005288                dcd_edpt_clear_stall
 .text.rp2040_usb_init
                0x100052b8       0x40 CMakeFiles/04_bme.dir/C_/Users/kopcapuk/Repositories/pico/pico-sdk/lib/tinyusb/src/portable/raspberrypi/rp2040/rp2040_usb.c.obj
                0x100052b8                rp2040_usb_init
 .text.hw_endpoint_xfer_start
                0x100052f8       0x50 CMakeFiles/04_bme.dir/C_/Users/kopcapuk/Repositories/pico/pico-sdk/lib/tinyusb/src/portable/raspberrypi/rp2040/rp2040_usb.c.obj
                0x100052f8                hw_endpoint_xfer_start
 .text.tud_event_hook_cb
                0x10005348        0x4 CMakeFiles/04_bme.dir/C_/Users/kopcapuk/Repositories/pico/pico-sdk/lib/tinyusb/src/device/usbd.c.obj
                0x10005348                tud_event_hook_cb
 .text.tud_sof_cb
                0x1000534c        0x4 CMakeFiles/04_bme.dir/C_/Users/kopcapuk/Repositories/pico/pico-sdk/lib/tinyusb/src/device/usbd.c.obj
                0x1000534c                tud_sof_cb
 .text.tud_descriptor_device_qualifier_cb
                0x10005350        0x4 CMakeFiles/04_bme.dir/C_/Users/kopcapuk/Repositories/pico/pico-sdk/lib/tinyusb/src/device/usbd.c.obj
                0x10005350                tud_descriptor_device_qualifier_cb
 .text.tud_descriptor_other_speed_configuration_cb
                0x10005354        0x4 CMakeFiles/04_bme.dir/C_/Users/kopcapuk/Repositories/pico/pico-sdk/lib/tinyusb/src/device/usbd.c.obj
                0x10005354                tud_descriptor_other_speed_configuration_cb
 .text.tud_mount_cb
                0x10005358        0x4 CMakeFiles/04_bme.dir/C_/Users/kopcapuk/Repositories/pico/pico-sdk/lib/tinyusb/src/device/usbd.c.obj
                0x10005358                tud_mount_cb
 .text.tud_umount_cb
                0x1000535c        0x4 CMakeFiles/04_bme.dir/C_/Users/kopcapuk/Repositories/pico/pico-sdk/lib/tinyusb/src/device/usbd.c.obj
                0x1000535c                tud_umount_cb
 .text.tud_suspend_cb
                0x10005360        0x4 CMakeFiles/04_bme.dir/C_/Users/kopcapuk/Repositories/pico/pico-sdk/lib/tinyusb/src/device/usbd.c.obj
                0x10005360                tud_suspend_cb
 .text.tud_resume_cb
                0x10005364        0x4 CMakeFiles/04_bme.dir/C_/Users/kopcapuk/Repositories/pico/pico-sdk/lib/tinyusb/src/device/usbd.c.obj
                0x10005364                tud_resume_cb
 .text.tud_mounted
                0x10005368       0x10 CMakeFiles/04_bme.dir/C_/Users/kopcapuk/Repositories/pico/pico-sdk/lib/tinyusb/src/device/usbd.c.obj
                0x10005368                tud_mounted
 .text.tud_suspended
                0x10005378       0x10 CMakeFiles/04_bme.dir/C_/Users/kopcapuk/Repositories/pico/pico-sdk/lib/tinyusb/src/device/usbd.c.obj
                0x10005378                tud_suspended
 .text.tud_rhport_init
                0x10005388       0xf4 CMakeFiles/04_bme.dir/C_/Users/kopcapuk/Repositories/pico/pico-sdk/lib/tinyusb/src/device/usbd.c.obj
                0x10005388                tud_rhport_init
 .text.tud_task_ext
                0x1000547c      0x800 CMakeFiles/04_bme.dir/C_/Users/kopcapuk/Repositories/pico/pico-sdk/lib/tinyusb/src/device/usbd.c.obj
                0x1000547c                tud_task_ext
 .text.usbd_open_edpt_pair
                0x10005c7c       0x9c CMakeFiles/04_bme.dir/C_/Users/kopcapuk/Repositories/pico/pico-sdk/lib/tinyusb/src/device/usbd.c.obj
                0x10005c7c                usbd_open_edpt_pair
 .text.usbd_edpt_open
                0x10005d18       0x34 CMakeFiles/04_bme.dir/C_/Users/kopcapuk/Repositories/pico/pico-sdk/lib/tinyusb/src/device/usbd.c.obj
                0x10005d18                usbd_edpt_open
 .text.usbd_edpt_claim
                0x10005d4c       0x28 CMakeFiles/04_bme.dir/C_/Users/kopcapuk/Repositories/pico/pico-sdk/lib/tinyusb/src/device/usbd.c.obj
                0x10005d4c                usbd_edpt_claim
 .text.usbd_edpt_release
                0x10005d74       0x28 CMakeFiles/04_bme.dir/C_/Users/kopcapuk/Repositories/pico/pico-sdk/lib/tinyusb/src/device/usbd.c.obj
                0x10005d74                usbd_edpt_release
 .text.usbd_edpt_xfer
                0x10005d9c       0x4c CMakeFiles/04_bme.dir/C_/Users/kopcapuk/Repositories/pico/pico-sdk/lib/tinyusb/src/device/usbd.c.obj
                0x10005d9c                usbd_edpt_xfer
 .text.tud_control_status
                0x10005de8       0x30 CMakeFiles/04_bme.dir/C_/Users/kopcapuk/Repositories/pico/pico-sdk/lib/tinyusb/src/device/usbd_control.c.obj
                0x10005de8                tud_control_status
 .text.tud_control_xfer
                0x10005e18       0xbc CMakeFiles/04_bme.dir/C_/Users/kopcapuk/Repositories/pico/pico-sdk/lib/tinyusb/src/device/usbd_control.c.obj
                0x10005e18                tud_control_xfer
 .text.usbd_control_reset
                0x10005ed4       0x14 CMakeFiles/04_bme.dir/C_/Users/kopcapuk/Repositories/pico/pico-sdk/lib/tinyusb/src/device/usbd_control.c.obj
                0x10005ed4                usbd_control_reset
 .text.usbd_control_set_complete_callback
                0x10005ee8        0xc CMakeFiles/04_bme.dir/C_/Users/kopcapuk/Repositories/pico/pico-sdk/lib/tinyusb/src/device/usbd_control.c.obj
                0x10005ee8                usbd_control_set_complete_callback
 .text.usbd_control_set_request
                0x10005ef4       0x1c CMakeFiles/04_bme.dir/C_/Users/kopcapuk/Repositories/pico/pico-sdk/lib/tinyusb/src/device/usbd_control.c.obj
                0x10005ef4                usbd_control_set_request
 .text.usbd_control_xfer_cb
                0x10005f10       0xf0 CMakeFiles/04_bme.dir/C_/Users/kopcapuk/Repositories/pico/pico-sdk/lib/tinyusb/src/device/usbd_control.c.obj
                0x10005f10                usbd_control_xfer_cb
 .text._prep_out_transaction.isra.0
                0x10006000       0x6c CMakeFiles/04_bme.dir/C_/Users/kopcapuk/Repositories/pico/pico-sdk/lib/tinyusb/src/class/cdc/cdc_device.c.obj
 .text.tud_cdc_n_connected
                0x1000606c       0x2c CMakeFiles/04_bme.dir/C_/Users/kopcapuk/Repositories/pico/pico-sdk/lib/tinyusb/src/class/cdc/cdc_device.c.obj
                0x1000606c                tud_cdc_n_connected
 .text.tud_cdc_n_available
                0x10006098       0x18 CMakeFiles/04_bme.dir/C_/Users/kopcapuk/Repositories/pico/pico-sdk/lib/tinyusb/src/class/cdc/cdc_device.c.obj
                0x10006098                tud_cdc_n_available
 .text.tud_cdc_n_read
                0x100060b0       0x94 CMakeFiles/04_bme.dir/C_/Users/kopcapuk/Repositories/pico/pico-sdk/lib/tinyusb/src/class/cdc/cdc_device.c.obj
                0x100060b0                tud_cdc_n_read
 .text.tud_cdc_n_write_flush
                0x10006144       0x78 CMakeFiles/04_bme.dir/C_/Users/kopcapuk/Repositories/pico/pico-sdk/lib/tinyusb/src/class/cdc/cdc_device.c.obj
                0x10006144                tud_cdc_n_write_flush
 .text.tud_cdc_n_write
                0x100061bc       0x44 CMakeFiles/04_bme.dir/C_/Users/kopcapuk/Repositories/pico/pico-sdk/lib/tinyusb/src/class/cdc/cdc_device.c.obj
                0x100061bc                tud_cdc_n_write
 .text.tud_cdc_n_write_available
                0x10006200       0x18 CMakeFiles/04_bme.dir/C_/Users/kopcapuk/Repositories/pico/pico-sdk/lib/tinyusb/src/class/cdc/cdc_device.c.obj
                0x10006200                tud_cdc_n_write_available
 .text.cdcd_init
                0x10006218       0x70 CMakeFiles/04_bme.dir/C_/Users/kopcapuk/Repositories/pico/pico-sdk/lib/tinyusb/src/class/cdc/cdc_device.c.obj
                0x10006218                cdcd_init
 .text.cdcd_deinit
                0x10006288       0x24 CMakeFiles/04_bme.dir/C_/Users/kopcapuk/Repositories/pico/pico-sdk/lib/tinyusb/src/class/cdc/cdc_device.c.obj
                0x10006288                cdcd_deinit
 .text.cdcd_reset
                0x100062ac       0x4c CMakeFiles/04_bme.dir/C_/Users/kopcapuk/Repositories/pico/pico-sdk/lib/tinyusb/src/class/cdc/cdc_device.c.obj
                0x100062ac                cdcd_reset
 .text.cdcd_open
                0x100062f8       0xa8 CMakeFiles/04_bme.dir/C_/Users/kopcapuk/Repositories/pico/pico-sdk/lib/tinyusb/src/class/cdc/cdc_device.c.obj
                0x100062f8                cdcd_open
 .text.cdcd_control_xfer_cb
                0x100063a0       0xe8 CMakeFiles/04_bme.dir/C_/Users/kopcapuk/Repositories/pico/pico-sdk/lib/tinyusb/src/class/cdc/cdc_device.c.obj
                0x100063a0                cdcd_control_xfer_cb
 .text.cdcd_xfer_cb
                0x10006488       0xfc CMakeFiles/04_bme.dir/C_/Users/kopcapuk/Repositories/pico/pico-sdk/lib/tinyusb/src/class/cdc/cdc_device.c.obj
                0x10006488                cdcd_xfer_cb
 .text.vendord_init
                0x10006584       0x5c CMakeFiles/04_bme.dir/C_/Users/kopcapuk/Repositories/pico/pico-sdk/lib/tinyusb/src/class/vendor/vendor_device.c.obj
                0x10006584                vendord_init
 .text.vendord_deinit
                0x100065e0       0x1c CMakeFiles/04_bme.dir/C_/Users/kopcapuk/Repositories/pico/pico-sdk/lib/tinyusb/src/class/vendor/vendor_device.c.obj
                0x100065e0                vendord_deinit
 .text.vendord_reset
                0x100065fc       0x28 CMakeFiles/04_bme.dir/C_/Users/kopcapuk/Repositories/pico/pico-sdk/lib/tinyusb/src/class/vendor/vendor_device.c.obj
                0x100065fc                vendord_reset
 .text.vendord_open
                0x10006624      0x128 CMakeFiles/04_bme.dir/C_/Users/kopcapuk/Repositories/pico/pico-sdk/lib/tinyusb/src/class/vendor/vendor_device.c.obj
                0x10006624                vendord_open
 .text.vendord_xfer_cb
                0x1000674c       0x9c CMakeFiles/04_bme.dir/C_/Users/kopcapuk/Repositories/pico/pico-sdk/lib/tinyusb/src/class/vendor/vendor_device.c.obj
                0x1000674c                vendord_xfer_cb
 .text.tusb_rhport_init
                0x100067e8       0x48 CMakeFiles/04_bme.dir/C_/Users/kopcapuk/Repositories/pico/pico-sdk/lib/tinyusb/src/tusb.c.obj
                0x100067e8                tusb_rhport_init
 .text.tu_edpt_claim
                0x10006830       0x50 CMakeFiles/04_bme.dir/C_/Users/kopcapuk/Repositories/pico/pico-sdk/lib/tinyusb/src/tusb.c.obj
                0x10006830                tu_edpt_claim
 .text.tu_edpt_release
                0x10006880       0x38 CMakeFiles/04_bme.dir/C_/Users/kopcapuk/Repositories/pico/pico-sdk/lib/tinyusb/src/tusb.c.obj
                0x10006880                tu_edpt_release
 .text.tu_edpt_validate
                0x100068b8       0x78 CMakeFiles/04_bme.dir/C_/Users/kopcapuk/Repositories/pico/pico-sdk/lib/tinyusb/src/tusb.c.obj
                0x100068b8                tu_edpt_validate
 .text.tu_edpt_bind_driver
                0x10006930       0x34 CMakeFiles/04_bme.dir/C_/Users/kopcapuk/Repositories/pico/pico-sdk/lib/tinyusb/src/tusb.c.obj
                0x10006930                tu_edpt_bind_driver
 .text.tu_edpt_stream_init
                0x10006964       0x6c CMakeFiles/04_bme.dir/C_/Users/kopcapuk/Repositories/pico/pico-sdk/lib/tinyusb/src/tusb.c.obj
                0x10006964                tu_edpt_stream_init
 .text.tu_edpt_stream_deinit
                0x100069d0        0x4 CMakeFiles/04_bme.dir/C_/Users/kopcapuk/Repositories/pico/pico-sdk/lib/tinyusb/src/tusb.c.obj
                0x100069d0                tu_edpt_stream_deinit
 .text.tu_edpt_stream_write_zlp_if_needed
                0x100069d4       0x58 CMakeFiles/04_bme.dir/C_/Users/kopcapuk/Repositories/pico/pico-sdk/lib/tinyusb/src/tusb.c.obj
                0x100069d4                tu_edpt_stream_write_zlp_if_needed
 .text.tu_edpt_stream_write_xfer
                0x10006a2c       0x64 CMakeFiles/04_bme.dir/C_/Users/kopcapuk/Repositories/pico/pico-sdk/lib/tinyusb/src/tusb.c.obj
                0x10006a2c                tu_edpt_stream_write_xfer
 .text.tu_edpt_stream_read_xfer
                0x10006a90       0xdc CMakeFiles/04_bme.dir/C_/Users/kopcapuk/Repositories/pico/pico-sdk/lib/tinyusb/src/tusb.c.obj
                0x10006a90                tu_edpt_stream_read_xfer
 .text.tu_fifo_config
                0x10006b6c       0x70 CMakeFiles/04_bme.dir/C_/Users/kopcapuk/Repositories/pico/pico-sdk/lib/tinyusb/src/common/tusb_fifo.c.obj
                0x10006b6c                tu_fifo_config
 .text.tu_fifo_count
                0x10006bdc       0x2c CMakeFiles/04_bme.dir/C_/Users/kopcapuk/Repositories/pico/pico-sdk/lib/tinyusb/src/common/tusb_fifo.c.obj
                0x10006bdc                tu_fifo_count
 .text.tu_fifo_empty
                0x10006c08       0x10 CMakeFiles/04_bme.dir/C_/Users/kopcapuk/Repositories/pico/pico-sdk/lib/tinyusb/src/common/tusb_fifo.c.obj
                0x10006c08                tu_fifo_empty
 .text.tu_fifo_remaining
                0x10006c18       0x2c CMakeFiles/04_bme.dir/C_/Users/kopcapuk/Repositories/pico/pico-sdk/lib/tinyusb/src/common/tusb_fifo.c.obj
                0x10006c18                tu_fifo_remaining
 .text.tu_fifo_read
                0x10006c44       0xa0 CMakeFiles/04_bme.dir/C_/Users/kopcapuk/Repositories/pico/pico-sdk/lib/tinyusb/src/common/tusb_fifo.c.obj
                0x10006c44                tu_fifo_read
 .text.tu_fifo_read_n
                0x10006ce4       0xec CMakeFiles/04_bme.dir/C_/Users/kopcapuk/Repositories/pico/pico-sdk/lib/tinyusb/src/common/tusb_fifo.c.obj
                0x10006ce4                tu_fifo_read_n
 .text.tu_fifo_write
                0x10006dd0       0x88 CMakeFiles/04_bme.dir/C_/Users/kopcapuk/Repositories/pico/pico-sdk/lib/tinyusb/src/common/tusb_fifo.c.obj
                0x10006dd0                tu_fifo_write
 .text.tu_fifo_write_n
                0x10006e58      0x168 CMakeFiles/04_bme.dir/C_/Users/kopcapuk/Repositories/pico/pico-sdk/lib/tinyusb/src/common/tusb_fifo.c.obj
                0x10006e58                tu_fifo_write_n
 .text.tu_fifo_clear
                0x10006fc0       0x40 CMakeFiles/04_bme.dir/C_/Users/kopcapuk/Repositories/pico/pico-sdk/lib/tinyusb/src/common/tusb_fifo.c.obj
                0x10006fc0                tu_fifo_clear
 .text.tu_fifo_set_overwritable
                0x10007000       0x48 CMakeFiles/04_bme.dir/C_/Users/kopcapuk/Repositories/pico/pico-sdk/lib/tinyusb/src/common/tusb_fifo.c.obj
                0x10007000                tu_fifo_set_overwritable
 .text.i2c_write_blocking_internal
                0x10007048      0x174 CMakeFiles/04_bme.dir/C_/Users/kopcapuk/Repositories/pico/pico-sdk/src/rp2_common/hardware_i2c/i2c.c.obj
 .text.i2c_read_blocking_internal
                0x100071bc      0x108 CMakeFiles/04_bme.dir/C_/Users/kopcapuk/Repositories/pico/pico-sdk/src/rp2_common/hardware_i2c/i2c.c.obj
 .text.i2c_set_baudrate
                0x100072c4       0xc0 CMakeFiles/04_bme.dir/C_/Users/kopcapuk/Repositories/pico/pico-sdk/src/rp2_common/hardware_i2c/i2c.c.obj
                0x100072c4                i2c_set_baudrate
 .text.i2c_init
                0x10007384       0x54 CMakeFiles/04_bme.dir/C_/Users/kopcapuk/Repositories/pico/pico-sdk/src/rp2_common/hardware_i2c/i2c.c.obj
                0x10007384                i2c_init
 .text.i2c_write_blocking_until
                0x100073d8       0x48 CMakeFiles/04_bme.dir/C_/Users/kopcapuk/Repositories/pico/pico-sdk/src/rp2_common/hardware_i2c/i2c.c.obj
                0x100073d8                i2c_write_blocking_until
 .text.i2c_read_blocking_until
                0x10007420       0x48 CMakeFiles/04_bme.dir/C_/Users/kopcapuk/Repositories/pico/pico-sdk/src/rp2_common/hardware_i2c/i2c.c.obj
                0x10007420                i2c_read_blocking_until
 .text.protocol_task_init
                0x10007468       0x30 protocol_build/libprotocol.a(protocol-task.c.obj)
                0x10007468                protocol_task_init
 .text.protocol_task_handle
                0x10007498       0x7c protocol_build/libprotocol.a(protocol-task.c.obj)
                0x10007498                protocol_task_handle
 .text.bme280_init
                0x10007514      0x110 bme280_build/libbme280_driver.a(bme280-driver.c.obj)
                0x10007514                bme280_init
 .text.bme280_read_regs
                0x10007624       0x28 bme280_build/libbme280_driver.a(bme280-driver.c.obj)
                0x10007624                bme280_read_regs
 .text.bme280_write_reg
                0x1000764c       0x1c bme280_build/libbme280_driver.a(bme280-driver.c.obj)
                0x1000764c                bme280_write_reg
 .text.bme280_read_temp_raw
                0x10007668       0x44 bme280_build/libbme280_driver.a(bme280-driver.c.obj)
                0x10007668                bme280_read_temp_raw
 .text.bme280_read_pres_raw
                0x100076ac       0x44 bme280_build/libbme280_driver.a(bme280-driver.c.obj)
                0x100076ac                bme280_read_pres_raw
 .text.bme280_read_hum_raw
                0x100076f0       0x30 bme280_build/libbme280_driver.a(bme280-driver.c.obj)
                0x100076f0                bme280_read_hum_raw
 .text.bme280_read_temperature
                0x10007720       0x8c bme280_build/libbme280_driver.a(bme280-driver.c.obj)
                0x10007720                bme280_read_temperature
 .text.bme280_read_pressure
                0x100077ac      0x22c bme280_build/libbme280_driver.a(bme280-driver.c.obj)
                0x100077ac                bme280_read_pressure
 .text.bme280_read_humidity
                0x100079d8      0x128 bme280_build/libbme280_driver.a(bme280-driver.c.obj)
                0x100079d8                bme280_read_humidity
 .text._calloc_r
                0x10007b00       0x9c c:/program files (x86)/gnu arm embedded toolchain/10 2021.10/bin/../lib/gcc/arm-none-eabi/10.3.1/../../../../arm-none-eabi/lib/thumb/v6-m/nofp\libg.a(lib_a-callocr.o)
                0x10007b00                _calloc_r
 .text.__errno  0x10007b9c        0xc c:/program files (x86)/gnu arm embedded toolchain/10 2021.10/bin/../lib/gcc/arm-none-eabi/10.3.1/../../../../arm-none-eabi/lib/thumb/v6-m/nofp\libg.a(lib_a-errno.o)
                0x10007b9c                __errno
 .text.malloc   0x10007ba8       0x14 c:/program files (x86)/gnu arm embedded toolchain/10 2021.10/bin/../lib/gcc/arm-none-eabi/10.3.1/../../../../arm-none-eabi/lib/thumb/v6-m/nofp\libg.a(lib_a-malloc.o)
                0x10007ba8                malloc
 .text.free     0x10007bbc       0x14 c:/program files (x86)/gnu arm embedded toolchain/10 2021.10/bin/../lib/gcc/arm-none-eabi/10.3.1/../../../../arm-none-eabi/lib/thumb/v6-m/nofp\libg.a(lib_a-malloc.o)
                0x10007bbc                free
 .text._malloc_r
                0x10007bd0      0x584 c:/program files (x86)/gnu arm embedded toolchain/10 2021.10/bin/../lib/gcc/arm-none-eabi/10.3.1/../../../../arm-none-eabi/lib/thumb/v6-m/nofp\libg.a(lib_a-mallocr.o)
                0x10007bd0                _malloc_r
 .text.__malloc_lock
                0x10008154       0x10 c:/program files (x86)/gnu arm embedded toolchain/10 2021.10/bin/../lib/gcc/arm-none-eabi/10.3.1/../../../../arm-none-eabi/lib/thumb/v6-m/nofp\libg.a(lib_a-mlock.o)
                0x10008154                __malloc_lock
 .text.__malloc_unlock
                0x10008164       0x10 c:/program files (x86)/gnu arm embedded toolchain/10 2021.10/bin/../lib/gcc/arm-none-eabi/10.3.1/../../../../arm-none-eabi/lib/thumb/v6-m/nofp\libg.a(lib_a-mlock.o)
                0x10008164                __malloc_unlock
 .text.realloc  0x10008174       0x18 c:/program files (x86)/gnu arm embedded toolchain/10 2021.10/bin/../lib/gcc/arm-none-eabi/10.3.1/../../../../arm-none-eabi/lib/thumb/v6-m/nofp\libg.a(lib_a-realloc.o)
                0x10008174                realloc
 .text._realloc_r
                0x1000818c      0x354 c:/program files (x86)/gnu arm embedded toolchain/10 2021.10/bin/../lib/gcc/arm-none-eabi/10.3.1/../../../../arm-none-eabi/lib/thumb/v6-m/nofp\libg.a(lib_a-reallocr.o)
                0x1000818c                _realloc_r
 .text._sbrk_r  0x100084e0       0x24 c:/program files (x86)/gnu arm embedded toolchain/10 2021.10/bin/../lib/gcc/arm-none-eabi/10.3.1/../../../../arm-none-eabi/lib/thumb/v6-m/nofp\libg.a(lib_a-sbrkr.o)
                0x100084e0                _sbrk_r
 .text.sscanf   0x10008504       0x50 c:/program files (x86)/gnu arm embedded toolchain/10 2021.10/bin/../lib/gcc/arm-none-eabi/10.3.1/../../../../arm-none-eabi/lib/thumb/v6-m/nofp\libg.a(lib_a-sscanf.o)
                0x10008504                sscanf
 .text.__seofread
                0x10008554        0x4 c:/program files (x86)/gnu arm embedded toolchain/10 2021.10/bin/../lib/gcc/arm-none-eabi/10.3.1/../../../../arm-none-eabi/lib/thumb/v6-m/nofp\libg.a(lib_a-stdio.o)
                0x10008554                __seofread
 .text.strchr   0x10008558       0xc0 c:/program files (x86)/gnu arm embedded toolchain/10 2021.10/bin/../lib/gcc/arm-none-eabi/10.3.1/../../../../arm-none-eabi/lib/thumb/v6-m/nofp\libg.a(lib_a-strchr.o)
                0x10008558                strchr
 .text          0x10008618       0x88 c:/program files (x86)/gnu arm embedded toolchain/10 2021.10/bin/../lib/gcc/arm-none-eabi/10.3.1/../../../../arm-none-eabi/lib/thumb/v6-m/nofp\libg.a(lib_a-strcmp.o)
                0x10008618                strcmp
 .text.strlen   0x100086a0       0x5c c:/program files (x86)/gnu arm embedded toolchain/10 2021.10/bin/../lib/gcc/arm-none-eabi/10.3.1/../../../../arm-none-eabi/lib/thumb/v6-m/nofp\libg.a(lib_a-strlen-stub.o)
                0x100086a0                strlen
 .text._strtoul_l.constprop.0
                0x100086fc      0x148 c:/program files (x86)/gnu arm embedded toolchain/10 2021.10/bin/../lib/gcc/arm-none-eabi/10.3.1/../../../../arm-none-eabi/lib/thumb/v6-m/nofp\libg.a(lib_a-strtoul.o)
 .text._strtoul_r
                0x10008844        0x8 c:/program files (x86)/gnu arm embedded toolchain/10 2021.10/bin/../lib/gcc/arm-none-eabi/10.3.1/../../../../arm-none-eabi/lib/thumb/v6-m/nofp\libg.a(lib_a-strtoul.o)
                0x10008844                _strtoul_r
 .text.strtoul  0x1000884c       0x18 c:/program files (x86)/gnu arm embedded toolchain/10 2021.10/bin/../lib/gcc/arm-none-eabi/10.3.1/../../../../arm-none-eabi/lib/thumb/v6-m/nofp\libg.a(lib_a-strtoul.o)
                0x1000884c                strtoul
 .text.__ssvfscanf_r
                0x10008864     0x17a0 c:/program files (x86)/gnu arm embedded toolchain/10 2021.10/bin/../lib/gcc/arm-none-eabi/10.3.1/../../../../arm-none-eabi/lib/thumb/v6-m/nofp\libg.a(lib_a-svfscanf.o)
                0x10008864                __ssvfscanf_r
 .text._malloc_trim_r
                0x1000a004       0x9c c:/program files (x86)/gnu arm embedded toolchain/10 2021.10/bin/../lib/gcc/arm-none-eabi/10.3.1/../../../../arm-none-eabi/lib/thumb/v6-m/nofp\libg.a(lib_a-freer.o)
                0x1000a004                _malloc_trim_r
 .text._free_r  0x1000a0a0      0x1c4 c:/program files (x86)/gnu arm embedded toolchain/10 2021.10/bin/../lib/gcc/arm-none-eabi/10.3.1/../../../../arm-none-eabi/lib/thumb/v6-m/nofp\libg.a(lib_a-freer.o)
                0x1000a0a0                _free_r
 .text.iswspace
                0x1000a264        0xc c:/program files (x86)/gnu arm embedded toolchain/10 2021.10/bin/../lib/gcc/arm-none-eabi/10.3.1/../../../../arm-none-eabi/lib/thumb/v6-m/nofp\libg.a(lib_a-iswspace.o)
                0x1000a264                iswspace
 .text.iswspace_l
                0x1000a270       0x18 c:/program files (x86)/gnu arm embedded toolchain/10 2021.10/bin/../lib/gcc/arm-none-eabi/10.3.1/../../../../arm-none-eabi/lib/thumb/v6-m/nofp\libg.a(lib_a-iswspace_l.o)
                0x1000a270                iswspace_l
 .text.__locale_mb_cur_max
                0x1000a288       0x10 c:/program files (x86)/gnu arm embedded toolchain/10 2021.10/bin/../lib/gcc/arm-none-eabi/10.3.1/../../../../arm-none-eabi/lib/thumb/v6-m/nofp\libg.a(lib_a-locale.o)
                0x1000a288                __locale_mb_cur_max
 .text._localeconv_r
                0x1000a298        0x8 c:/program files (x86)/gnu arm embedded toolchain/10 2021.10/bin/../lib/gcc/arm-none-eabi/10.3.1/../../../../arm-none-eabi/lib/thumb/v6-m/nofp\libg.a(lib_a-localeconv.o)
                0x1000a298                _localeconv_r
 .text.__retarget_lock_acquire_recursive
                0x1000a2a0        0x4 c:/program files (x86)/gnu arm embedded toolchain/10 2021.10/bin/../lib/gcc/arm-none-eabi/10.3.1/../../../../arm-none-eabi/lib/thumb/v6-m/nofp\libg.a(lib_a-lock.o)
                0x1000a2a0                __retarget_lock_acquire_recursive
 .text.__retarget_lock_release_recursive
                0x1000a2a4        0x4 c:/program files (x86)/gnu arm embedded toolchain/10 2021.10/bin/../lib/gcc/arm-none-eabi/10.3.1/../../../../arm-none-eabi/lib/thumb/v6-m/nofp\libg.a(lib_a-lock.o)
                0x1000a2a4                __retarget_lock_release_recursive
 .text._mbrtowc_r
                0x1000a2a8       0x4c c:/program files (x86)/gnu arm embedded toolchain/10 2021.10/bin/../lib/gcc/arm-none-eabi/10.3.1/../../../../arm-none-eabi/lib/thumb/v6-m/nofp\libg.a(lib_a-mbrtowc.o)
                0x1000a2a8                _mbrtowc_r
 .text.__ascii_mbtowc
                0x1000a2f4       0x2c c:/program files (x86)/gnu arm embedded toolchain/10 2021.10/bin/../lib/gcc/arm-none-eabi/10.3.1/../../../../arm-none-eabi/lib/thumb/v6-m/nofp\libg.a(lib_a-mbtowc_r.o)
                0x1000a2f4                __ascii_mbtowc
 .text.memmove  0x1000a320       0xac c:/program files (x86)/gnu arm embedded toolchain/10 2021.10/bin/../lib/gcc/arm-none-eabi/10.3.1/../../../../arm-none-eabi/lib/thumb/v6-m/nofp\libg.a(lib_a-memmove.o)
                0x1000a320                memmove
 .text.__sccl   0x1000a3cc       0x80 c:/program files (x86)/gnu arm embedded toolchain/10 2021.10/bin/../lib/gcc/arm-none-eabi/10.3.1/../../../../arm-none-eabi/lib/thumb/v6-m/nofp\libg.a(lib_a-sccl.o)
                0x1000a3cc                __sccl
 .text.nanf     0x1000a44c        0x8 c:/program files (x86)/gnu arm embedded toolchain/10 2021.10/bin/../lib/gcc/arm-none-eabi/10.3.1/../../../../arm-none-eabi/lib/thumb/v6-m/nofp\libg.a(lib_a-sf_nan.o)
                0x1000a44c                nanf
 .text.strncmp  0x1000a454       0x74 c:/program files (x86)/gnu arm embedded toolchain/10 2021.10/bin/../lib/gcc/arm-none-eabi/10.3.1/../../../../arm-none-eabi/lib/thumb/v6-m/nofp\libg.a(lib_a-strncmp.o)
                0x1000a454                strncmp
 .text._strtod_l
                0x1000a4c8      0xf78 c:/program files (x86)/gnu arm embedded toolchain/10 2021.10/bin/../lib/gcc/arm-none-eabi/10.3.1/../../../../arm-none-eabi/lib/thumb/v6-m/nofp\libg.a(lib_a-strtod.o)
                0x1000a4c8                _strtod_l
 .text._strtod_r
                0x1000b440       0x10 c:/program files (x86)/gnu arm embedded toolchain/10 2021.10/bin/../lib/gcc/arm-none-eabi/10.3.1/../../../../arm-none-eabi/lib/thumb/v6-m/nofp\libg.a(lib_a-strtod.o)
                0x1000b440                _strtod_r
 .text._strtol_l.part.0
                0x1000b450      0x144 c:/program files (x86)/gnu arm embedded toolchain/10 2021.10/bin/../lib/gcc/arm-none-eabi/10.3.1/../../../../arm-none-eabi/lib/thumb/v6-m/nofp\libg.a(lib_a-strtol.o)
 .text._strtol_r
                0x1000b594       0x1c c:/program files (x86)/gnu arm embedded toolchain/10 2021.10/bin/../lib/gcc/arm-none-eabi/10.3.1/../../../../arm-none-eabi/lib/thumb/v6-m/nofp\libg.a(lib_a-strtol.o)
                0x1000b594                _strtol_r
 .text._strtoll_l.constprop.0
                0x1000b5b0      0x198 c:/program files (x86)/gnu arm embedded toolchain/10 2021.10/bin/../lib/gcc/arm-none-eabi/10.3.1/../../../../arm-none-eabi/lib/thumb/v6-m/nofp\libg.a(lib_a-strtoll.o)
 .text._strtoll_r
                0x1000b748        0x8 c:/program files (x86)/gnu arm embedded toolchain/10 2021.10/bin/../lib/gcc/arm-none-eabi/10.3.1/../../../../arm-none-eabi/lib/thumb/v6-m/nofp\libg.a(lib_a-strtoll.o)
                0x1000b748                _strtoll_r
 .text._strtoull_l.constprop.0
                0x1000b750      0x1bc c:/program files (x86)/gnu arm embedded toolchain/10 2021.10/bin/../lib/gcc/arm-none-eabi/10.3.1/../../../../arm-none-eabi/lib/thumb/v6-m/nofp\libg.a(lib_a-strtoull.o)
 .text._strtoull_r
                0x1000b90c        0x8 c:/program files (x86)/gnu arm embedded toolchain/10 2021.10/bin/../lib/gcc/arm-none-eabi/10.3.1/../../../../arm-none-eabi/lib/thumb/v6-m/nofp\libg.a(lib_a-strtoull.o)
                0x1000b90c                _strtoull_r
 .text._sungetc_r
                0x1000b914       0x84 c:/program files (x86)/gnu arm embedded toolchain/10 2021.10/bin/../lib/gcc/arm-none-eabi/10.3.1/../../../../arm-none-eabi/lib/thumb/v6-m/nofp\libg.a(lib_a-svfiscanf.o)
                0x1000b914                _sungetc_r
 .text.__ssrefill_r
                0x1000b998       0x40 c:/program files (x86)/gnu arm embedded toolchain/10 2021.10/bin/../lib/gcc/arm-none-eabi/10.3.1/../../../../arm-none-eabi/lib/thumb/v6-m/nofp\libg.a(lib_a-svfiscanf.o)
                0x1000b998                __ssrefill_r
 .text._sfread_r
                0x1000b9d8       0xc4 c:/program files (x86)/gnu arm embedded toolchain/10 2021.10/bin/../lib/gcc/arm-none-eabi/10.3.1/../../../../arm-none-eabi/lib/thumb/v6-m/nofp\libg.a(lib_a-svfiscanf.o)
                0x1000b9d8                _sfread_r
 .text.__submore
                0x1000ba9c       0x84 c:/program files (x86)/gnu arm embedded toolchain/10 2021.10/bin/../lib/gcc/arm-none-eabi/10.3.1/../../../../arm-none-eabi/lib/thumb/v6-m/nofp\libg.a(lib_a-ungetc.o)
                0x1000ba9c                __submore
 .text.__ascii_wctomb
                0x1000bb20       0x1c c:/program files (x86)/gnu arm embedded toolchain/10 2021.10/bin/../lib/gcc/arm-none-eabi/10.3.1/../../../../arm-none-eabi/lib/thumb/v6-m/nofp\libg.a(lib_a-wctomb_r.o)
                0x1000bb20                __ascii_wctomb
 .text.rshift   0x1000bb3c       0xa4 c:/program files (x86)/gnu arm embedded toolchain/10 2021.10/bin/../lib/gcc/arm-none-eabi/10.3.1/../../../../arm-none-eabi/lib/thumb/v6-m/nofp\libg.a(lib_a-gdtoa-gethex.o)
 .text.__gethex
                0x1000bbe0      0x5cc c:/program files (x86)/gnu arm embedded toolchain/10 2021.10/bin/../lib/gcc/arm-none-eabi/10.3.1/../../../../arm-none-eabi/lib/thumb/v6-m/nofp\libg.a(lib_a-gdtoa-gethex.o)
                0x1000bbe0                __gethex
 .text.__match  0x1000c1ac       0x2c c:/program files (x86)/gnu arm embedded toolchain/10 2021.10/bin/../lib/gcc/arm-none-eabi/10.3.1/../../../../arm-none-eabi/lib/thumb/v6-m/nofp\libg.a(lib_a-gdtoa-hexnan.o)
                0x1000c1ac                __match
 .text.__hexnan
                0x1000c1d8      0x1d0 c:/program files (x86)/gnu arm embedded toolchain/10 2021.10/bin/../lib/gcc/arm-none-eabi/10.3.1/../../../../arm-none-eabi/lib/thumb/v6-m/nofp\libg.a(lib_a-gdtoa-hexnan.o)
                0x1000c1d8                __hexnan
 .text._Balloc  0x1000c3a8       0x50 c:/program files (x86)/gnu arm embedded toolchain/10 2021.10/bin/../lib/gcc/arm-none-eabi/10.3.1/../../../../arm-none-eabi/lib/thumb/v6-m/nofp\libg.a(lib_a-mprec.o)
                0x1000c3a8                _Balloc
 .text._Bfree   0x1000c3f8       0x14 c:/program files (x86)/gnu arm embedded toolchain/10 2021.10/bin/../lib/gcc/arm-none-eabi/10.3.1/../../../../arm-none-eabi/lib/thumb/v6-m/nofp\libg.a(lib_a-mprec.o)
                0x1000c3f8                _Bfree
 .text.__multadd
                0x1000c40c       0xa8 c:/program files (x86)/gnu arm embedded toolchain/10 2021.10/bin/../lib/gcc/arm-none-eabi/10.3.1/../../../../arm-none-eabi/lib/thumb/v6-m/nofp\libg.a(lib_a-mprec.o)
                0x1000c40c                __multadd
 .text.__s2b    0x1000c4b4       0xb0 c:/program files (x86)/gnu arm embedded toolchain/10 2021.10/bin/../lib/gcc/arm-none-eabi/10.3.1/../../../../arm-none-eabi/lib/thumb/v6-m/nofp\libg.a(lib_a-mprec.o)
                0x1000c4b4                __s2b
 .text.__hi0bits
                0x1000c564       0x38 c:/program files (x86)/gnu arm embedded toolchain/10 2021.10/bin/../lib/gcc/arm-none-eabi/10.3.1/../../../../arm-none-eabi/lib/thumb/v6-m/nofp\libg.a(lib_a-mprec.o)
                0x1000c564                __hi0bits
 .text.__lo0bits
                0x1000c59c       0x5c c:/program files (x86)/gnu arm embedded toolchain/10 2021.10/bin/../lib/gcc/arm-none-eabi/10.3.1/../../../../arm-none-eabi/lib/thumb/v6-m/nofp\libg.a(lib_a-mprec.o)
                0x1000c59c                __lo0bits
 .text.__i2b    0x1000c5f8       0x60 c:/program files (x86)/gnu arm embedded toolchain/10 2021.10/bin/../lib/gcc/arm-none-eabi/10.3.1/../../../../arm-none-eabi/lib/thumb/v6-m/nofp\libg.a(lib_a-mprec.o)
                0x1000c5f8                __i2b
 .text.__multiply
                0x1000c658      0x1a4 c:/program files (x86)/gnu arm embedded toolchain/10 2021.10/bin/../lib/gcc/arm-none-eabi/10.3.1/../../../../arm-none-eabi/lib/thumb/v6-m/nofp\libg.a(lib_a-mprec.o)
                0x1000c658                __multiply
 .text.__pow5mult
                0x1000c7fc       0xd8 c:/program files (x86)/gnu arm embedded toolchain/10 2021.10/bin/../lib/gcc/arm-none-eabi/10.3.1/../../../../arm-none-eabi/lib/thumb/v6-m/nofp\libg.a(lib_a-mprec.o)
                0x1000c7fc                __pow5mult
 .text.__lshift
                0x1000c8d4       0xfc c:/program files (x86)/gnu arm embedded toolchain/10 2021.10/bin/../lib/gcc/arm-none-eabi/10.3.1/../../../../arm-none-eabi/lib/thumb/v6-m/nofp\libg.a(lib_a-mprec.o)
                0x1000c8d4                __lshift
 .text.__mcmp   0x1000c9d0       0x34 c:/program files (x86)/gnu arm embedded toolchain/10 2021.10/bin/../lib/gcc/arm-none-eabi/10.3.1/../../../../arm-none-eabi/lib/thumb/v6-m/nofp\libg.a(lib_a-mprec.o)
                0x1000c9d0                __mcmp
 .text.__mdiff  0x1000ca04      0x18c c:/program files (x86)/gnu arm embedded toolchain/10 2021.10/bin/../lib/gcc/arm-none-eabi/10.3.1/../../../../arm-none-eabi/lib/thumb/v6-m/nofp\libg.a(lib_a-mprec.o)
                0x1000ca04                __mdiff
 .text.__ulp    0x1000cb90       0x48 c:/program files (x86)/gnu arm embedded toolchain/10 2021.10/bin/../lib/gcc/arm-none-eabi/10.3.1/../../../../arm-none-eabi/lib/thumb/v6-m/nofp\libg.a(lib_a-mprec.o)
                0x1000cb90                __ulp
 .text.__b2d    0x1000cbd8       0xc8 c:/program files (x86)/gnu arm embedded toolchain/10 2021.10/bin/../lib/gcc/arm-none-eabi/10.3.1/../../../../arm-none-eabi/lib/thumb/v6-m/nofp\libg.a(lib_a-mprec.o)
                0x1000cbd8                __b2d
 .text.__d2b    0x1000cca0       0xd8 c:/program files (x86)/gnu arm embedded toolchain/10 2021.10/bin/../lib/gcc/arm-none-eabi/10.3.1/../../../../arm-none-eabi/lib/thumb/v6-m/nofp\libg.a(lib_a-mprec.o)
                0x1000cca0                __d2b
 .text.__ratio  0x1000cd78       0x68 c:/program files (x86)/gnu arm embedded toolchain/10 2021.10/bin/../lib/gcc/arm-none-eabi/10.3.1/../../../../arm-none-eabi/lib/thumb/v6-m/nofp\libg.a(lib_a-mprec.o)
                0x1000cd78                __ratio
 .text.__copybits
                0x1000cde0       0x40 c:/program files (x86)/gnu arm embedded toolchain/10 2021.10/bin/../lib/gcc/arm-none-eabi/10.3.1/../../../../arm-none-eabi/lib/thumb/v6-m/nofp\libg.a(lib_a-mprec.o)
                0x1000cde0                __copybits
 .text.__any_on
                0x1000ce20       0x50 c:/program files (x86)/gnu arm embedded toolchain/10 2021.10/bin/../lib/gcc/arm-none-eabi/10.3.1/../../../../arm-none-eabi/lib/thumb/v6-m/nofp\libg.a(lib_a-mprec.o)
                0x1000ce20                __any_on
 .text.nan      0x1000ce70        0xc c:/program files (x86)/gnu arm embedded toolchain/10 2021.10/bin/../lib/gcc/arm-none-eabi/10.3.1/../../../../arm-none-eabi/lib/thumb/v6-m/nofp\libg.a(lib_a-s_nan.o)
                0x1000ce70                nan
 *(.fini)
 .fini          0x1000ce7c        0x4 c:/program files (x86)/gnu arm embedded toolchain/10 2021.10/bin/../lib/gcc/arm-none-eabi/10.3.1/thumb/v6-m/nofp/crti.o
                0x1000ce7c                _fini
 .fini.__stub   0x1000ce80       0xd0 linker stubs
 *crtbegin.o(.ctors)
 *crtbegin?.o(.ctors)
 *(EXCLUDE_FILE(*crtend.o *crtend?.o) .ctors)
 *(SORT_BY_NAME(.ctors.*))
 *(.ctors)
 *crtbegin.o(.dtors)
 *crtbegin?.o(.dtors)
 *(EXCLUDE_FILE(*crtend.o *crtend?.o) .dtors)
 *(SORT_BY_NAME(.dtors.*))
 *(.dtors)
                0x1000cf50                . = ALIGN (0x4)
                0x1000cf50                PROVIDE (__preinit_array_start = .)
 *(SORT_BY_NAME(.preinit_array.*))
 .preinit_array.00100
                0x1000cf50        0x4 CMakeFiles/04_bme.dir/C_/Users/kopcapuk/Repositories/pico/pico-sdk/src/rp2_common/pico_runtime_init/runtime_init.c.obj
                0x1000cf50                __pre_init_runtime_init_early_resets
 .preinit_array.00101
                0x1000cf54        0x4 CMakeFiles/04_bme.dir/C_/Users/kopcapuk/Repositories/pico/pico-sdk/src/rp2_common/pico_runtime_init/runtime_init.c.obj
                0x1000cf54                __pre_init_runtime_init_usb_power_down
 .preinit_array.00275
                0x1000cf58        0x4 CMakeFiles/04_bme.dir/C_/Users/kopcapuk/Repositories/pico/pico-sdk/src/rp2_common/pico_bit_ops/bit_ops_aeabi.S.obj
 .preinit_array.00300
                0x1000cf5c        0x4 CMakeFiles/04_bme.dir/C_/Users/kopcapuk/Repositories/pico/pico-sdk/src/rp2_common/pico_mem_ops/mem_ops_aeabi.S.obj
 .preinit_array.00350
                0x1000cf60        0x4 CMakeFiles/04_bme.dir/C_/Users/kopcapuk/Repositories/pico/pico-sdk/src/rp2_common/pico_double/double_aeabi_rp2040.S.obj
 .preinit_array.00350
                0x1000cf64        0x4 CMakeFiles/04_bme.dir/C_/Users/kopcapuk/Repositories/pico/pico-sdk/src/rp2_common/pico_float/float_aeabi_rp2040.S.obj
 .preinit_array.00500
                0x1000cf68        0x4 CMakeFiles/04_bme.dir/C_/Users/kopcapuk/Repositories/pico/pico-sdk/src/rp2_common/pico_runtime_init/runtime_init.c.obj
                0x1000cf68                __pre_init_runtime_init_clocks
 .preinit_array.00600
                0x1000cf6c        0x4 CMakeFiles/04_bme.dir/C_/Users/kopcapuk/Repositories/pico/pico-sdk/src/rp2_common/pico_runtime_init/runtime_init.c.obj
                0x1000cf6c                __pre_init_runtime_init_post_clock_resets
 .preinit_array.00700
                0x1000cf70        0x4 CMakeFiles/04_bme.dir/C_/Users/kopcapuk/Repositories/pico/pico-sdk/src/rp2_common/pico_runtime_init/runtime_init.c.obj
                0x1000cf70                __pre_init_runtime_init_rp2040_gpio_ie_disable
 .preinit_array.01000
                0x1000cf74        0x4 CMakeFiles/04_bme.dir/C_/Users/kopcapuk/Repositories/pico/pico-sdk/src/rp2_common/pico_runtime_init/runtime_init.c.obj
                0x1000cf74                __pre_init_runtime_init_spin_locks_reset
 .preinit_array.01100
                0x1000cf78        0x4 CMakeFiles/04_bme.dir/C_/Users/kopcapuk/Repositories/pico/pico-sdk/src/common/pico_sync/mutex.c.obj
                0x1000cf78                __pre_init_runtime_init_mutex
 .preinit_array.10080
                0x1000cf7c        0x4 CMakeFiles/04_bme.dir/C_/Users/kopcapuk/Repositories/pico/pico-sdk/src/rp2_common/pico_runtime_init/runtime_init.c.obj
                0x1000cf7c                __pre_init_runtime_init_install_ram_vector_table
 .preinit_array.11000
                0x1000cf80        0x4 CMakeFiles/04_bme.dir/C_/Users/kopcapuk/Repositories/pico/pico-sdk/src/common/pico_time/time.c.obj
                0x1000cf80                __pre_init_runtime_init_default_alarm_pool
 .preinit_array.YYYYY
                0x1000cf84        0x4 CMakeFiles/04_bme.dir/C_/Users/kopcapuk/Repositories/pico/pico-sdk/src/rp2_common/pico_runtime/runtime.c.obj
                0x1000cf84                __pre_init_first_per_core_initializer
 .preinit_array.ZZZZZ.01200
                0x1000cf88        0x4 CMakeFiles/04_bme.dir/C_/Users/kopcapuk/Repositories/pico/pico-sdk/src/rp2_common/hardware_irq/irq.c.obj
                0x1000cf88                __pre_init_runtime_init_per_core_irq_priorities
 *(.preinit_array)
                0x1000cf8c                PROVIDE (__preinit_array_end = .)
                0x1000cf8c                . = ALIGN (0x4)
                0x1000cf8c                PROVIDE (__init_array_start = .)
 *(SORT_BY_NAME(.init_array.*))
 .init_array.01000
                0x1000cf8c        0x4 CMakeFiles/04_bme.dir/C_/Users/kopcapuk/Repositories/pico/pico-sdk/src/rp2_common/pico_unique_id/unique_id.c.obj
 *(.init_array)
 .init_array    0x1000cf90        0x4 c:/program files (x86)/gnu arm embedded toolchain/10 2021.10/bin/../lib/gcc/arm-none-eabi/10.3.1/thumb/v6-m/nofp/crtbegin.o
                0x1000cf94                PROVIDE (__init_array_end = .)
                0x1000cf94                . = ALIGN (0x4)
                [!provide]                PROVIDE (__fini_array_start = .)
 *(SORT_BY_NAME(.fini_array.*))
 *(.fini_array)
                [!provide]                PROVIDE (__fini_array_end = .)
 *(.eh_frame*)
 .eh_frame      0x1000cf94        0x0 c:/program files (x86)/gnu arm embedded toolchain/10 2021.10/bin/../lib/gcc/arm-none-eabi/10.3.1/thumb/v6-m/nofp/crtbegin.o
                0x1000cf94                . = ALIGN (0x4)

.glue_7         0x1000cf94        0x0
 .glue_7        0x1000cf94        0x0 linker stubs

.glue_7t        0x1000cf94        0x0
 .glue_7t       0x1000cf94        0x0 linker stubs

.vfp11_veneer   0x1000cf94        0x0
 .vfp11_veneer  0x1000cf94        0x0 linker stubs

.v4_bx          0x1000cf94        0x0
 .v4_bx         0x1000cf94        0x0 linker stubs

.iplt           0x1000cf94        0x0
 .iplt          0x1000cf94        0x0 c:/program files (x86)/gnu arm embedded toolchain/10 2021.10/bin/../lib/gcc/arm-none-eabi/10.3.1/thumb/v6-m/nofp/crtbegin.o

.rodata         0x1000cf98     0x1634
 *(EXCLUDE_FILE(*libm.a: *libc.a:*lib_a-mem*.o *libgcc.a:) .rodata*)
 .rodata.version_callback.str1.4
                0x1000cf98       0x41 CMakeFiles/04_bme.dir/main.c.obj
 *fill*         0x1000cfd9        0x3 
 .rodata.help_callback.str1.4
                0x1000cfdc       0x24 CMakeFiles/04_bme.dir/main.c.obj
 .rodata.led_blink_set_period_ms_callback.str1.4
                0x1000d000       0x1d CMakeFiles/04_bme.dir/main.c.obj
 *fill*         0x1000d01d        0x3 
 .rodata.read_regs_callback.str1.4
                0x1000d020       0xc9 CMakeFiles/04_bme.dir/main.c.obj
 *fill*         0x1000d0e9        0x3 
 .rodata.write_reg_callback.str1.4
                0x1000d0ec       0x79 CMakeFiles/04_bme.dir/main.c.obj
 *fill*         0x1000d165        0x3 
 .rodata.temp_raw_callback.str1.4
                0x1000d168       0x16 CMakeFiles/04_bme.dir/main.c.obj
 *fill*         0x1000d17e        0x2 
 .rodata.pres_raw_callback.str1.4
                0x1000d180       0x13 CMakeFiles/04_bme.dir/main.c.obj
 *fill*         0x1000d193        0x1 
 .rodata.hum_raw_callback.str1.4
                0x1000d194       0x12 CMakeFiles/04_bme.dir/main.c.obj
 *fill*         0x1000d1a6        0x2 
 .rodata.temp_callback.str1.4
                0x1000d1a8       0x17 CMakeFiles/04_bme.dir/main.c.obj
 *fill*         0x1000d1bf        0x1 
 .rodata.pres_callback.str1.4
                0x1000d1c0       0x14 CMakeFiles/04_bme.dir/main.c.obj
 .rodata.hum_callback.str1.4
                0x1000d1d4       0x15 CMakeFiles/04_bme.dir/main.c.obj
 *fill*         0x1000d1e9        0x3 
 .rodata.mem_callback.str1.4
                0x1000d1ec       0x20 CMakeFiles/04_bme.dir/main.c.obj
 .rodata.wmem_callback.str1.4
                0x1000d20c       0x2a CMakeFiles/04_bme.dir/main.c.obj
 *fill*         0x1000d236        0x2 
 .rodata.rp2040_i2c_read.str1.4
                0x1000d238       0x14 CMakeFiles/04_bme.dir/main.c.obj
 .rodata.rp2040_i2c_write.str1.4
                0x1000d24c       0x15 CMakeFiles/04_bme.dir/main.c.obj