Archive member included to satisfy reference by file (symbol)

ili9341_build/libili9341.a(ili9341-display.c.obj)
                              CMakeFiles/05_display.dir/main.c.obj (ili9341_draw_pixel)
ili9341_build/libili9341.a(ili9341-driver.c.obj)
                              ili9341_build/libili9341.a(ili9341-display.c.obj) (ili9341_write_cmd)
ili9341_build/libili9341.a(ili9341-font.c.obj)
                              CMakeFiles/05_display.dir/main.c.obj (ili9341_draw_text)
ili9341_build/libili9341.a(font-jetbrains.c.obj)
                              ili9341_build/libili9341.a(ili9341-font.c.obj) (font_jetbrains_mono_8)
c:/program files (x86)/gnu arm embedded toolchain/10 2021.10/bin/../lib/gcc/arm-none-eabi/10.3.1/thumb/v6-m/nofp\libgcc.a(_dvmd_tls.o)
                              CMakeFiles/05_display.dir/C_/Users/kopcapuk/Repositories/pico/pico-sdk/src/rp2_common/pico_divider/divider_hardware.S.obj (__aeabi_idiv0)
c:/program files (x86)/gnu arm embedded toolchain/10 2021.10/bin/../lib/gcc/arm-none-eabi/10.3.1/../../../../arm-none-eabi/lib/thumb/v6-m/nofp\libg.a(lib_a-calloc.o)
                              CMakeFiles/05_display.dir/C_/Users/kopcapuk/Repositories/pico/pico-sdk/src/rp2_common/pico_malloc/malloc.c.obj (calloc)
c:/program files (x86)/gnu arm embedded toolchain/10 2021.10/bin/../lib/gcc/arm-none-eabi/10.3.1/../../../../arm-none-eabi/lib/thumb/v6-m/nofp\libg.a(lib_a-callocr.o)
                              c:/program files (x86)/gnu arm embedded toolchain/10 2021.10/bin/../lib/gcc/arm-none-eabi/10.3.1/../../../../arm-none-eabi/lib/thumb/v6-m/nofp\libg.a(lib_a-calloc.o) (_calloc_r)
c:/program files (x86)/gnu arm embedded toolchain/10 2021.10/bin/../lib/gcc/arm-none-eabi/10.3.1/../../../../arm-none-eabi/lib/thumb/v6-m/nofp\libg.a(lib_a-errno.o)
                              c:/program files (x86)/gnu arm embedded toolchain/10 2021.10/bin/../lib/gcc/arm-none-eabi/10.3.1/../../../../arm-none-eabi/lib/thumb/v6-m/nofp\libg.a(lib_a-callocr.o) (__errno)
c:/program files (x86)/gnu arm embedded toolchain/10 2021.10/bin/../lib/gcc/arm-none-eabi/10.3.1/../../../../arm-none-eabi/lib/thumb/v6-m/nofp\libg.a(lib_a-impure.o)
                              c:/program files (x86)/gnu arm embedded toolchain/10 2021.10/bin/../lib/gcc/arm-none-eabi/10.3.1/../../../../arm-none-eabi/lib/thumb/v6-m/nofp\libg.a(lib_a-calloc.o) (_impure_ptr)
c:/program files (x86)/gnu arm embedded toolchain/10 2021.10/bin/../lib/gcc/arm-none-eabi/10.3.1/../../../../arm-none-eabi/lib/thumb/v6-m/nofp\libg.a(lib_a-init.o)
                              c:/program files (x86)/gnu arm embedded toolchain/10 2021.10/bin/../lib/gcc/arm-none-eabi/10.3.1/../../../../arm-none-eabi/lib/thumb/v6-m/nofp/crt0.o (__libc_init_array)
c:/program files (x86)/gnu arm embedded toolchain/10 2021.10/bin/../lib/gcc/arm-none-eabi/10.3.1/../../../../arm-none-eabi/lib/thumb/v6-m/nofp\libg.a(lib_a-lcltime_r.o)
                              CMakeFiles/05_display.dir/C_/Users/kopcapuk/Repositories/pico/pico-sdk/src/common/pico_util/datetime.c.obj (localtime_r)
c:/program files (x86)/gnu arm embedded toolchain/10 2021.10/bin/../lib/gcc/arm-none-eabi/10.3.1/../../../../arm-none-eabi/lib/thumb/v6-m/nofp\libg.a(lib_a-malloc.o)
                              CMakeFiles/05_display.dir/C_/Users/kopcapuk/Repositories/pico/pico-sdk/src/rp2_common/pico_malloc/malloc.c.obj (malloc)
c:/program files (x86)/gnu arm embedded toolchain/10 2021.10/bin/../lib/gcc/arm-none-eabi/10.3.1/../../../../arm-none-eabi/lib/thumb/v6-m/nofp\libg.a(lib_a-mallocr.o)
                              c:/program files (x86)/gnu arm embedded toolchain/10 2021.10/bin/../lib/gcc/arm-none-eabi/10.3.1/../../../../arm-none-eabi/lib/thumb/v6-m/nofp\libg.a(lib_a-callocr.o) (_malloc_r)
c:/program files (x86)/gnu arm embedded toolchain/10 2021.10/bin/../lib/gcc/arm-none-eabi/10.3.1/../../../../arm-none-eabi/lib/thumb/v6-m/nofp\libg.a(lib_a-memcmp.o)
                              CMakeFiles/05_display.dir/C_/Users/kopcapuk/Repositories/pico/pico-sdk/src/rp2_common/pico_atomic/atomic.c.obj (memcmp)
c:/program files (x86)/gnu arm embedded toolchain/10 2021.10/bin/../lib/gcc/arm-none-eabi/10.3.1/../../../../arm-none-eabi/lib/thumb/v6-m/nofp\libg.a(lib_a-mktime.o)
                              CMakeFiles/05_display.dir/C_/Users/kopcapuk/Repositories/pico/pico-sdk/src/common/pico_util/datetime.c.obj (mktime)
c:/program files (x86)/gnu arm embedded toolchain/10 2021.10/bin/../lib/gcc/arm-none-eabi/10.3.1/../../../../arm-none-eabi/lib/thumb/v6-m/nofp\libg.a(lib_a-mlock.o)
                              c:/program files (x86)/gnu arm embedded toolchain/10 2021.10/bin/../lib/gcc/arm-none-eabi/10.3.1/../../../../arm-none-eabi/lib/thumb/v6-m/nofp\libg.a(lib_a-mallocr.o) (__malloc_lock)
c:/program files (x86)/gnu arm embedded toolchain/10 2021.10/bin/../lib/gcc/arm-none-eabi/10.3.1/../../../../arm-none-eabi/lib/thumb/v6-m/nofp\libg.a(lib_a-month_lengths.o)
[...]
Memory Configuration

Name             Origin             Length             Attributes
FLASH            0x10000000         0x00200000         xr
RAM              0x20000000         0x00040000         xrw
SCRATCH_X        0x20040000         0x00001000         xrw
SCRATCH_Y        0x20041000         0x00001000         xrw
*default*        0x00000000         0xffffffff

Linker script and memory map

LOAD c:/program files (x86)/gnu arm embedded toolchain/10 2021.10/bin/../lib/gcc/arm-none-eabi/10.3.1/thumb/v6-m/nofp/crti.o
LOAD c:/program files (x86)/gnu arm embedded toolchain/10 2021.10/bin/../lib/gcc/arm-none-eabi/10.3.1/thumb/v6-m/nofp/crtbegin.o
LOAD c:/program files (x86)/gnu arm embedded toolchain/10 2021.10/bin/../lib/gcc/arm-none-eabi/10.3.1/../../../../arm-none-eabi/lib/thumb/v6-m/nofp/crt0.o

.flash_begin    0x10000000        0x0
                0x10000000                __flash_binary_start = .

.boot2          0x10000000      0x100
                0x10000000                __boot2_start__ = .
 *(.boot2)
 .boot2         0x10000000      0x100 pico-sdk/src/rp2040/boot_stage2/CMakeFiles/bs2_default_library.dir/bs2_default_padded_checksummed.S.obj
                0x10000100                __boot2_end__ = .
                0x00000001                ASSERT (((__boot2_end__ - __boot2_start__) == 0x100), ERROR: Pico second stage bootloader must be 256 bytes in size)

.text           0x10000100     0xcf24
                0x10000100                __logical_binary_start = .
 *(.vectors)
 .vectors       0x10000100       0xd4 CMakeFiles/05_display.dir/C_/Users/kopcapuk/Repositories/pico/pico-sdk/src/rp2_common/pico_crt0/crt0.S.obj
                0x10000100                __VECTOR_TABLE
                0x10000100                __vectors
                0x100001c0                isr_irq13
                0x100001c0                isr_irq27
                0x100001c0                isr_irq31
                0x100001c0                isr_irq12
                0x100001c0                isr_irq5
                0x100001c0                isr_irq11
                0x100001c0                isr_irq3
                0x100001c0                isr_irq23
                0x100001c0                __unhandled_user_irq
                0x100001c0                isr_irq26
                0x100001c0                isr_irq28
                0x100001c0                isr_irq19
                0x100001c0                isr_irq0
                0x100001c0                isr_irq6
                0x100001c0                isr_irq29
                0x100001c0                isr_irq16
                0x100001c0                isr_irq22
                0x100001c0                isr_irq18
                0x100001c0                isr_irq17
                0x100001c0                isr_irq14
                0x100001c0                __vectors_end
                0x100001c0                __default_isrs_start
                0x100001c0                isr_irq2
                0x100001c0                isr_irq10
                0x100001c0                isr_irq8
                0x100001c0                isr_irq24
                0x100001c0                isr_irq1
                0x100001c0                isr_irq7
                0x100001c0                isr_irq21
                0x100001c0                isr_irq20
                0x100001c0                isr_irq15
                0x100001c0                isr_irq25
                0x100001c0                isr_irq4
                0x100001c0                isr_irq30
                0x100001c0                isr_irq9
                0x100001c6                unhandled_user_irq_num_in_r0
                0x100001c8                isr_invalid
                0x100001ca                isr_nmi
                0x100001cc                isr_hardfault
                0x100001ce                isr_svcall
                0x100001d0                isr_pendsv
                0x100001d2                isr_systick
                0x100001d4                __default_isrs_end
 *(.binary_info_header)
 .binary_info_header
                0x100001d4       0x14 CMakeFiles/05_display.dir/C_/Users/kopcapuk/Repositories/pico/pico-sdk/src/rp2_common/pico_crt0/crt0.S.obj
                0x100001e8                __binary_info_header_end = .
 *(.embedded_block)
                0x100001e8                __embedded_block_end = .
 *(.reset)
 .reset         0x100001e8       0x9c CMakeFiles/05_display.dir/C_/Users/kopcapuk/Repositories/pico/pico-sdk/src/rp2_common/pico_crt0/crt0.S.obj
                0x100001e8                _entry_point
 *(.init)
 .init          0x10000284        0x4 c:/program files (x86)/gnu arm embedded toolchain/10 2021.10/bin/../lib/gcc/arm-none-eabi/10.3.1/thumb/v6-m/nofp/crti.o
                0x10000284                _init
 *(EXCLUDE_FILE(*libm.a: *libc.a:*lib_a-mem*.o *libgcc.a:) .text*)
 .text          0x10000288       0x48 c:/program files (x86)/gnu arm embedded toolchain/10 2021.10/bin/../lib/gcc/arm-none-eabi/10.3.1/thumb/v6-m/nofp/crtbegin.o
 .text.rp2040_gpio_cs_write
                0x100002d0       0x14 CMakeFiles/05_display.dir/main.c.obj
                0x100002d0                rp2040_gpio_cs_write
 .text.rp2040_gpio_dc_write
                0x100002e4       0x14 CMakeFiles/05_display.dir/main.c.obj
                0x100002e4                rp2040_gpio_dc_write
 .text.rp2040_gpio_reset_write
                0x100002f8       0x14 CMakeFiles/05_display.dir/main.c.obj
                0x100002f8                rp2040_gpio_reset_write
 .text.rp2040_spi_write
                0x1000030c       0x14 CMakeFiles/05_display.dir/main.c.obj
                0x1000030c                rp2040_spi_write
 .text.rp2040_spi_read
                0x10000320       0x14 CMakeFiles/05_display.dir/main.c.obj
                0x10000320                rp2040_spi_read
 .text.rp2040_delay_ms
                0x10000334        0x8 CMakeFiles/05_display.dir/main.c.obj
                0x10000334                rp2040_delay_ms
 .text.version_callback
                0x1000033c       0x1c CMakeFiles/05_display.dir/main.c.obj
                0x1000033c                version_callback
 .text.led_on_callback
                0x10000358        0xc CMakeFiles/05_display.dir/main.c.obj
                0x10000358                led_on_callback
 .text.led_off_callback
                0x10000364        0xc CMakeFiles/05_display.dir/main.c.obj
                0x10000364                led_off_callback
 .text.led_blink_callback
                0x10000370        0xc CMakeFiles/05_display.dir/main.c.obj
                0x10000370                led_blink_callback
 .text.help_callback
                0x1000037c       0x38 CMakeFiles/05_display.dir/main.c.obj
                0x1000037c                help_callback
 .text.led_blink_set_period_ms_callback
                0x100003b4       0x30 CMakeFiles/05_display.dir/main.c.obj
                0x100003b4                led_blink_set_period_ms_callback
 .text.disp_screen_callback
                0x100003e4       0x60 CMakeFiles/05_display.dir/main.c.obj
                0x100003e4                disp_screen_callback
 .text.disp_px_callback
                0x10000444       0xac CMakeFiles/05_display.dir/main.c.obj
                0x10000444                disp_px_callback
 .text.disp_line_callback
                0x100004f0       0xb0 CMakeFiles/05_display.dir/main.c.obj
                0x100004f0                disp_line_callback
 .text.disp_rect_callback
                0x100005a0       0xb0 CMakeFiles/05_display.dir/main.c.obj
                0x100005a0                disp_rect_callback
 .text.disp_frect_callback
                0x10000650       0xb0 CMakeFiles/05_display.dir/main.c.obj
                0x10000650                disp_frect_callback
 .text.disp_text_callback
                0x10000700      0x114 CMakeFiles/05_display.dir/main.c.obj
                0x10000700                disp_text_callback
 .text.mem_callback
                0x10000814       0x28 CMakeFiles/05_display.dir/main.c.obj
                0x10000814                mem_callback
 .text.wmem_callback
                0x1000083c       0x3c CMakeFiles/05_display.dir/main.c.obj
                0x1000083c                wmem_callback
 .text.startup.main
                0x10000878       0xe0 CMakeFiles/05_display.dir/main.c.obj
                0x10000878                main
 .text.stdio_task_init
                0x10000958       0x14 CMakeFiles/05_display.dir/stdio-task/stdio-task.c.obj
                0x10000958                stdio_task_init
 .text.stdio_task_handle
                0x1000096c       0x60 CMakeFiles/05_display.dir/stdio-task/stdio-task.c.obj
                0x1000096c                stdio_task_handle
 .text.protocol_task_init
                0x100009cc       0x30 CMakeFiles/05_display.dir/protocol-task/protocol-task.c.obj
                0x100009cc                protocol_task_init
 .text.protocol_task_handle
                0x100009fc       0x7c CMakeFiles/05_display.dir/protocol-task/protocol-task.c.obj
                0x100009fc                protocol_task_handle
 .text.led_task_init
                0x10000a78       0x30 CMakeFiles/05_display.dir/led-task/led-task.c.obj
                0x10000a78                led_task_init
 .text.led_task_handle
                0x10000aa8       0x78 CMakeFiles/05_display.dir/led-task/led-task.c.obj
                0x10000aa8                led_task_handle
 .text.led_task_state_set
                0x10000b20        0xc CMakeFiles/05_display.dir/led-task/led-task.c.obj
                0x10000b20                led_task_state_set
 .text.led_task_set_blink_period_ms
                0x10000b2c       0x18 CMakeFiles/05_display.dir/led-task/led-task.c.obj
                0x10000b2c                led_task_set_blink_period_ms
 .text.mem      0x10000b44       0x14 CMakeFiles/05_display.dir/mem-wmem-task/mem-wmem-task.c.obj
                0x10000b44                mem
 .text.wmem     0x10000b58       0x14 CMakeFiles/05_display.dir/mem-wmem-task/mem-wmem-task.c.obj
                0x10000b58                wmem
 .text.gpio_set_function
                0x10000b6c       0x34 CMakeFiles/05_display.dir/C_/Users/kopcapuk/Repositories/pico/pico-sdk/src/rp2_common/hardware_gpio/gpio.c.obj
                0x10000b6c                gpio_set_function
 .text.gpio_init
                0x10000ba0       0x40 CMakeFiles/05_display.dir/C_/Users/kopcapuk/Repositories/pico/pico-sdk/src/rp2_common/hardware_gpio/gpio.c.obj
                0x10000ba0                gpio_init
 .text.rp2040_chip_version
                0x10000be0        0xc CMakeFiles/05_display.dir/C_/Users/kopcapuk/Repositories/pico/pico-sdk/src/rp2040/pico_platform/platform.c.obj
                0x10000be0                rp2040_chip_version
 .text.panic    0x10000bec       0x30 CMakeFiles/05_display.dir/C_/Users/kopcapuk/Repositories/pico/pico-sdk/src/rp2_common/pico_platform_panic/panic.c.obj
                0x10000bec                panic
 .text.hw_claim_or_assert
                0x10000c1c       0x44 CMakeFiles/05_display.dir/C_/Users/kopcapuk/Repositories/pico/pico-sdk/src/common/hardware_claim/claim.c.obj
                0x10000c1c                hw_claim_or_assert
 .text.hw_claim_unused_from_range
                0x10000c60       0x9c CMakeFiles/05_display.dir/C_/Users/kopcapuk/Repositories/pico/pico-sdk/src/common/hardware_claim/claim.c.obj
                0x10000c60                hw_claim_unused_from_range
 .text.next_striped_spin_lock_num
                0x10000cfc       0x18 CMakeFiles/05_display.dir/C_/Users/kopcapuk/Repositories/pico/pico-sdk/src/rp2_common/hardware_sync/sync.c.obj
                0x10000cfc                next_striped_spin_lock_num
 .text.spin_lock_claim_unused
                0x10000d14       0x20 CMakeFiles/05_display.dir/C_/Users/kopcapuk/Repositories/pico/pico-sdk/src/rp2_common/hardware_sync/sync.c.obj
                0x10000d14                spin_lock_claim_unused
 .text.spin_locks_reset
                0x10000d34       0x1c CMakeFiles/05_display.dir/C_/Users/kopcapuk/Repositories/pico/pico-sdk/src/rp2_common/hardware_sync_spin_lock/sync_spin_lock.c.obj
                0x10000d34                spin_locks_reset
 .text.runtime_init_per_core_irq_priorities
                0x10000d50       0x24 CMakeFiles/05_display.dir/C_/Users/kopcapuk/Repositories/pico/pico-sdk/src/rp2_common/hardware_irq/irq.c.obj
                0x10000d50                runtime_init_per_core_irq_priorities
 .text.irq_set_enabled
                0x10000d74       0x24 CMakeFiles/05_display.dir/C_/Users/kopcapuk/Repositories/pico/pico-sdk/src/rp2_common/hardware_irq/irq.c.obj
                0x10000d74                irq_set_enabled
 .text.irq_is_enabled
                0x10000d98       0x18 CMakeFiles/05_display.dir/C_/Users/kopcapuk/Repositories/pico/pico-sdk/src/rp2_common/hardware_irq/irq.c.obj
                0x10000d98                irq_is_enabled
 .text.irq_set_pending
                0x10000db0       0x10 CMakeFiles/05_display.dir/C_/Users/kopcapuk/Repositories/pico/pico-sdk/src/rp2_common/hardware_irq/irq.c.obj
                0x10000db0                irq_set_pending
 .text.irq_has_shared_handler
                0x10000dc0       0x24 CMakeFiles/05_display.dir/C_/Users/kopcapuk/Repositories/pico/pico-sdk/src/rp2_common/hardware_irq/irq.c.obj
                0x10000dc0                irq_has_shared_handler
 .text.irq_set_exclusive_handler
                0x10000de4       0x54 CMakeFiles/05_display.dir/C_/Users/kopcapuk/Repositories/pico/pico-sdk/src/rp2_common/hardware_irq/irq.c.obj
                0x10000de4                irq_set_exclusive_handler
 .text.irq_add_shared_handler
                0x10000e38      0x1e8 CMakeFiles/05_display.dir/C_/Users/kopcapuk/Repositories/pico/pico-sdk/src/rp2_common/hardware_irq/irq.c.obj
                0x10000e38                irq_add_shared_handler
 .text.irq_add_tail_to_free_list
                0x10001020       0xb4 CMakeFiles/05_display.dir/C_/Users/kopcapuk/Repositories/pico/pico-sdk/src/rp2_common/hardware_irq/irq.c.obj
                0x10001020                irq_add_tail_to_free_list
 .text.user_irq_claim_unused
                0x100010d4       0x28 CMakeFiles/05_display.dir/C_/Users/kopcapuk/Repositories/pico/pico-sdk/src/rp2_common/hardware_irq/irq.c.obj
                0x100010d4                user_irq_claim_unused
 .text.lock_init
                0x100010fc       0x10 CMakeFiles/05_display.dir/C_/Users/kopcapuk/Repositories/pico/pico-sdk/src/common/pico_sync/lock_core.c.obj
                0x100010fc                lock_init
 .text.runtime_init_mutex
                0x1000110c       0x58 CMakeFiles/05_display.dir/C_/Users/kopcapuk/Repositories/pico/pico-sdk/src/common/pico_sync/mutex.c.obj
                0x1000110c                runtime_init_mutex
 .text.mutex_init
                0x10001164       0x1c CMakeFiles/05_display.dir/C_/Users/kopcapuk/Repositories/pico/pico-sdk/src/common/pico_sync/mutex.c.obj
                0x10001164                mutex_init
 .text.critical_section_init
                0x10001180       0x20 CMakeFiles/05_display.dir/C_/Users/kopcapuk/Repositories/pico/pico-sdk/src/common/pico_sync/critical_section.c.obj
                0x10001180                critical_section_init
 .text.critical_section_init_with_lock_num
                0x100011a0       0x14 CMakeFiles/05_display.dir/C_/Users/kopcapuk/Repositories/pico/pico-sdk/src/common/pico_sync/critical_section.c.obj
                0x100011a0                critical_section_init_with_lock_num
 .text.sleep_until_callback
                0x100011b4       0x30 CMakeFiles/05_display.dir/C_/Users/kopcapuk/Repositories/pico/pico-sdk/src/common/pico_time/time.c.obj
 .text.alarm_pool_irq_handler
                0x100011e4      0x308 CMakeFiles/05_display.dir/C_/Users/kopcapuk/Repositories/pico/pico-sdk/src/common/pico_time/time.c.obj
 .text.runtime_init_default_alarm_pool
                0x100014ec       0xdc CMakeFiles/05_display.dir/C_/Users/kopcapuk/Repositories/pico/pico-sdk/src/common/pico_time/time.c.obj
                0x100014ec                runtime_init_default_alarm_pool
 .text.alarm_pool_get_default
                0x100015c8        0x8 CMakeFiles/05_display.dir/C_/Users/kopcapuk/Repositories/pico/pico-sdk/src/common/pico_time/time.c.obj
                0x100015c8                alarm_pool_get_default
 .text.alarm_pool_add_alarm_at
                0x100015d0       0xc8 CMakeFiles/05_display.dir/C_/Users/kopcapuk/Repositories/pico/pico-sdk/src/common/pico_time/time.c.obj
                0x100015d0                alarm_pool_add_alarm_at
 .text.alarm_pool_add_alarm_at_force_in_context
                0x10001698       0xb0 CMakeFiles/05_display.dir/C_/Users/kopcapuk/Repositories/pico/pico-sdk/src/common/pico_time/time.c.obj
                0x10001698                alarm_pool_add_alarm_at_force_in_context
 .text.alarm_pool_cancel_alarm
                0x10001748       0x7c CMakeFiles/05_display.dir/C_/Users/kopcapuk/Repositories/pico/pico-sdk/src/common/pico_time/time.c.obj
                0x10001748                alarm_pool_cancel_alarm
 .text.alarm_pool_core_num
                0x100017c4        0x4 CMakeFiles/05_display.dir/C_/Users/kopcapuk/Repositories/pico/pico-sdk/src/common/pico_time/time.c.obj
                0x100017c4                alarm_pool_core_num
 .text.sleep_until
                0x100017c8       0xd0 CMakeFiles/05_display.dir/C_/Users/kopcapuk/Repositories/pico/pico-sdk/src/common/pico_time/time.c.obj
                0x100017c8                sleep_until
 .text.sleep_ms
                0x10001898       0x34 CMakeFiles/05_display.dir/C_/Users/kopcapuk/Repositories/pico/pico-sdk/src/common/pico_time/time.c.obj
                0x10001898                sleep_ms
 .text.best_effort_wfe_or_timeout
                0x100018cc       0xfc CMakeFiles/05_display.dir/C_/Users/kopcapuk/Repositories/pico/pico-sdk/src/common/pico_time/time.c.obj
                0x100018cc                best_effort_wfe_or_timeout
 .text.timer_hardware_alarm_claim
                0x100019c8       0x14 CMakeFiles/05_display.dir/C_/Users/kopcapuk/Repositories/pico/pico-sdk/src/rp2_common/hardware_timer/timer.c.obj
                0x100019c8                timer_hardware_alarm_claim
 .text.timer_time_us_64
                0x100019dc       0x10 CMakeFiles/05_display.dir/C_/Users/kopcapuk/Repositories/pico/pico-sdk/src/rp2_common/hardware_timer/timer.c.obj
                0x100019dc                timer_time_us_64
 .text.time_us_64
                0x100019ec       0x14 CMakeFiles/05_display.dir/C_/Users/kopcapuk/Repositories/pico/pico-sdk/src/rp2_common/hardware_timer/timer.c.obj
                0x100019ec                time_us_64
 .text.busy_wait_us
                0x10001a00       0x54 CMakeFiles/05_display.dir/C_/Users/kopcapuk/Repositories/pico/pico-sdk/src/rp2_common/hardware_timer/timer.c.obj
                0x10001a00                busy_wait_us
 .text.busy_wait_until
                0x10001a54       0x20 CMakeFiles/05_display.dir/C_/Users/kopcapuk/Repositories/pico/pico-sdk/src/rp2_common/hardware_timer/timer.c.obj
                0x10001a54                busy_wait_until
 .text.clock_configure_int_divider
                0x10001a74       0xf4 CMakeFiles/05_display.dir/C_/Users/kopcapuk/Repositories/pico/pico-sdk/src/rp2_common/hardware_clocks/clocks.c.obj
                0x10001a74                clock_configure_int_divider
 .text.clock_configure_undivided
                0x10001b68       0xe8 CMakeFiles/05_display.dir/C_/Users/kopcapuk/Repositories/pico/pico-sdk/src/rp2_common/hardware_clocks/clocks.c.obj
                0x10001b68                clock_configure_undivided
 .text.clock_get_hz
                0x10001c50        0xc CMakeFiles/05_display.dir/C_/Users/kopcapuk/Repositories/pico/pico-sdk/src/rp2_common/hardware_clocks/clocks.c.obj
                0x10001c50                clock_get_hz
 .text.pll_init
                0x10001c5c       0xa0 CMakeFiles/05_display.dir/C_/Users/kopcapuk/Repositories/pico/pico-sdk/src/rp2_common/hardware_pll/pll.c.obj
                0x10001c5c                pll_init
 .text.watchdog_reboot
                0x10001cfc       0x98 CMakeFiles/05_display.dir/C_/Users/kopcapuk/Repositories/pico/pico-sdk/src/rp2_common/hardware_watchdog/watchdog.c.obj
                0x10001cfc                watchdog_reboot
 .text.tick_start
                0x10001d94       0x10 CMakeFiles/05_display.dir/C_/Users/kopcapuk/Repositories/pico/pico-sdk/src/rp2_common/hardware_ticks/ticks.c.obj
                0x10001d94                tick_start
 .text.rom_func_lookup
                0x10001da4       0x10 CMakeFiles/05_display.dir/C_/Users/kopcapuk/Repositories/pico/pico-sdk/src/rp2_common/pico_bootrom/bootrom.c.obj
                0x10001da4                rom_func_lookup
 .text.rom_data_lookup
                0x10001db4       0x10 CMakeFiles/05_display.dir/C_/Users/kopcapuk/Repositories/pico/pico-sdk/src/rp2_common/pico_bootrom/bootrom.c.obj
                0x10001db4                rom_data_lookup
 .text.rom_funcs_lookup
                0x10001dc4       0x44 CMakeFiles/05_display.dir/C_/Users/kopcapuk/Repositories/pico/pico-sdk/src/rp2_common/pico_bootrom/bootrom.c.obj
                0x10001dc4                rom_funcs_lookup
 .text.rom_reset_usb_boot_extra
                0x10001e08       0x28 CMakeFiles/05_display.dir/C_/Users/kopcapuk/Repositories/pico/pico-sdk/src/rp2_common/pico_bootrom/bootrom.c.obj
                0x10001e08                rom_reset_usb_boot_extra
 .text.xosc_init
                0x10001e30       0x28 CMakeFiles/05_display.dir/C_/Users/kopcapuk/Repositories/pico/pico-sdk/src/rp2_common/hardware_xosc/xosc.c.obj
                0x10001e30                xosc_init
 .text.first_per_core_initializer
                0x10001e58        0x4 CMakeFiles/05_display.dir/C_/Users/kopcapuk/Repositories/pico/pico-sdk/src/rp2_common/pico_runtime/runtime.c.obj
 .text.hard_assertion_failure
                0x10001e5c        0xc CMakeFiles/05_display.dir/C_/Users/kopcapuk/Repositories/pico/pico-sdk/src/rp2_common/pico_runtime/runtime.c.obj
                0x10001e5c                hard_assertion_failure
 .text.runtime_run_initializers
                0x10001e68       0x28 CMakeFiles/05_display.dir/C_/Users/kopcapuk/Repositories/pico/pico-sdk/src/rp2_common/pico_runtime/runtime.c.obj
                0x10001e68                runtime_run_initializers
 .text.runtime_init_early_resets
                0x10001e90       0x2c CMakeFiles/05_display.dir/C_/Users/kopcapuk/Repositories/pico/pico-sdk/src/rp2_common/pico_runtime_init/runtime_init.c.obj
                0x10001e90                runtime_init_early_resets
 .text.runtime_init_usb_power_down
                0x10001ebc       0x1c CMakeFiles/05_display.dir/C_/Users/kopcapuk/Repositories/pico/pico-sdk/src/rp2_common/pico_runtime_init/runtime_init.c.obj
                0x10001ebc                runtime_init_usb_power_down
 .text.runtime_init_post_clock_resets
                0x10001ed8       0x20 CMakeFiles/05_display.dir/C_/Users/kopcapuk/Repositories/pico/pico-sdk/src/rp2_common/pico_runtime_init/runtime_init.c.obj
                0x10001ed8                runtime_init_post_clock_resets
 .text.runtime_init_rp2040_gpio_ie_disable
                0x10001ef8       0x14 CMakeFiles/05_display.dir/C_/Users/kopcapuk/Repositories/pico/pico-sdk/src/rp2_common/pico_runtime_init/runtime_init.c.obj
                0x10001ef8                runtime_init_rp2040_gpio_ie_disable
 .text.runtime_init_spin_locks_reset
                0x10001f0c        0x8 CMakeFiles/05_display.dir/C_/Users/kopcapuk/Repositories/pico/pico-sdk/src/rp2_common/pico_runtime_init/runtime_init.c.obj
                0x10001f0c                runtime_init_spin_locks_reset
 .text.runtime_init_install_ram_vector_table
                0x10001f14       0xcc CMakeFiles/05_display.dir/C_/Users/kopcapuk/Repositories/pico/pico-sdk/src/rp2_common/pico_runtime_init/runtime_init.c.obj
                0x10001f14                runtime_init_install_ram_vector_table
 .text.runtime_init_clocks
                0x10001fe0       0xd8 CMakeFiles/05_display.dir/C_/Users/kopcapuk/Repositories/pico/pico-sdk/src/rp2_common/pico_runtime_init/runtime_init_clocks.c.obj
                0x10001fe0                runtime_init_clocks
 .text          0x100020b8       0x10 CMakeFiles/05_display.dir/C_/Users/kopcapuk/Repositories/pico/pico-sdk/src/rp2_common/pico_bit_ops/bit_ops_aeabi.S.obj
 .text.__wrap___aeabi_idiv
                0x100020c8       0x50 CMakeFiles/05_display.dir/C_/Users/kopcapuk/Repositories/pico/pico-sdk/src/rp2_common/pico_divider/divider_hardware.S.obj
                0x100020c8                __wrap___aeabi_idivmod
                0x100020c8                divmod_s32s32
                0x100020c8                div_s32s32
                0x100020c8                __wrap___aeabi_idiv
                0x100020d0                divmod_s32s32_unsafe
                0x100020fc                divmod_s32s32_savestate
 .text.__wrap___aeabi_uidiv
                0x10002118       0x4c CMakeFiles/05_display.dir/C_/Users/kopcapuk/Repositories/pico/pico-sdk/src/rp2_common/pico_divider/divider_hardware.S.obj
                0x10002118                __wrap___aeabi_uidiv
                0x10002118                __wrap___aeabi_uidivmod
                0x10002118                div_u32u32
                0x10002118                divmod_u32u32
                0x10002120                divmod_u32u32_unsafe
                0x10002148                divmod_u32u32_savestate
 .text.__wrap___aeabi_ldiv
                0x10002164      0x424 CMakeFiles/05_display.dir/C_/Users/kopcapuk/Repositories/pico/pico-sdk/src/rp2_common/pico_divider/divider_hardware.S.obj
                0x10002164                div_s64s64
                0x10002164                divmod_s64s64
                0x10002164                __wrap___aeabi_ldivmod
                0x10002194                divmod_u64u64
                0x10002194                div_u64u64
                0x10002194                __wrap___aeabi_uldivmod
                0x100021a4                divmod_u64u64_savestate
                0x100021c4                divmod_s64s64_unsafe
                0x1000224c                divmod_u64u64_unsafe
 .text.__wrap___aeabi_darithmetic
                0x10002588       0x80 CMakeFiles/05_display.dir/C_/Users/kopcapuk/Repositories/pico/pico-sdk/src/rp2_common/pico_double/double_aeabi_rp2040.S.obj
                0x10002588                __wrap___aeabi_drsub
                0x1000258e                __wrap___aeabi_dsub
                0x100025a0                __wrap___aeabi_dadd
                0x100025b2                __wrap___aeabi_ddiv
                0x100025ee                __wrap___aeabi_dmul
 .text.__wrap___aeabi_cdcmple
                0x10002608       0x6c CMakeFiles/05_display.dir/C_/Users/kopcapuk/Repositories/pico/pico-sdk/src/rp2_common/pico_double/double_aeabi_rp2040.S.obj
                0x10002608                __wrap___aeabi_cdrcmple
                0x10002618                __wrap___aeabi_cdcmpeq
                0x10002618                __wrap___aeabi_cdcmple
 .text.__wrap___aeabi_dcmpeq
                0x10002674       0x10 CMakeFiles/05_display.dir/C_/Users/kopcapuk/Repositories/pico/pico-sdk/src/rp2_common/pico_double/double_aeabi_rp2040.S.obj
                0x10002674                __wrap___aeabi_dcmpeq
 .text.__wrap___aeabi_dcmplt
                0x10002684        0xc CMakeFiles/05_display.dir/C_/Users/kopcapuk/Repositories/pico/pico-sdk/src/rp2_common/pico_double/double_aeabi_rp2040.S.obj
                0x10002684                __wrap___aeabi_dcmplt
 .text.__wrap___aeabi_dcmple
                0x10002690       0x10 CMakeFiles/05_display.dir/C_/Users/kopcapuk/Repositories/pico/pico-sdk/src/rp2_common/pico_double/double_aeabi_rp2040.S.obj
                0x10002690                __wrap___aeabi_dcmple
 .text.__wrap___aeabi_dcmpge
                0x100026a0       0x10 CMakeFiles/05_display.dir/C_/Users/kopcapuk/Repositories/pico/pico-sdk/src/rp2_common/pico_double/double_aeabi_rp2040.S.obj
                0x100026a0                __wrap___aeabi_dcmpge
 .text.__wrap___aeabi_dcmpgt
                0x100026b0        0xa CMakeFiles/05_display.dir/C_/Users/kopcapuk/Repositories/pico/pico-sdk/src/rp2_common/pico_double/double_aeabi_rp2040.S.obj
                0x100026b0                __wrap___aeabi_dcmpgt
 .text.__wrap___aeabi_dcmpun
                0x100026ba       0x18 CMakeFiles/05_display.dir/C_/Users/kopcapuk/Repositories/pico/pico-sdk/src/rp2_common/pico_double/double_aeabi_rp2040.S.obj
                0x100026ba                __wrap___aeabi_dcmpun
 *fill*         0x100026d2        0x2 
 .text.__wrap___aeabi_i2d
                0x100026d4       0x38 CMakeFiles/05_display.dir/C_/Users/kopcapuk/Repositories/pico/pico-sdk/src/rp2_common/pico_double/double_aeabi_rp2040.S.obj
                0x100026d4                uint2double
                0x100026d4                __wrap___aeabi_ui2d
                0x100026dc                int2double
                0x100026dc                __wrap___aeabi_i2d
 .text.__wrap___aeabi_d2iz
                0x1000270c       0x48 CMakeFiles/05_display.dir/C_/Users/kopcapuk/Repositories/pico/pico-sdk/src/rp2_common/pico_double/double_aeabi_rp2040.S.obj
                0x1000270c                double2int_z
                0x1000270c                __wrap___aeabi_d2iz
 .text.__wrap___aeabi_d2uiz
                0x10002754       0x18 CMakeFiles/05_display.dir/C_/Users/kopcapuk/Repositories/pico/pico-sdk/src/rp2_common/pico_double/double_aeabi_rp2040.S.obj
                0x10002754                double2uint
                0x10002754                __wrap___aeabi_d2uiz
                0x10002754                double2uint_z
 .text.__wrap___aeabi_l2d
                0x1000276c       0x18 CMakeFiles/05_display.dir/C_/Users/kopcapuk/Repositories/pico/pico-sdk/src/rp2_common/pico_double/double_aeabi_rp2040.S.obj
                0x1000276c                int642double
                0x1000276c                __wrap___aeabi_l2d
 .text.__wrap___aeabi_d2lz
                0x10002784       0x26 CMakeFiles/05_display.dir/C_/Users/kopcapuk/Repositories/pico/pico-sdk/src/rp2_common/pico_double/double_aeabi_rp2040.S.obj
                0x10002784                double2int64_z
                0x10002784                __wrap___aeabi_d2lz
 *fill*         0x100027aa        0x2 
 .text.double2int64
                0x100027ac       0x18 CMakeFiles/05_display.dir/C_/Users/kopcapuk/Repositories/pico/pico-sdk/src/rp2_common/pico_double/double_aeabi_rp2040.S.obj
                0x100027ac                double2int64
 .text.double2ufix64
                0x100027c4       0x18 CMakeFiles/05_display.dir/C_/Users/kopcapuk/Repositories/pico/pico-sdk/src/rp2_common/pico_double/double_aeabi_rp2040.S.obj
                0x100027c4                double2ufix64_z
                0x100027c4                double2ufix64
 .text.__wrap___aeabi_d2f
                0x100027dc       0x18 CMakeFiles/05_display.dir/C_/Users/kopcapuk/Repositories/pico/pico-sdk/src/rp2_common/pico_double/double_aeabi_rp2040.S.obj
                0x100027dc                __wrap___aeabi_d2f
 .text.__aeabi_double_init
                0x100027f4       0xa0 CMakeFiles/05_display.dir/C_/Users/kopcapuk/Repositories/pico/pico-sdk/src/rp2_common/pico_double/double_init_rom_rp2040.c.obj
                0x100027f4                __aeabi_double_init
 .text.double_table_shim_on_use_helper
                0x10002894       0x2c CMakeFiles/05_display.dir/C_/Users/kopcapuk/Repositories/pico/pico-sdk/src/rp2_common/pico_double/double_v1_rom_shim_rp2040.S.obj
                0x10002894                double_table_shim_on_use_helper
 .text.__wrap___aeabi_dsub
                0x100028c0       0x10 CMakeFiles/05_display.dir/C_/Users/kopcapuk/Repositories/pico/pico-sdk/src/rp2_common/pico_double/double_v1_rom_shim_rp2040.S.obj
                0x100028c0                drsub_shim
                0x100028c6                dsub_shim
 .text.dadd_shim
                0x100028d0      0x15c CMakeFiles/05_display.dir/C_/Users/kopcapuk/Repositories/pico/pico-sdk/src/rp2_common/pico_double/double_v1_rom_shim_rp2040.S.obj
                0x100028d0                dadd_shim
 .text.dmul_shim
                0x10002a2c      0x15c CMakeFiles/05_display.dir/C_/Users/kopcapuk/Repositories/pico/pico-sdk/src/rp2_common/pico_double/double_v1_rom_shim_rp2040.S.obj
                0x10002a2c                dmul_shim
 .text.ddiv_shim
                0x10002b88      0x1b0 CMakeFiles/05_display.dir/C_/Users/kopcapuk/Repositories/pico/pico-sdk/src/rp2_common/pico_double/double_v1_rom_shim_rp2040.S.obj
                0x10002b88                ddiv_shim
 .text.double2uint_shim
                0x10002d38        0xe CMakeFiles/05_display.dir/C_/Users/kopcapuk/Repositories/pico/pico-sdk/src/rp2_common/pico_double/double_v1_rom_shim_rp2040.S.obj
                0x10002d38                double2uint_shim
                0x10002d3a                double2ufix_shim
 .text.double2int64_shim
                0x10002d46       0x1a CMakeFiles/05_display.dir/C_/Users/kopcapuk/Repositories/pico/pico-sdk/src/rp2_common/pico_double/double_v1_rom_shim_rp2040.S.obj
                0x10002d46                double2int64_shim
                0x10002d48                double2fix64_shim
 .text.double2uint64_shim
                0x10002d60       0x70 CMakeFiles/05_display.dir/C_/Users/kopcapuk/Repositories/pico/pico-sdk/src/rp2_common/pico_double/double_v1_rom_shim_rp2040.S.obj
                0x10002d60                double2uint64_shim
                0x10002d62                double2ufix64_shim
                0x10002d82                d2fix_a
 .text.double2float_shim
                0x10002dd0       0x5c CMakeFiles/05_display.dir/C_/Users/kopcapuk/Repositories/pico/pico-sdk/src/rp2_common/pico_double/double_v1_rom_shim_rp2040.S.obj
                0x10002dd0                double2float_shim
 .text.x2double_shims
                0x10002e2c       0x90 CMakeFiles/05_display.dir/C_/Users/kopcapuk/Repositories/pico/pico-sdk/src/rp2_common/pico_double/double_v1_rom_shim_rp2040.S.obj
                0x10002e2c                uint2double_shim
                0x10002e2e                ufix2double_shim
                0x10002e34                int2double_shim
                0x10002e36                fix2double_shim
                0x10002e3c                uint642double_shim
                0x10002e3e                ufix642double_shim
                0x10002e44                int642double_shim
                0x10002e46                fix642double_shim
 .text.dunpacks
                0x10002ebc       0x3c CMakeFiles/05_display.dir/C_/Users/kopcapuk/Repositories/pico/pico-sdk/src/rp2_common/pico_double/double_v1_rom_shim_rp2040.S.obj
                0x10002ebc                dunpacks
 .text.__aeabi_lmul
                0x10002ef8       0x32 CMakeFiles/05_display.dir/C_/Users/kopcapuk/Repositories/pico/pico-sdk/src/rp2_common/pico_int64_ops/pico_int64_ops_aeabi.S.obj
                0x10002ef8                __wrap___aeabi_lmul
 *fill*         0x10002f2a        0x2 
 .text.__aeabi_float_init
                0x10002f2c       0x64 CMakeFiles/05_display.dir/C_/Users/kopcapuk/Repositories/pico/pico-sdk/src/rp2_common/pico_float/float_init_rom_rp2040.c.obj
                0x10002f2c                __aeabi_float_init
 .text.float_table_shim_on_use_helper
                0x10002f90       0x2c CMakeFiles/05_display.dir/C_/Users/kopcapuk/Repositories/pico/pico-sdk/src/rp2_common/pico_float/float_v1_rom_shim_rp2040.S.obj
                0x10002f90                float_table_shim_on_use_helper
 .text.__wrap_malloc
                0x10002fbc       0x24 CMakeFiles/05_display.dir/C_/Users/kopcapuk/Repositories/pico/pico-sdk/src/rp2_common/pico_malloc/malloc.c.obj
                0x10002fbc                __wrap_malloc
 .text.__wrap_realloc
                0x10002fe0       0x24 CMakeFiles/05_display.dir/C_/Users/kopcapuk/Repositories/pico/pico-sdk/src/rp2_common/pico_malloc/malloc.c.obj
                0x10002fe0                __wrap_realloc
 .text.__wrap_free
                0x10003004        0x8 CMakeFiles/05_display.dir/C_/Users/kopcapuk/Repositories/pico/pico-sdk/src/rp2_common/pico_malloc/malloc.c.obj
                0x10003004                __wrap_free
 .text          0x1000300c       0x10 CMakeFiles/05_display.dir/C_/Users/kopcapuk/Repositories/pico/pico-sdk/src/rp2_common/pico_mem_ops/mem_ops_aeabi.S.obj
                0x1000300c                __aeabi_mem_init
 .text.memset   0x1000301c        0xc CMakeFiles/05_display.dir/C_/Users/kopcapuk/Repositories/pico/pico-sdk/src/rp2_common/pico_mem_ops/mem_ops_aeabi.S.obj
                0x1000301c                __wrap_memset
 .text.memcpy   0x10003028        0xc CMakeFiles/05_display.dir/C_/Users/kopcapuk/Repositories/pico/pico-sdk/src/rp2_common/pico_mem_ops/mem_ops_aeabi.S.obj
                0x10003028                __wrap_memcpy
                0x10003028                __wrap___aeabi_memcpy
 .text._out_buffer
                0x10003034        0x8 CMakeFiles/05_display.dir/C_/Users/kopcapuk/Repositories/pico/pico-sdk/src/rp2_common/pico_printf/printf.c.obj
 .text._out_null
                0x1000303c        0x4 CMakeFiles/05_display.dir/C_/Users/kopcapuk/Repositories/pico/pico-sdk/src/rp2_common/pico_printf/printf.c.obj
 .text._out_rev
                0x10003040       0x9c CMakeFiles/05_display.dir/C_/Users/kopcapuk/Repositories/pico/pico-sdk/src/rp2_common/pico_printf/printf.c.obj
 .text._ntoa_format
                0x100030dc      0x1cc CMakeFiles/05_display.dir/C_/Users/kopcapuk/Repositories/pico/pico-sdk/src/rp2_common/pico_printf/printf.c.obj
 .text._out_char
                0x100032a8       0x10 CMakeFiles/05_display.dir/C_/Users/kopcapuk/Repositories/pico/pico-sdk/src/rp2_common/pico_printf/printf.c.obj
 .text._out_fct
                0x100032b8       0x10 CMakeFiles/05_display.dir/C_/Users/kopcapuk/Repositories/pico/pico-sdk/src/rp2_common/pico_printf/printf.c.obj
 .text._etoa    0x100032c8      0x44c CMakeFiles/05_display.dir/C_/Users/kopcapuk/Repositories/pico/pico-sdk/src/rp2_common/pico_printf/printf.c.obj
 .text._ftoa    0x10003714      0x398 CMakeFiles/05_display.dir/C_/Users/kopcapuk/Repositories/pico/pico-sdk/src/rp2_common/pico_printf/printf.c.obj
 .text._vsnprintf
                0x10003aac      0xb04 CMakeFiles/05_display.dir/C_/Users/kopcapuk/Repositories/pico/pico-sdk/src/rp2_common/pico_printf/printf.c.obj
 .text.__wrap_sprintf
                0x100045b0       0x28 CMakeFiles/05_display.dir/C_/Users/kopcapuk/Repositories/pico/pico-sdk/src/rp2_common/pico_printf/printf.c.obj
                0x100045b0                __wrap_sprintf
 .text.vfctprintf
                0x100045d8       0x20 CMakeFiles/05_display.dir/C_/Users/kopcapuk/Repositories/pico/pico-sdk/src/rp2_common/pico_printf/printf.c.obj
                0x100045d8                vfctprintf
 .text.weak_raw_printf
                0x100045f8       0x40 CMakeFiles/05_display.dir/C_/Users/kopcapuk/Repositories/pico/pico-sdk/src/rp2_common/pico_printf/printf.c.obj
                0x100045f8                weak_raw_printf
 .text.weak_raw_vprintf
                0x10004638       0x30 CMakeFiles/05_display.dir/C_/Users/kopcapuk/Repositories/pico/pico-sdk/src/rp2_common/pico_printf/printf.c.obj
                0x10004638                weak_raw_vprintf
 .text._exit    0x10004668        0x4 CMakeFiles/05_display.dir/C_/Users/kopcapuk/Repositories/pico/pico-sdk/src/rp2_common/pico_clib_interface/newlib_interface.c.obj
                0x10004668                _exit
 .text._sbrk    0x1000466c       0x34 CMakeFiles/05_display.dir/C_/Users/kopcapuk/Repositories/pico/pico-sdk/src/rp2_common/pico_clib_interface/newlib_interface.c.obj
                0x1000466c                _sbrk
 .text.exit     0x100046a0        0x8 CMakeFiles/05_display.dir/C_/Users/kopcapuk/Repositories/pico/pico-sdk/src/rp2_common/pico_clib_interface/newlib_interface.c.obj
                0x100046a0                exit
 .text.__assert_func
                0x100046a8       0x34 CMakeFiles/05_display.dir/C_/Users/kopcapuk/Repositories/pico/pico-sdk/src/rp2_common/pico_clib_interface/newlib_interface.c.obj
                0x100046a8                __assert_func
 .text.runtime_init
                0x100046dc       0x2c CMakeFiles/05_display.dir/C_/Users/kopcapuk/Repositories/pico/pico-sdk/src/rp2_common/pico_clib_interface/newlib_interface.c.obj
                0x100046dc                runtime_init
 .text.stdio_out_chars_no_crlf
                0x10004708       0x10 CMakeFiles/05_display.dir/C_/Users/kopcapuk/Repositories/pico/pico-sdk/src/rp2_common/pico_stdio/stdio.c.obj
 .text.stdio_out_chars_crlf
                0x10004718       0xb4 CMakeFiles/05_display.dir/C_/Users/kopcapuk/Repositories/pico/pico-sdk/src/rp2_common/pico_stdio/stdio.c.obj
 .text.stdio_buffered_printer
                0x100047cc       0x64 CMakeFiles/05_display.dir/C_/Users/kopcapuk/Repositories/pico/pico-sdk/src/rp2_common/pico_stdio/stdio.c.obj
 .text.stdio_put_string
                0x10004830      0x100 CMakeFiles/05_display.dir/C_/Users/kopcapuk/Repositories/pico/pico-sdk/src/rp2_common/pico_stdio/stdio.c.obj
                0x10004830                stdio_put_string
 .text.stdio_set_driver_enabled
                0x10004930       0x30 CMakeFiles/05_display.dir/C_/Users/kopcapuk/Repositories/pico/pico-sdk/src/rp2_common/pico_stdio/stdio.c.obj
                0x10004930                stdio_set_driver_enabled
 .text.stdio_init_all
                0x10004960        0x8 CMakeFiles/05_display.dir/C_/Users/kopcapuk/Repositories/pico/pico-sdk/src/rp2_common/pico_stdio/stdio.c.obj
                0x10004960                stdio_init_all
 .text.stdio_getchar_timeout_us
                0x10004968       0x98 CMakeFiles/05_display.dir/C_/Users/kopcapuk/Repositories/pico/pico-sdk/src/rp2_common/pico_stdio/stdio.c.obj
                0x10004968                stdio_getchar_timeout_us
 .text.__wrap_putchar
                0x10004a00       0x98 CMakeFiles/05_display.dir/C_/Users/kopcapuk/Repositories/pico/pico-sdk/src/rp2_common/pico_stdio/stdio.c.obj
                0x10004a00                __wrap_putchar
                0x10004a00                stdio_putchar
 .text.__wrap_puts
                0x10004a98       0x3c CMakeFiles/05_display.dir/C_/Users/kopcapuk/Repositories/pico/pico-sdk/src/rp2_common/pico_stdio/stdio.c.obj
                0x10004a98                stdio_puts
                0x10004a98                __wrap_puts
 .text.__wrap_vprintf
                0x10004ad4       0xd8 CMakeFiles/05_display.dir/C_/Users/kopcapuk/Repositories/pico/pico-sdk/src/rp2_common/pico_stdio/stdio.c.obj
                0x10004ad4                stdio_vprintf
                0x10004ad4                __wrap_vprintf
 .text.__wrap_printf
                0x10004bac       0x18 CMakeFiles/05_display.dir/C_/Users/kopcapuk/Repositories/pico/pico-sdk/src/rp2_common/pico_stdio/stdio.c.obj
                0x10004bac                __wrap_printf
                0x10004bac                stdio_printf
 .text.resetd_init
                0x10004bc4        0x4 CMakeFiles/05_display.dir/C_/Users/kopcapuk/Repositories/pico/pico-sdk/src/rp2_common/pico_stdio_usb/reset_interface.c.obj
 .text.resetd_reset
                0x10004bc8        0xc CMakeFiles/05_display.dir/C_/Users/kopcapuk/Repositories/pico/pico-sdk/src/rp2_common/pico_stdio_usb/reset_interface.c.obj
 .text.resetd_open
                0x10004bd4       0x28 CMakeFiles/05_display.dir/C_/Users/kopcapuk/Repositories/pico/pico-sdk/src/rp2_common/pico_stdio_usb/reset_interface.c.obj
 .text.resetd_xfer_cb
                0x10004bfc        0x4 CMakeFiles/05_display.dir/C_/Users/kopcapuk/Repositories/pico/pico-sdk/src/rp2_common/pico_stdio_usb/reset_interface.c.obj
 .text.resetd_control_xfer_cb
                0x10004c00       0x60 CMakeFiles/05_display.dir/C_/Users/kopcapuk/Repositories/pico/pico-sdk/src/rp2_common/pico_stdio_usb/reset_interface.c.obj
 .text.tud_descriptor_bos_cb
                0x10004c60        0x8 CMakeFiles/05_display.dir/C_/Users/kopcapuk/Repositories/pico/pico-sdk/src/rp2_common/pico_stdio_usb/reset_interface.c.obj
                0x10004c60                tud_descriptor_bos_cb
 .text.tud_vendor_control_xfer_cb
                0x10004c68       0x34 CMakeFiles/05_display.dir/C_/Users/kopcapuk/Repositories/pico/pico-sdk/src/rp2_common/pico_stdio_usb/reset_interface.c.obj
                0x10004c68                tud_vendor_control_xfer_cb
 .text.usbd_app_driver_get_cb
                0x10004c9c        0xc CMakeFiles/05_display.dir/C_/Users/kopcapuk/Repositories/pico/pico-sdk/src/rp2_common/pico_stdio_usb/reset_interface.c.obj
                0x10004c9c                usbd_app_driver_get_cb
 .text.tud_cdc_line_coding_cb
                0x10004ca8       0x2c CMakeFiles/05_display.dir/C_/Users/kopcapuk/Repositories/pico/pico-sdk/src/rp2_common/pico_stdio_usb/reset_interface.c.obj
                0x10004ca8                tud_cdc_line_coding_cb
 .text.stdio_usb_set_chars_available_callback
                0x10004cd4       0x14 CMakeFiles/05_display.dir/C_/Users/kopcapuk/Repositories/pico/pico-sdk/src/rp2_common/pico_stdio_usb/stdio_usb.c.obj
                0x10004cd4                stdio_usb_set_chars_available_callback
 .text.usb_irq  0x10004ce8       0x10 CMakeFiles/05_display.dir/C_/Users/kopcapuk/Repositories/pico/pico-sdk/src/rp2_common/pico_stdio_usb/stdio_usb.c.obj
 .text.timer_task
                0x10004cf8       0x64 CMakeFiles/05_display.dir/C_/Users/kopcapuk/Repositories/pico/pico-sdk/src/rp2_common/pico_stdio_usb/stdio_usb.c.obj
 .text.stdio_usb_in_chars
                0x10004d5c       0x90 CMakeFiles/05_display.dir/C_/Users/kopcapuk/Repositories/pico/pico-sdk/src/rp2_common/pico_stdio_usb/stdio_usb.c.obj
                0x10004d5c                stdio_usb_in_chars
 .text.stdio_usb_out_flush
                0x10004dec       0x50 CMakeFiles/05_display.dir/C_/Users/kopcapuk/Repositories/pico/pico-sdk/src/rp2_common/pico_stdio_usb/stdio_usb.c.obj
 .text.stdio_usb_out_chars
                0x10004e3c      0x100 CMakeFiles/05_display.dir/C_/Users/kopcapuk/Repositories/pico/pico-sdk/src/rp2_common/pico_stdio_usb/stdio_usb.c.obj
 .text.low_priority_worker_irq
                0x10004f3c       0xc8 CMakeFiles/05_display.dir/C_/Users/kopcapuk/Repositories/pico/pico-sdk/src/rp2_common/pico_stdio_usb/stdio_usb.c.obj
 .text.stdio_usb_init
                0x10005004       0xe8 CMakeFiles/05_display.dir/C_/Users/kopcapuk/Repositories/pico/pico-sdk/src/rp2_common/pico_stdio_usb/stdio_usb.c.obj
                0x10005004                stdio_usb_init
 .text.tud_descriptor_device_cb
                0x100050ec        0x8 CMakeFiles/05_display.dir/C_/Users/kopcapuk/Repositories/pico/pico-sdk/src/rp2_common/pico_stdio_usb/stdio_usb_descriptors.c.obj
                0x100050ec                tud_descriptor_device_cb
 .text.tud_descriptor_configuration_cb
                0x100050f4        0x8 CMakeFiles/05_display.dir/C_/Users/kopcapuk/Repositories/pico/pico-sdk/src/rp2_common/pico_stdio_usb/stdio_usb_descriptors.c.obj
                0x100050f4                tud_descriptor_configuration_cb
 .text.tud_descriptor_string_cb
                0x100050fc       0x74 CMakeFiles/05_display.dir/C_/Users/kopcapuk/Repositories/pico/pico-sdk/src/rp2_common/pico_stdio_usb/stdio_usb_descriptors.c.obj
                0x100050fc                tud_descriptor_string_cb
 .text.startup._retrieve_unique_id_on_boot
                0x10005170       0x10 CMakeFiles/05_display.dir/C_/Users/kopcapuk/Repositories/pico/pico-sdk/src/rp2_common/pico_unique_id/unique_id.c.obj
 .text.pico_get_unique_board_id_string
                0x10005180      0x1a8 CMakeFiles/05_display.dir/C_/Users/kopcapuk/Repositories/pico/pico-sdk/src/rp2_common/pico_unique_id/unique_id.c.obj
                0x10005180                pico_get_unique_board_id_string
 .text.flash_get_unique_id
                0x10005328       0x40 CMakeFiles/05_display.dir/C_/Users/kopcapuk/Repositories/pico/pico-sdk/src/rp2_common/hardware_flash/flash.c.obj
                0x10005328                flash_get_unique_id
 .text.dcd_init
                0x10005368       0x90 CMakeFiles/05_display.dir/C_/Users/kopcapuk/Repositories/pico/pico-sdk/lib/tinyusb/src/portable/raspberrypi/rp2040/dcd_rp2040.c.obj
                0x10005368                dcd_init
 .text.dcd_int_enable
                0x100053f8        0xc CMakeFiles/05_display.dir/C_/Users/kopcapuk/Repositories/pico/pico-sdk/lib/tinyusb/src/portable/raspberrypi/rp2040/dcd_rp2040.c.obj
                0x100053f8                dcd_int_enable
 .text.dcd_set_address
                0x10005404       0x14 CMakeFiles/05_display.dir/C_/Users/kopcapuk/Repositories/pico/pico-sdk/lib/tinyusb/src/portable/raspberrypi/rp2040/dcd_rp2040.c.obj
                0x10005404                dcd_set_address
 .text.dcd_sof_enable
                0x10005418       0x1c CMakeFiles/05_display.dir/C_/Users/kopcapuk/Repositories/pico/pico-sdk/lib/tinyusb/src/portable/raspberrypi/rp2040/dcd_rp2040.c.obj
                0x10005418                dcd_sof_enable
 .text.dcd_edpt0_status_complete
                0x10005434       0x1c CMakeFiles/05_display.dir/C_/Users/kopcapuk/Repositories/pico/pico-sdk/lib/tinyusb/src/portable/raspberrypi/rp2040/dcd_rp2040.c.obj
                0x10005434                dcd_edpt0_status_complete
 .text.dcd_edpt_open
                0x10005450      0x114 CMakeFiles/05_display.dir/C_/Users/kopcapuk/Repositories/pico/pico-sdk/lib/tinyusb/src/portable/raspberrypi/rp2040/dcd_rp2040.c.obj
                0x10005450                dcd_edpt_open
 .text.dcd_edpt_close_all
                0x10005564        0x8 CMakeFiles/05_display.dir/C_/Users/kopcapuk/Repositories/pico/pico-sdk/lib/tinyusb/src/portable/raspberrypi/rp2040/dcd_rp2040.c.obj
                0x10005564                dcd_edpt_close_all
 .text.dcd_edpt_xfer
                0x1000556c       0x24 CMakeFiles/05_display.dir/C_/Users/kopcapuk/Repositories/pico/pico-sdk/lib/tinyusb/src/portable/raspberrypi/rp2040/dcd_rp2040.c.obj
                0x1000556c                dcd_edpt_xfer
 .text.dcd_edpt_stall
                0x10005590       0x38 CMakeFiles/05_display.dir/C_/Users/kopcapuk/Repositories/pico/pico-sdk/lib/tinyusb/src/portable/raspberrypi/rp2040/dcd_rp2040.c.obj
                0x10005590                dcd_edpt_stall
 .text.dcd_edpt_clear_stall
                0x100055c8       0x30 CMakeFiles/05_display.dir/C_/Users/kopcapuk/Repositories/pico/pico-sdk/lib/tinyusb/src/portable/raspberrypi/rp2040/dcd_rp2040.c.obj
                0x100055c8                dcd_edpt_clear_stall
 .text.rp2040_usb_init
                0x100055f8       0x40 CMakeFiles/05_display.dir/C_/Users/kopcapuk/Repositories/pico/pico-sdk/lib/tinyusb/src/portable/raspberrypi/rp2040/rp2040_usb.c.obj
                0x100055f8                rp2040_usb_init
 .text.hw_endpoint_xfer_start
                0x10005638       0x50 CMakeFiles/05_display.dir/C_/Users/kopcapuk/Repositories/pico/pico-sdk/lib/tinyusb/src/portable/raspberrypi/rp2040/rp2040_usb.c.obj
                0x10005638                hw_endpoint_xfer_start
 .text.tud_event_hook_cb
                0x10005688        0x4 CMakeFiles/05_display.dir/C_/Users/kopcapuk/Repositories/pico/pico-sdk/lib/tinyusb/src/device/usbd.c.obj
                0x10005688                tud_event_hook_cb
 .text.tud_sof_cb
                0x1000568c        0x4 CMakeFiles/05_display.dir/C_/Users/kopcapuk/Repositories/pico/pico-sdk/lib/tinyusb/src/device/usbd.c.obj
                0x1000568c                tud_sof_cb
 .text.tud_descriptor_device_qualifier_cb
                0x10005690        0x4 CMakeFiles/05_display.dir/C_/Users/kopcapuk/Repositories/pico/pico-sdk/lib/tinyusb/src/device/usbd.c.obj
                0x10005690                tud_descriptor_device_qualifier_cb
 .text.tud_descriptor_other_speed_configuration_cb
                0x10005694        0x4 CMakeFiles/05_display.dir/C_/Users/kopcapuk/Repositories/pico/pico-sdk/lib/tinyusb/src/device/usbd.c.obj
                0x10005694                tud_descriptor_other_speed_configuration_cb
 .text.tud_mount_cb
                0x10005698        0x4 CMakeFiles/05_display.dir/C_/Users/kopcapuk/Repositories/pico/pico-sdk/lib/tinyusb/src/device/usbd.c.obj
                0x10005698                tud_mount_cb
 .text.tud_umount_cb
                0x1000569c        0x4 CMakeFiles/05_display.dir/C_/Users/kopcapuk/Repositories/pico/pico-sdk/lib/tinyusb/src/device/usbd.c.obj
                0x1000569c                tud_umount_cb
 .text.tud_suspend_cb
                0x100056a0        0x4 CMakeFiles/05_display.dir/C_/Users/kopcapuk/Repositories/pico/pico-sdk/lib/tinyusb/src/device/usbd.c.obj
                0x100056a0                tud_suspend_cb
 .text.tud_resume_cb
                0x100056a4        0x4 CMakeFiles/05_display.dir/C_/Users/kopcapuk/Repositories/pico/pico-sdk/lib/tinyusb/src/device/usbd.c.obj
                0x100056a4                tud_resume_cb
 .text.tud_mounted
                0x100056a8       0x10 CMakeFiles/05_display.dir/C_/Users/kopcapuk/Repositories/pico/pico-sdk/lib/tinyusb/src/device/usbd.c.obj
                0x100056a8                tud_mounted
 .text.tud_suspended
                0x100056b8       0x10 CMakeFiles/05_display.dir/C_/Users/kopcapuk/Repositories/pico/pico-sdk/lib/tinyusb/src/device/usbd.c.obj
                0x100056b8                tud_suspended
 .text.tud_rhport_init
                0x100056c8       0xf4 CMakeFiles/05_display.dir/C_/Users/kopcapuk/Repositories/pico/pico-sdk/lib/tinyusb/src/device/usbd.c.obj
                0x100056c8                tud_rhport_init
 .text.tud_task_ext
                0x100057bc      0x800 CMakeFiles/05_display.dir/C_/Users/kopcapuk/Repositories/pico/pico-sdk/lib/tinyusb/src/device/usbd.c.obj
                0x100057bc                tud_task_ext
 .text.usbd_open_edpt_pair
                0x10005fbc       0x9c CMakeFiles/05_display.dir/C_/Users/kopcapuk/Repositories/pico/pico-sdk/lib/tinyusb/src/device/usbd.c.obj
                0x10005fbc                usbd_open_edpt_pair
 .text.usbd_edpt_open
                0x10006058       0x34 CMakeFiles/05_display.dir/C_/Users/kopcapuk/Repositories/pico/pico-sdk/lib/tinyusb/src/device/usbd.c.obj
                0x10006058                usbd_edpt_open
 .text.usbd_edpt_claim
                0x1000608c       0x28 CMakeFiles/05_display.dir/C_/Users/kopcapuk/Repositories/pico/pico-sdk/lib/tinyusb/src/device/usbd.c.obj
                0x1000608c                usbd_edpt_claim
 .text.usbd_edpt_release
                0x100060b4       0x28 CMakeFiles/05_display.dir/C_/Users/kopcapuk/Repositories/pico/pico-sdk/lib/tinyusb/src/device/usbd.c.obj
                0x100060b4                usbd_edpt_release
 .text.usbd_edpt_xfer
                0x100060dc       0x4c CMakeFiles/05_display.dir/C_/Users/kopcapuk/Repositories/pico/pico-sdk/lib/tinyusb/src/device/usbd.c.obj
                0x100060dc                usbd_edpt_xfer
 .text.tud_control_status
                0x10006128       0x30 CMakeFiles/05_display.dir/C_/Users/kopcapuk/Repositories/pico/pico-sdk/lib/tinyusb/src/device/usbd_control.c.obj
                0x10006128                tud_control_status
 .text.tud_control_xfer
                0x10006158       0xbc CMakeFiles/05_display.dir/C_/Users/kopcapuk/Repositories/pico/pico-sdk/lib/tinyusb/src/device/usbd_control.c.obj
                0x10006158                tud_control_xfer
 .text.usbd_control_reset
                0x10006214       0x14 CMakeFiles/05_display.dir/C_/Users/kopcapuk/Repositories/pico/pico-sdk/lib/tinyusb/src/device/usbd_control.c.obj
                0x10006214                usbd_control_reset
 .text.usbd_control_set_complete_callback
                0x10006228        0xc CMakeFiles/05_display.dir/C_/Users/kopcapuk/Repositories/pico/pico-sdk/lib/tinyusb/src/device/usbd_control.c.obj
                0x10006228                usbd_control_set_complete_callback
 .text.usbd_control_set_request
                0x10006234       0x1c CMakeFiles/05_display.dir/C_/Users/kopcapuk/Repositories/pico/pico-sdk/lib/tinyusb/src/device/usbd_control.c.obj
                0x10006234                usbd_control_set_request
 .text.usbd_control_xfer_cb
                0x10006250       0xf0 CMakeFiles/05_display.dir/C_/Users/kopcapuk/Repositories/pico/pico-sdk/lib/tinyusb/src/device/usbd_control.c.obj
                0x10006250                usbd_control_xfer_cb
 .text._prep_out_transaction.isra.0
                0x10006340       0x6c CMakeFiles/05_display.dir/C_/Users/kopcapuk/Repositories/pico/pico-sdk/lib/tinyusb/src/class/cdc/cdc_device.c.obj
 .text.tud_cdc_n_connected
                0x100063ac       0x2c CMakeFiles/05_display.dir/C_/Users/kopcapuk/Repositories/pico/pico-sdk/lib/tinyusb/src/class/cdc/cdc_device.c.obj
                0x100063ac                tud_cdc_n_connected
 .text.tud_cdc_n_available
                0x100063d8       0x18 CMakeFiles/05_display.dir/C_/Users/kopcapuk/Repositories/pico/pico-sdk/lib/tinyusb/src/class/cdc/cdc_device.c.obj
                0x100063d8                tud_cdc_n_available
 .text.tud_cdc_n_read
                0x100063f0       0x94 CMakeFiles/05_display.dir/C_/Users/kopcapuk/Repositories/pico/pico-sdk/lib/tinyusb/src/class/cdc/cdc_device.c.obj
                0x100063f0                tud_cdc_n_read
 .text.tud_cdc_n_write_flush
                0x10006484       0x78 CMakeFiles/05_display.dir/C_/Users/kopcapuk/Repositories/pico/pico-sdk/lib/tinyusb/src/class/cdc/cdc_device.c.obj
                0x10006484                tud_cdc_n_write_flush
 .text.tud_cdc_n_write
                0x100064fc       0x44 CMakeFiles/05_display.dir/C_/Users/kopcapuk/Repositories/pico/pico-sdk/lib/tinyusb/src/class/cdc/cdc_device.c.obj
                0x100064fc                tud_cdc_n_write
 .text.tud_cdc_n_write_available
                0x10006540       0x18 CMakeFiles/05_display.dir/C_/Users/kopcapuk/Repositories/pico/pico-sdk/lib/tinyusb/src/class/cdc/cdc_device.c.obj
                0x10006540                tud_cdc_n_write_available
 .text.cdcd_init
                0x10006558       0x70 CMakeFiles/05_display.dir/C_/Users/kopcapuk/Repositories/pico/pico-sdk/lib/tinyusb/src/class/cdc/cdc_device.c.obj
                0x10006558                cdcd_init
 .text.cdcd_deinit
                0x100065c8       0x24 CMakeFiles/05_display.dir/C_/Users/kopcapuk/Repositories/pico/pico-sdk/lib/tinyusb/src/class/cdc/cdc_device.c.obj
                0x100065c8                cdcd_deinit
 .text.cdcd_reset
                0x100065ec       0x4c CMakeFiles/05_display.dir/C_/Users/kopcapuk/Repositories/pico/pico-sdk/lib/tinyusb/src/class/cdc/cdc_device.c.obj
                0x100065ec                cdcd_reset
 .text.cdcd_open
                0x10006638       0xa8 CMakeFiles/05_display.dir/C_/Users/kopcapuk/Repositories/pico/pico-sdk/lib/tinyusb/src/class/cdc/cdc_device.c.obj
                0x10006638                cdcd_open
 .text.cdcd_control_xfer_cb
                0x100066e0       0xe8 CMakeFiles/05_display.dir/C_/Users/kopcapuk/Repositories/pico/pico-sdk/lib/tinyusb/src/class/cdc/cdc_device.c.obj
                0x100066e0                cdcd_control_xfer_cb
 .text.cdcd_xfer_cb
                0x100067c8       0xfc CMakeFiles/05_display.dir/C_/Users/kopcapuk/Repositories/pico/pico-sdk/lib/tinyusb/src/class/cdc/cdc_device.c.obj
                0x100067c8                cdcd_xfer_cb
 .text.vendord_init
                0x100068c4       0x5c CMakeFiles/05_display.dir/C_/Users/kopcapuk/Repositories/pico/pico-sdk/lib/tinyusb/src/class/vendor/vendor_device.c.obj
                0x100068c4                vendord_init
 .text.vendord_deinit
                0x10006920       0x1c CMakeFiles/05_display.dir/C_/Users/kopcapuk/Repositories/pico/pico-sdk/lib/tinyusb/src/class/vendor/vendor_device.c.obj
                0x10006920                vendord_deinit
 .text.vendord_reset
                0x1000693c       0x28 CMakeFiles/05_display.dir/C_/Users/kopcapuk/Repositories/pico/pico-sdk/lib/tinyusb/src/class/vendor/vendor_device.c.obj
                0x1000693c                vendord_reset
 .text.vendord_open
                0x10006964      0x128 CMakeFiles/05_display.dir/C_/Users/kopcapuk/Repositories/pico/pico-sdk/lib/tinyusb/src/class/vendor/vendor_device.c.obj
                0x10006964                vendord_open
 .text.vendord_xfer_cb
                0x10006a8c       0x9c CMakeFiles/05_display.dir/C_/Users/kopcapuk/Repositories/pico/pico-sdk/lib/tinyusb/src/class/vendor/vendor_device.c.obj
                0x10006a8c                vendord_xfer_cb
 .text.tusb_rhport_init
                0x10006b28       0x48 CMakeFiles/05_display.dir/C_/Users/kopcapuk/Repositories/pico/pico-sdk/lib/tinyusb/src/tusb.c.obj
                0x10006b28                tusb_rhport_init
 .text.tu_edpt_claim
                0x10006b70       0x50 CMakeFiles/05_display.dir/C_/Users/kopcapuk/Repositories/pico/pico-sdk/lib/tinyusb/src/tusb.c.obj
                0x10006b70                tu_edpt_claim
 .text.tu_edpt_release
                0x10006bc0       0x38 CMakeFiles/05_display.dir/C_/Users/kopcapuk/Repositories/pico/pico-sdk/lib/tinyusb/src/tusb.c.obj
                0x10006bc0                tu_edpt_release
 .text.tu_edpt_validate
                0x10006bf8       0x78 CMakeFiles/05_display.dir/C_/Users/kopcapuk/Repositories/pico/pico-sdk/lib/tinyusb/src/tusb.c.obj
                0x10006bf8                tu_edpt_validate
 .text.tu_edpt_bind_driver
                0x10006c70       0x34 CMakeFiles/05_display.dir/C_/Users/kopcapuk/Repositories/pico/pico-sdk/lib/tinyusb/src/tusb.c.obj
                0x10006c70                tu_edpt_bind_driver
 .text.tu_edpt_stream_init
                0x10006ca4       0x6c CMakeFiles/05_display.dir/C_/Users/kopcapuk/Repositories/pico/pico-sdk/lib/tinyusb/src/tusb.c.obj
                0x10006ca4                tu_edpt_stream_init
 .text.tu_edpt_stream_deinit
                0x10006d10        0x4 CMakeFiles/05_display.dir/C_/Users/kopcapuk/Repositories/pico/pico-sdk/lib/tinyusb/src/tusb.c.obj
                0x10006d10                tu_edpt_stream_deinit
 .text.tu_edpt_stream_write_zlp_if_needed
                0x10006d14       0x58 CMakeFiles/05_display.dir/C_/Users/kopcapuk/Repositories/pico/pico-sdk/lib/tinyusb/src/tusb.c.obj
                0x10006d14                tu_edpt_stream_write_zlp_if_needed
 .text.tu_edpt_stream_write_xfer
                0x10006d6c       0x64 CMakeFiles/05_display.dir/C_/Users/kopcapuk/Repositories/pico/pico-sdk/lib/tinyusb/src/tusb.c.obj
                0x10006d6c                tu_edpt_stream_write_xfer
 .text.tu_edpt_stream_read_xfer
                0x10006dd0       0xdc CMakeFiles/05_display.dir/C_/Users/kopcapuk/Repositories/pico/pico-sdk/lib/tinyusb/src/tusb.c.obj
                0x10006dd0                tu_edpt_stream_read_xfer
 .text.tu_fifo_config
                0x10006eac       0x70 CMakeFiles/05_display.dir/C_/Users/kopcapuk/Repositories/pico/pico-sdk/lib/tinyusb/src/common/tusb_fifo.c.obj
                0x10006eac                tu_fifo_config
 .text.tu_fifo_count
                0x10006f1c       0x2c CMakeFiles/05_display.dir/C_/Users/kopcapuk/Repositories/pico/pico-sdk/lib/tinyusb/src/common/tusb_fifo.c.obj
                0x10006f1c                tu_fifo_count
 .text.tu_fifo_empty
                0x10006f48       0x10 CMakeFiles/05_display.dir/C_/Users/kopcapuk/Repositories/pico/pico-sdk/lib/tinyusb/src/common/tusb_fifo.c.obj
                0x10006f48                tu_fifo_empty
 .text.tu_fifo_remaining
                0x10006f58       0x2c CMakeFiles/05_display.dir/C_/Users/kopcapuk/Repositories/pico/pico-sdk/lib/tinyusb/src/common/tusb_fifo.c.obj
                0x10006f58                tu_fifo_remaining
 .text.tu_fifo_read
                0x10006f84       0xa0 CMakeFiles/05_display.dir/C_/Users/kopcapuk/Repositories/pico/pico-sdk/lib/tinyusb/src/common/tusb_fifo.c.obj
                0x10006f84                tu_fifo_read
 .text.tu_fifo_read_n
                0x10007024       0xec CMakeFiles/05_display.dir/C_/Users/kopcapuk/Repositories/pico/pico-sdk/lib/tinyusb/src/common/tusb_fifo.c.obj
                0x10007024                tu_fifo_read_n
 .text.tu_fifo_write
                0x10007110       0x88 CMakeFiles/05_display.dir/C_/Users/kopcapuk/Repositories/pico/pico-sdk/lib/tinyusb/src/common/tusb_fifo.c.obj
                0x10007110                tu_fifo_write
 .text.tu_fifo_write_n
                0x10007198      0x168 CMakeFiles/05_display.dir/C_/Users/kopcapuk/Repositories/pico/pico-sdk/lib/tinyusb/src/common/tusb_fifo.c.obj
                0x10007198                tu_fifo_write_n
 .text.tu_fifo_clear
                0x10007300       0x40 CMakeFiles/05_display.dir/C_/Users/kopcapuk/Repositories/pico/pico-sdk/lib/tinyusb/src/common/tusb_fifo.c.obj
                0x10007300                tu_fifo_clear
 .text.tu_fifo_set_overwritable
                0x10007340       0x48 CMakeFiles/05_display.dir/C_/Users/kopcapuk/Repositories/pico/pico-sdk/lib/tinyusb/src/common/tusb_fifo.c.obj
                0x10007340                tu_fifo_set_overwritable
 .text.spi_init
                0x10007388      0x134 CMakeFiles/05_display.dir/C_/Users/kopcapuk/Repositories/pico/pico-sdk/src/rp2_common/hardware_spi/spi.c.obj
                0x10007388                spi_init
 .text.ili9341_draw_pixel
                0x100074bc       0x44 ili9341_build/libili9341.a(ili9341-display.c.obj)
                0x100074bc                ili9341_draw_pixel
 .text.ili9341_draw_filled_rect
                0x10007500       0x88 ili9341_build/libili9341.a(ili9341-display.c.obj)
                0x10007500                ili9341_draw_filled_rect
 .text.ili9341_fill_screen
                0x10007588       0x18 ili9341_build/libili9341.a(ili9341-display.c.obj)
                0x10007588                ili9341_fill_screen
 .text.ili9341_draw_rect
                0x100075a0       0x9c ili9341_build/libili9341.a(ili9341-display.c.obj)
                0x100075a0                ili9341_draw_rect
 .text.ili9341_draw_line
                0x1000763c      0x134 ili9341_build/libili9341.a(ili9341-display.c.obj)
                0x1000763c                ili9341_draw_line
 .text.ili9341_set_rotation
                0x10007770       0x48 ili9341_build/libili9341.a(ili9341-display.c.obj)
                0x10007770                ili9341_set_rotation
 .text.ili9341_write_cmd
                0x100077b8       0x2c ili9341_build/libili9341.a(ili9341-driver.c.obj)
                0x100077b8                ili9341_write_cmd
 .text.ili9341_write_data_byte
                0x100077e4       0x2c ili9341_build/libili9341.a(ili9341-driver.c.obj)
                0x100077e4                ili9341_write_data_byte
 .text.ili9341_set_address_window
                0x10007810       0xd0 ili9341_build/libili9341.a(ili9341-driver.c.obj)
                0x10007810                ili9341_set_address_window
 .text.ili9341_init
                0x100078e0      0x110 ili9341_build/libili9341.a(ili9341-driver.c.obj)
                0x100078e0                ili9341_init
 .text.ili9341_draw_char
                0x100079f0      0x108 ili9341_build/libili9341.a(ili9341-font.c.obj)
                0x100079f0                ili9341_draw_char
 .text.ili9341_draw_text
                0x10007af8       0x74 ili9341_build/libili9341.a(ili9341-font.c.obj)
                0x10007af8                ili9341_draw_text
 .text._calloc_r
                0x10007b6c       0x9c c:/program files (x86)/gnu arm embedded toolchain/10 2021.10/bin/../lib/gcc/arm-none-eabi/10.3.1/../../../../arm-none-eabi/lib/thumb/v6-m/nofp\libg.a(lib_a-callocr.o)
                0x10007b6c                _calloc_r
 .text.__errno  0x10007c08        0xc c:/program files (x86)/gnu arm embedded toolchain/10 2021.10/bin/../lib/gcc/arm-none-eabi/10.3.1/../../../../arm-none-eabi/lib/thumb/v6-m/nofp\libg.a(lib_a-errno.o)
                0x10007c08                __errno
 .text.malloc   0x10007c14       0x14 c:/program files (x86)/gnu arm embedded toolchain/10 2021.10/bin/../lib/gcc/arm-none-eabi/10.3.1/../../../../arm-none-eabi/lib/thumb/v6-m/nofp\libg.a(lib_a-malloc.o)
                0x10007c14                malloc
 .text.free     0x10007c28       0x14 c:/program files (x86)/gnu arm embedded toolchain/10 2021.10/bin/../lib/gcc/arm-none-eabi/10.3.1/../../../../arm-none-eabi/lib/thumb/v6-m/nofp\libg.a(lib_a-malloc.o)
                0x10007c28                free
 .text._malloc_r
                0x10007c3c      0x584 c:/program files (x86)/gnu arm embedded toolchain/10 2021.10/bin/../lib/gcc/arm-none-eabi/10.3.1/../../../../arm-none-eabi/lib/thumb/v6-m/nofp\libg.a(lib_a-mallocr.o)
                0x10007c3c                _malloc_r
 .text.__malloc_lock
                0x100081c0       0x10 c:/program files (x86)/gnu arm embedded toolchain/10 2021.10/bin/../lib/gcc/arm-none-eabi/10.3.1/../../../../arm-none-eabi/lib/thumb/v6-m/nofp\libg.a(lib_a-mlock.o)
                0x100081c0                __malloc_lock
 .text.__malloc_unlock
                0x100081d0       0x10 c:/program files (x86)/gnu arm embedded toolchain/10 2021.10/bin/../lib/gcc/arm-none-eabi/10.3.1/../../../../arm-none-eabi/lib/thumb/v6-m/nofp\libg.a(lib_a-mlock.o)
                0x100081d0                __malloc_unlock
 .text.realloc  0x100081e0       0x18 c:/program files (x86)/gnu arm embedded toolchain/10 2021.10/bin/../lib/gcc/arm-none-eabi/10.3.1/../../../../arm-none-eabi/lib/thumb/v6-m/nofp\libg.a(lib_a-realloc.o)
                0x100081e0                realloc
 .text._realloc_r
                0x100081f8      0x354 c:/program files (x86)/gnu arm embedded toolchain/10 2021.10/bin/../lib/gcc/arm-none-eabi/10.3.1/../../../../arm-none-eabi/lib/thumb/v6-m/nofp\libg.a(lib_a-reallocr.o)
                0x100081f8                _realloc_r
 .text._sbrk_r  0x1000854c       0x24 c:/program files (x86)/gnu arm embedded toolchain/10 2021.10/bin/../lib/gcc/arm-none-eabi/10.3.1/../../../../arm-none-eabi/lib/thumb/v6-m/nofp\libg.a(lib_a-sbrkr.o)
                0x1000854c                _sbrk_r
 .text.sscanf   0x10008570       0x50 c:/program files (x86)/gnu arm embedded toolchain/10 2021.10/bin/../lib/gcc/arm-none-eabi/10.3.1/../../../../arm-none-eabi/lib/thumb/v6-m/nofp\libg.a(lib_a-sscanf.o)
                0x10008570                sscanf
 .text.__seofread
                0x100085c0        0x4 c:/program files (x86)/gnu arm embedded toolchain/10 2021.10/bin/../lib/gcc/arm-none-eabi/10.3.1/../../../../arm-none-eabi/lib/thumb/v6-m/nofp\libg.a(lib_a-stdio.o)
                0x100085c0                __seofread
 .text.strchr   0x100085c4       0xc0 c:/program files (x86)/gnu arm embedded toolchain/10 2021.10/bin/../lib/gcc/arm-none-eabi/10.3.1/../../../../arm-none-eabi/lib/thumb/v6-m/nofp\libg.a(lib_a-strchr.o)
                0x100085c4                strchr
 .text          0x10008684       0x88 c:/program files (x86)/gnu arm embedded toolchain/10 2021.10/bin/../lib/gcc/arm-none-eabi/10.3.1/../../../../arm-none-eabi/lib/thumb/v6-m/nofp\libg.a(lib_a-strcmp.o)
                0x10008684                strcmp
 .text.strlen   0x1000870c       0x5c c:/program files (x86)/gnu arm embedded toolchain/10 2021.10/bin/../lib/gcc/arm-none-eabi/10.3.1/../../../../arm-none-eabi/lib/thumb/v6-m/nofp\libg.a(lib_a-strlen-stub.o)
                0x1000870c                strlen
 .text._strtoul_l.constprop.0
                0x10008768      0x148 c:/program files (x86)/gnu arm embedded toolchain/10 2021.10/bin/../lib/gcc/arm-none-eabi/10.3.1/../../../../arm-none-eabi/lib/thumb/v6-m/nofp\libg.a(lib_a-strtoul.o)
 .text._strtoul_r
                0x100088b0        0x8 c:/program files (x86)/gnu arm embedded toolchain/10 2021.10/bin/../lib/gcc/arm-none-eabi/10.3.1/../../../../arm-none-eabi/lib/thumb/v6-m/nofp\libg.a(lib_a-strtoul.o)
                0x100088b0                _strtoul_r
 .text.strtoul  0x100088b8       0x18 c:/program files (x86)/gnu arm embedded toolchain/10 2021.10/bin/../lib/gcc/arm-none-eabi/10.3.1/../../../../arm-none-eabi/lib/thumb/v6-m/nofp\libg.a(lib_a-strtoul.o)
                0x100088b8                strtoul
 .text.__ssvfscanf_r
                0x100088d0     0x17a0 c:/program files (x86)/gnu arm embedded toolchain/10 2021.10/bin/../lib/gcc/arm-none-eabi/10.3.1/../../../../arm-none-eabi/lib/thumb/v6-m/nofp\libg.a(lib_a-svfscanf.o)
                0x100088d0                __ssvfscanf_r
 .text._malloc_trim_r
                0x1000a070       0x9c c:/program files (x86)/gnu arm embedded toolchain/10 2021.10/bin/../lib/gcc/arm-none-eabi/10.3.1/../../../../arm-none-eabi/lib/thumb/v6-m/nofp\libg.a(lib_a-freer.o)
                0x1000a070                _malloc_trim_r
 .text._free_r  0x1000a10c      0x1c4 c:/program files (x86)/gnu arm embedded toolchain/10 2021.10/bin/../lib/gcc/arm-none-eabi/10.3.1/../../../../arm-none-eabi/lib/thumb/v6-m/nofp\libg.a(lib_a-freer.o)
                0x1000a10c                _free_r
 .text.iswspace
                0x1000a2d0        0xc c:/program files (x86)/gnu arm embedded toolchain/10 2021.10/bin/../lib/gcc/arm-none-eabi/10.3.1/../../../../arm-none-eabi/lib/thumb/v6-m/nofp\libg.a(lib_a-iswspace.o)
                0x1000a2d0                iswspace
 .text.iswspace_l
                0x1000a2dc       0x18 c:/program files (x86)/gnu arm embedded toolchain/10 2021.10/bin/../lib/gcc/arm-none-eabi/10.3.1/../../../../arm-none-eabi/lib/thumb/v6-m/nofp\libg.a(lib_a-iswspace_l.o)
                0x1000a2dc                iswspace_l
 .text.__locale_mb_cur_max
                0x1000a2f4       0x10 c:/program files (x86)/gnu arm embedded toolchain/10 2021.10/bin/../lib/gcc/arm-none-eabi/10.3.1/../../../../arm-none-eabi/lib/thumb/v6-m/nofp\libg.a(lib_a-locale.o)
                0x1000a2f4                __locale_mb_cur_max
 .text._localeconv_r
                0x1000a304        0x8 c:/program files (x86)/gnu arm embedded toolchain/10 2021.10/bin/../lib/gcc/arm-none-eabi/10.3.1/../../../../arm-none-eabi/lib/thumb/v6-m/nofp\libg.a(lib_a-localeconv.o)
                0x1000a304                _localeconv_r
 .text.__retarget_lock_acquire_recursive
                0x1000a30c        0x4 c:/program files (x86)/gnu arm embedded toolchain/10 2021.10/bin/../lib/gcc/arm-none-eabi/10.3.1/../../../../arm-none-eabi/lib/thumb/v6-m/nofp\libg.a(lib_a-lock.o)
                0x1000a30c                __retarget_lock_acquire_recursive
 .text.__retarget_lock_release_recursive
                0x1000a310        0x4 c:/program files (x86)/gnu arm embedded toolchain/10 2021.10/bin/../lib/gcc/arm-none-eabi/10.3.1/../../../../arm-none-eabi/lib/thumb/v6-m/nofp\libg.a(lib_a-lock.o)
                0x1000a310                __retarget_lock_release_recursive
 .text._mbrtowc_r
                0x1000a314       0x4c c:/program files (x86)/gnu arm embedded toolchain/10 2021.10/bin/../lib/gcc/arm-none-eabi/10.3.1/../../../../arm-none-eabi/lib/thumb/v6-m/nofp\libg.a(lib_a-mbrtowc.o)
                0x1000a314                _mbrtowc_r
 .text.__ascii_mbtowc
                0x1000a360       0x2c c:/program files (x86)/gnu arm embedded toolchain/10 2021.10/bin/../lib/gcc/arm-none-eabi/10.3.1/../../../../arm-none-eabi/lib/thumb/v6-m/nofp\libg.a(lib_a-mbtowc_r.o)
                0x1000a360                __ascii_mbtowc
 .text.memmove  0x1000a38c       0xac c:/program files (x86)/gnu arm embedded toolchain/10 2021.10/bin/../lib/gcc/arm-none-eabi/10.3.1/../../../../arm-none-eabi/lib/thumb/v6-m/nofp\libg.a(lib_a-memmove.o)
                0x1000a38c                memmove
 .text.__sccl   0x1000a438       0x80 c:/program files (x86)/gnu arm embedded toolchain/10 2021.10/bin/../lib/gcc/arm-none-eabi/10.3.1/../../../../arm-none-eabi/lib/thumb/v6-m/nofp\libg.a(lib_a-sccl.o)
                0x1000a438                __sccl
 .text.nanf     0x1000a4b8        0x8 c:/program files (x86)/gnu arm embedded toolchain/10 2021.10/bin/../lib/gcc/arm-none-eabi/10.3.1/../../../../arm-none-eabi/lib/thumb/v6-m/nofp\libg.a(lib_a-sf_nan.o)
                0x1000a4b8                nanf
 .text.strncmp  0x1000a4c0       0x74 c:/program files (x86)/gnu arm embedded toolchain/10 2021.10/bin/../lib/gcc/arm-none-eabi/10.3.1/../../../../arm-none-eabi/lib/thumb/v6-m/nofp\libg.a(lib_a-strncmp.o)
                0x1000a4c0                strncmp
 .text._strtod_l
                0x1000a534      0xf78 c:/program files (x86)/gnu arm embedded toolchain/10 2021.10/bin/../lib/gcc/arm-none-eabi/10.3.1/../../../../arm-none-eabi/lib/thumb/v6-m/nofp\libg.a(lib_a-strtod.o)
                0x1000a534                _strtod_l
 .text._strtod_r
                0x1000b4ac       0x10 c:/program files (x86)/gnu arm embedded toolchain/10 2021.10/bin/../lib/gcc/arm-none-eabi/10.3.1/../../../../arm-none-eabi/lib/thumb/v6-m/nofp\libg.a(lib_a-strtod.o)
                0x1000b4ac                _strtod_r
 .text._strtol_l.part.0
                0x1000b4bc      0x144 c:/program files (x86)/gnu arm embedded toolchain/10 2021.10/bin/../lib/gcc/arm-none-eabi/10.3.1/../../../../arm-none-eabi/lib/thumb/v6-m/nofp\libg.a(lib_a-strtol.o)
 .text._strtol_r
                0x1000b600       0x1c c:/program files (x86)/gnu arm embedded toolchain/10 2021.10/bin/../lib/gcc/arm-none-eabi/10.3.1/../../../../arm-none-eabi/lib/thumb/v6-m/nofp\libg.a(lib_a-strtol.o)
                0x1000b600                _strtol_r
 .text._strtoll_l.constprop.0
                0x1000b61c      0x198 c:/program files (x86)/gnu arm embedded toolchain/10 2021.10/bin/../lib/gcc/arm-none-eabi/10.3.1/../../../../arm-none-eabi/lib/thumb/v6-m/nofp\libg.a(lib_a-strtoll.o)
 .text._strtoll_r
                0x1000b7b4        0x8 c:/program files (x86)/gnu arm embedded toolchain/10 2021.10/bin/../lib/gcc/arm-none-eabi/10.3.1/../../../../arm-none-eabi/lib/thumb/v6-m/nofp\libg.a(lib_a-strtoll.o)
                0x1000b7b4                _strtoll_r
 .text._strtoull_l.constprop.0
                0x1000b7bc      0x1bc c:/program files (x86)/gnu arm embedded toolchain/10 2021.10/bin/../lib/gcc/arm-none-eabi/10.3.1/../../../../arm-none-eabi/lib/thumb/v6-m/nofp\libg.a(lib_a-strtoull.o)
 .text._strtoull_r
                0x1000b978        0x8 c:/program files (x86)/gnu arm embedded toolchain/10 2021.10/bin/../lib/gcc/arm-none-eabi/10.3.1/../../../../arm-none-eabi/lib/thumb/v6-m/nofp\libg.a(lib_a-strtoull.o)
                0x1000b978                _strtoull_r
 .text._sungetc_r
                0x1000b980       0x84 c:/program files (x86)/gnu arm embedded toolchain/10 2021.10/bin/../lib/gcc/arm-none-eabi/10.3.1/../../../../arm-none-eabi/lib/thumb/v6-m/nofp\libg.a(lib_a-svfiscanf.o)
                0x1000b980                _sungetc_r
 .text.__ssrefill_r
                0x1000ba04       0x40 c:/program files (x86)/gnu arm embedded toolchain/10 2021.10/bin/../lib/gcc/arm-none-eabi/10.3.1/../../../../arm-none-eabi/lib/thumb/v6-m/nofp\libg.a(lib_a-svfiscanf.o)
                0x1000ba04                __ssrefill_r
 .text._sfread_r
                0x1000ba44       0xc4 c:/program files (x86)/gnu arm embedded toolchain/10 2021.10/bin/../lib/gcc/arm-none-eabi/10.3.1/../../../../arm-none-eabi/lib/thumb/v6-m/nofp\libg.a(lib_a-svfiscanf.o)
                0x1000ba44                _sfread_r
 .text.__submore
                0x1000bb08       0x84 c:/program files (x86)/gnu arm embedded toolchain/10 2021.10/bin/../lib/gcc/arm-none-eabi/10.3.1/../../../../arm-none-eabi/lib/thumb/v6-m/nofp\libg.a(lib_a-ungetc.o)
                0x1000bb08                __submore
 .text.__ascii_wctomb
                0x1000bb8c       0x1c c:/program files (x86)/gnu arm embedded toolchain/10 2021.10/bin/../lib/gcc/arm-none-eabi/10.3.1/../../../../arm-none-eabi/lib/thumb/v6-m/nofp\libg.a(lib_a-wctomb_r.o)
                0x1000bb8c                __ascii_wctomb
 .text.rshift   0x1000bba8       0xa4 c:/program files (x86)/gnu arm embedded toolchain/10 2021.10/bin/../lib/gcc/arm-none-eabi/10.3.1/../../../../arm-none-eabi/lib/thumb/v6-m/nofp\libg.a(lib_a-gdtoa-gethex.o)
 .text.__gethex
                0x1000bc4c      0x5cc c:/program files (x86)/gnu arm embedded toolchain/10 2021.10/bin/../lib/gcc/arm-none-eabi/10.3.1/../../../../arm-none-eabi/lib/thumb/v6-m/nofp\libg.a(lib_a-gdtoa-gethex.o)
                0x1000bc4c                __gethex
 .text.__match  0x1000c218       0x2c c:/program files (x86)/gnu arm embedded toolchain/10 2021.10/bin/../lib/gcc/arm-none-eabi/10.3.1/../../../../arm-none-eabi/lib/thumb/v6-m/nofp\libg.a(lib_a-gdtoa-hexnan.o)
                0x1000c218                __match
 .text.__hexnan
                0x1000c244      0x1d0 c:/program files (x86)/gnu arm embedded toolchain/10 2021.10/bin/../lib/gcc/arm-none-eabi/10.3.1/../../../../arm-none-eabi/lib/thumb/v6-m/nofp\libg.a(lib_a-gdtoa-hexnan.o)
                0x1000c244                __hexnan
 .text._Balloc  0x1000c414       0x50 c:/program files (x86)/gnu arm embedded toolchain/10 2021.10/bin/../lib/gcc/arm-none-eabi/10.3.1/../../../../arm-none-eabi/lib/thumb/v6-m/nofp\libg.a(lib_a-mprec.o)
                0x1000c414                _Balloc
 .text._Bfree   0x1000c464       0x14 c:/program files (x86)/gnu arm embedded toolchain/10 2021.10/bin/../lib/gcc/arm-none-eabi/10.3.1/../../../../arm-none-eabi/lib/thumb/v6-m/nofp\libg.a(lib_a-mprec.o)
                0x1000c464                _Bfree
 .text.__multadd
                0x1000c478       0xa8 c:/program files (x86)/gnu arm embedded toolchain/10 2021.10/bin/../lib/gcc/arm-none-eabi/10.3.1/../../../../arm-none-eabi/lib/thumb/v6-m/nofp\libg.a(lib_a-mprec.o)
                0x1000c478                __multadd
 .text.__s2b    0x1000c520       0xb0 c:/program files (x86)/gnu arm embedded toolchain/10 2021.10/bin/../lib/gcc/arm-none-eabi/10.3.1/../../../../arm-none-eabi/lib/thumb/v6-m/nofp\libg.a(lib_a-mprec.o)
                0x1000c520                __s2b
 .text.__hi0bits
                0x1000c5d0       0x38 c:/program files (x86)/gnu arm embedded toolchain/10 2021.10/bin/../lib/gcc/arm-none-eabi/10.3.1/../../../../arm-none-eabi/lib/thumb/v6-m/nofp\libg.a(lib_a-mprec.o)
                0x1000c5d0                __hi0bits
 .text.__lo0bits
                0x1000c608       0x5c c:/program files (x86)/gnu arm embedded toolchain/10 2021.10/bin/../lib/gcc/arm-none-eabi/10.3.1/../../../../arm-none-eabi/lib/thumb/v6-m/nofp\libg.a(lib_a-mprec.o)
                0x1000c608                __lo0bits
 .text.__i2b    0x1000c664       0x60 c:/program files (x86)/gnu arm embedded toolchain/10 2021.10/bin/../lib/gcc/arm-none-eabi/10.3.1/../../../../arm-none-eabi/lib/thumb/v6-m/nofp\libg.a(lib_a-mprec.o)
                0x1000c664                __i2b
 .text.__multiply
                0x1000c6c4      0x1a4 c:/program files (x86)/gnu arm embedded toolchain/10 2021.10/bin/../lib/gcc/arm-none-eabi/10.3.1/../../../../arm-none-eabi/lib/thumb/v6-m/nofp\libg.a(lib_a-mprec.o)
                0x1000c6c4                __multiply
 .text.__pow5mult
                0x1000c868       0xd8 c:/program files (x86)/gnu arm embedded toolchain/10 2021.10/bin/../lib/gcc/arm-none-eabi/10.3.1/../../../../arm-none-eabi/lib/thumb/v6-m/nofp\libg.a(lib_a-mprec.o)
                0x1000c868                __pow5mult
 .text.__lshift
                0x1000c940       0xfc c:/program files (x86)/gnu arm embedded toolchain/10 2021.10/bin/../lib/gcc/arm-none-eabi/10.3.1/../../../../arm-none-eabi/lib/thumb/v6-m/nofp\libg.a(lib_a-mprec.o)
                0x1000c940                __lshift
 .text.__mcmp   0x1000ca3c       0x34 c:/program files (x86)/gnu arm embedded toolchain/10 2021.10/bin/../lib/gcc/arm-none-eabi/10.3.1/../../../../arm-none-eabi/lib/thumb/v6-m/nofp\libg.a(lib_a-mprec.o)
                0x1000ca3c                __mcmp
 .text.__mdiff  0x1000ca70      0x18c c:/program files (x86)/gnu arm embedded toolchain/10 2021.10/bin/../lib/gcc/arm-none-eabi/10.3.1/../../../../arm-none-eabi/lib/thumb/v6-m/nofp\libg.a(lib_a-mprec.o)
                0x1000ca70                __mdiff
 .text.__ulp    0x1000cbfc       0x48 c:/program files (x86)/gnu arm embedded toolchain/10 2021.10/bin/../lib/gcc/arm-none-eabi/10.3.1/../../../../arm-none-eabi/lib/thumb/v6-m/nofp\libg.a(lib_a-mprec.o)
                0x1000cbfc                __ulp
 .text.__b2d    0x1000cc44       0xc8 c:/program files (x86)/gnu arm embedded toolchain/10 2021.10/bin/../lib/gcc/arm-none-eabi/10.3.1/../../../../arm-none-eabi/lib/thumb/v6-m/nofp\libg.a(lib_a-mprec.o)
                0x1000cc44                __b2d
 .text.__d2b    0x1000cd0c       0xd8 c:/program files (x86)/gnu arm embedded toolchain/10 2021.10/bin/../lib/gcc/arm-none-eabi/10.3.1/../../../../arm-none-eabi/lib/thumb/v6-m/nofp\libg.a(lib_a-mprec.o)
                0x1000cd0c                __d2b
 .text.__ratio  0x1000cde4       0x68 c:/program files (x86)/gnu arm embedded toolchain/10 2021.10/bin/../lib/gcc/arm-none-eabi/10.3.1/../../../../arm-none-eabi/lib/thumb/v6-m/nofp\libg.a(lib_a-mprec.o)
                0x1000cde4                __ratio
 .text.__copybits
                0x1000ce4c       0x40 c:/program files (x86)/gnu arm embedded toolchain/10 2021.10/bin/../lib/gcc/arm-none-eabi/10.3.1/../../../../arm-none-eabi/lib/thumb/v6-m/nofp\libg.a(lib_a-mprec.o)
                0x1000ce4c                __copybits
 .text.__any_on
                0x1000ce8c       0x50 c:/program files (x86)/gnu arm embedded toolchain/10 2021.10/bin/../lib/gcc/arm-none-eabi/10.3.1/../../../../arm-none-eabi/lib/thumb/v6-m/nofp\libg.a(lib_a-mprec.o)
                0x1000ce8c                __any_on
 .text.nan      0x1000cedc        0xc c:/program files (x86)/gnu arm embedded toolchain/10 2021.10/bin/../lib/gcc/arm-none-eabi/10.3.1/../../../../arm-none-eabi/lib/thumb/v6-m/nofp\libg.a(lib_a-s_nan.o)
                0x1000cedc                nan
 *(.fini)
 .fini          0x1000cee8        0x4 c:/program files (x86)/gnu arm embedded toolchain/10 2021.10/bin/../lib/gcc/arm-none-eabi/10.3.1/thumb/v6-m/nofp/crti.o
                0x1000cee8                _fini
 *fill*         0x1000ceec        0x4 
 .fini.__stub   0x1000cef0       0xf0 linker stubs
 *crtbegin.o(.ctors)
 *crtbegin?.o(.ctors)
 *(EXCLUDE_FILE(*crtend.o *crtend?.o) .ctors)
 *(SORT_BY_NAME(.ctors.*))
 *(.ctors)
 *crtbegin.o(.dtors)
 *crtbegin?.o(.dtors)
 *(EXCLUDE_FILE(*crtend.o *crtend?.o) .dtors)
 *(SORT_BY_NAME(.dtors.*))
 *(.dtors)
                0x1000cfe0                . = ALIGN (0x4)
                0x1000cfe0                PROVIDE (__preinit_array_start = .)
 *(SORT_BY_NAME(.preinit_array.*))
 .preinit_array.00100
                0x1000cfe0        0x4 CMakeFiles/05_display.dir/C_/Users/kopcapuk/Repositories/pico/pico-sdk/src/rp2_common/pico_runtime_init/runtime_init.c.obj
                0x1000cfe0                __pre_init_runtime_init_early_resets
 .preinit_array.00101
                0x1000cfe4        0x4 CMakeFiles/05_display.dir/C_/Users/kopcapuk/Repositories/pico/pico-sdk/src/rp2_common/pico_runtime_init/runtime_init.c.obj
                0x1000cfe4                __pre_init_runtime_init_usb_power_down
 .preinit_array.00275
                0x1000cfe8        0x4 CMakeFiles/05_display.dir/C_/Users/kopcapuk/Repositories/pico/pico-sdk/src/rp2_common/pico_bit_ops/bit_ops_aeabi.S.obj
 .preinit_array.00300
                0x1000cfec        0x4 CMakeFiles/05_display.dir/C_/Users/kopcapuk/Repositories/pico/pico-sdk/src/rp2_common/pico_mem_ops/mem_ops_aeabi.S.obj
 .preinit_array.00350
                0x1000cff0        0x4 CMakeFiles/05_display.dir/C_/Users/kopcapuk/Repositories/pico/pico-sdk/src/rp2_common/pico_double/double_aeabi_rp2040.S.obj
 .preinit_array.00350
                0x1000cff4        0x4 CMakeFiles/05_display.dir/C_/Users/kopcapuk/Repositories/pico/pico-sdk/src/rp2_common/pico_float/float_aeabi_rp2040.S.obj
 .preinit_array.00500
                0x1000cff8        0x4 CMakeFiles/05_display.dir/C_/Users/kopcapuk/Repositories/pico/pico-sdk/src/rp2_common/pico_runtime_init/runtime_init.c.obj
                0x1000cff8                __pre_init_runtime_init_clocks
 .preinit_array.00600
                0x1000cffc        0x4 CMakeFiles/05_display.dir/C_/Users/kopcapuk/Repositories/pico/pico-sdk/src/rp2_common/pico_runtime_init/runtime_init.c.obj
                0x1000cffc                __pre_init_runtime_init_post_clock_resets
 .preinit_array.00700
                0x1000d000        0x4 CMakeFiles/05_display.dir/C_/Users/kopcapuk/Repositories/pico/pico-sdk/src/rp2_common/pico_runtime_init/runtime_init.c.obj
                0x1000d000                __pre_init_runtime_init_rp2040_gpio_ie_disable
 .preinit_array.01000
                0x1000d004        0x4 CMakeFiles/05_display.dir/C_/Users/kopcapuk/Repositories/pico/pico-sdk/src/rp2_common/pico_runtime_init/runtime_init.c.obj
                0x1000d004                __pre_init_runtime_init_spin_locks_reset
 .preinit_array.01100
                0x1000d008        0x4 CMakeFiles/05_display.dir/C_/Users/kopcapuk/Repositories/pico/pico-sdk/src/common/pico_sync/mutex.c.obj
                0x1000d008                __pre_init_runtime_init_mutex
 .preinit_array.10080
                0x1000d00c        0x4 CMakeFiles/05_display.dir/C_/Users/kopcapuk/Repositories/pico/pico-sdk/src/rp2_common/pico_runtime_init/runtime_init.c.obj
                0x1000d00c                __pre_init_runtime_init_install_ram_vector_table
 .preinit_array.11000
                0x1000d010        0x4 CMakeFiles/05_display.dir/C_/Users/kopcapuk/Repositories/pico/pico-sdk/src/common/pico_time/time.c.obj
                0x1000d010                __pre_init_runtime_init_default_alarm_pool
 .preinit_array.YYYYY
                0x1000d014        0x4 CMakeFiles/05_display.dir/C_/Users/kopcapuk/Repositories/pico/pico-sdk/src/rp2_common/pico_runtime/runtime.c.obj
                0x1000d014                __pre_init_first_per_core_initializer
 .preinit_array.ZZZZZ.01200
                0x1000d018        0x4 CMakeFiles/05_display.dir/C_/Users/kopcapuk/Repositories/pico/pico-sdk/src/rp2_common/hardware_irq/irq.c.obj
                0x1000d018                __pre_init_runtime_init_per_core_irq_priorities
 *(.preinit_array)
                0x1000d01c                PROVIDE (__preinit_array_end = .)
                0x1000d01c                . = ALIGN (0x4)
                0x1000d01c                PROVIDE (__init_array_start = .)
 *(SORT_BY_NAME(.init_array.*))
 .init_array.01000
                0x1000d01c        0x4 CMakeFiles/05_display.dir/C_/Users/kopcapuk/Repositories/pico/pico-sdk/src/rp2_common/pico_unique_id/unique_id.c.obj
 *(.init_array)
 .init_array    0x1000d020        0x4 c:/program files (x86)/gnu arm embedded toolchain/10 2021.10/bin/../lib/gcc/arm-none-eabi/10.3.1/thumb/v6-m/nofp/crtbegin.o
                0x1000d024                PROVIDE (__init_array_end = .)
                0x1000d024                . = ALIGN (0x4)
                [!provide]                PROVIDE (__fini_array_start = .)
 *(SORT_BY_NAME(.fini_array.*))
 *(.fini_array)
                [!provide]                PROVIDE (__fini_array_end = .)
 *(.eh_frame*)
 .eh_frame      0x1000d024        0x0 c:/program files (x86)/gnu arm embedded toolchain/10 2021.10/bin/../lib/gcc/arm-none-eabi/10.3.1/thumb/v6-m/nofp/crtbegin.o
                0x1000d024                . = ALIGN (0x4)

.glue_7         0x1000d024        0x0
 .glue_7        0x1000d024        0x0 linker stubs

.glue_7t        0x1000d024        0x0
 .glue_7t       0x1000d024        0x0 linker stubs

.vfp11_veneer   0x1000d024        0x0
 .vfp11_veneer  0x1000d024        0x0 linker stubs

.v4_bx          0x1000d024        0x0
 .v4_bx         0x1000d024        0x0 linker stubs

.iplt           0x1000d024        0x0
 .iplt          0x1000d024        0x0 c:/program files (x86)/gnu arm embedded toolchain/10 2021.10/bin/../lib/gcc/arm-none-eabi/10.3.1/thumb/v6-m/nofp/crtbegin.o

.rodata         0x1000d028     0x23fc
 *(EXCLUDE_FILE(*libm.a: *libc.a:*lib_a-mem*.o *libgcc.a:) .rodata*)
 .rodata.version_callback.str1.4
                0x1000d028       0x41 CMakeFiles/05_display.dir/main.c.obj
 *fill*         0x1000d069        0x3 
 .rodata.help_callback.str1.4
                0x1000d06c       0x22 CMakeFiles/05_display.dir/main.c.obj
 *fill*         0x1000d08e        0x2 
 .rodata.led_blink_set_period_ms_callback.str1.4
                0x1000d090       0x1d CMakeFiles/05_display.dir/main.c.obj
 *fill*         0x1000d0ad        0x3 
 .rodata.disp_screen_callback.str1.4
                0x1000d0b0       0x3b CMakeFiles/05_display.dir/main.c.obj
                                 0x3f (size before relaxing)
 *fill*         0x1000d0eb        0x1 
 .rodata.disp_px_callback.str1.4
                0x1000d0ec       0xc1 CMakeFiles/05_display.dir/main.c.obj
 *fill*         0x1000d1ad        0x3 
 .rodata.disp_line_callback.str1.4
                0x1000d1b0       0xa4 CMakeFiles/05_display.dir/main.c.obj
 .rodata.disp_rect_callback.str1.4
                0x1000d254       0xa2 CMakeFiles/05_display.dir/main.c.obj
 *fill*         0x1000d2f6        0x2 
 .rodata.disp_frect_callback.str1.4
                0x1000d2f8       0x7d CMakeFiles/05_display.dir/main.c.obj
 *fill*         0x1000d375        0x3 
 .rodata.disp_text_callback.str1.4
                0x1000d378      0x175 CMakeFiles/05_display.dir/main.c.obj
 *fill*         0x1000d4ed        0x3 
 .rodata.mem_callback.str1.4
                0x1000d4f0       0x20 CMakeFiles/05_display.dir/main.c.obj
 .rodata.wmem_callback.str1.4
                0x1000d510       0x2a CMakeFiles/05_display.dir/main.c.obj
 *fill*         0x1000d53a        0x2 
 .rodata.main.str1.4
                0x1000d53c       0x55 CMakeFiles/05_display.dir/main.c.obj
 *fill*         0x1000d591        0x3 
 .rodata.str1.4
                0x1000d594      0x28c CMakeFiles/05_display.dir/main.c.obj
 .rodata.stdio_task_handle.str1.4
                0x1000d820       0x17 CMakeFiles/05_display.dir/stdio-task/stdio-task.c.obj
 *fill*         0x1000d837        0x1 
 .rodata.protocol_task_handle.str1.4
                0x1000d838       0x39 CMakeFiles/05_display.dir/protocol-task/protocol-task.c.obj
                                 0x3d (size before relaxing)
 *fill*         0x1000d871        0x3 
 .rodata.mem.str1.4
                0x1000d874       0x16 CMakeFiles/05_display.dir/mem-wmem-task/mem-wmem-task.c.obj
 *fill*         0x1000d88a        0x2 
 .rodata.wmem.str1.4
                0x1000d88c       0x1d CMakeFiles/05_display.dir/mem-wmem-task/mem-wmem-task.c.obj
 *fill*         0x1000d8a9        0x3 
 .rodata.panic.str1.4